Component: ARM Compiler 5.06 update 6 (build 750) Tool: armlink [4d35ed]

==============================================================================

Section Cross References

    startup_stm32f407xx.o(RESET) refers to startup_stm32f407xx.o(STACK) for __initial_sp
    startup_stm32f407xx.o(RESET) refers to startup_stm32f407xx.o(.text) for Reset_Handler
    startup_stm32f407xx.o(RESET) refers to stm32f4xx_it.o(i.NMI_Handler) for NMI_Handler
    startup_stm32f407xx.o(RESET) refers to stm32f4xx_it.o(i.HardFault_Handler) for HardFault_Handler
    startup_stm32f407xx.o(RESET) refers to stm32f4xx_it.o(i.MemManage_Handler) for MemManage_Handler
    startup_stm32f407xx.o(RESET) refers to stm32f4xx_it.o(i.BusFault_Handler) for BusFault_Handler
    startup_stm32f407xx.o(RESET) refers to stm32f4xx_it.o(i.UsageFault_Handler) for UsageFault_Handler
    startup_stm32f407xx.o(RESET) refers to stm32f4xx_it.o(i.SVC_Handler) for SVC_Handler
    startup_stm32f407xx.o(RESET) refers to stm32f4xx_it.o(i.DebugMon_Handler) for DebugMon_Handler
    startup_stm32f407xx.o(RESET) refers to stm32f4xx_it.o(i.PendSV_Handler) for PendSV_Handler
    startup_stm32f407xx.o(RESET) refers to stm32f4xx_it.o(i.SysTick_Handler) for SysTick_Handler
    startup_stm32f407xx.o(RESET) refers to stm32f4xx_it.o(i.DMA1_Stream1_IRQHandler) for DMA1_Stream1_IRQHandler
    startup_stm32f407xx.o(RESET) refers to stm32f4xx_it.o(i.DMA1_Stream3_IRQHandler) for DMA1_Stream3_IRQHandler
    startup_stm32f407xx.o(RESET) refers to usmart_port.o(i.TIM4_IRQHandler) for TIM4_IRQHandler
    startup_stm32f407xx.o(RESET) refers to stm32f4xx_it.o(i.USART1_IRQHandler) for USART1_IRQHandler
    startup_stm32f407xx.o(RESET) refers to stm32f4xx_it.o(i.USART3_IRQHandler) for USART3_IRQHandler
    startup_stm32f407xx.o(RESET) refers to stm32f4xx_it.o(i.TIM8_BRK_TIM12_IRQHandler) for TIM8_BRK_TIM12_IRQHandler
    startup_stm32f407xx.o(RESET) refers to stm32f4xx_it.o(i.SDIO_IRQHandler) for SDIO_IRQHandler
    startup_stm32f407xx.o(.text) refers to system_stm32f4xx.o(i.SystemInit) for SystemInit
    startup_stm32f407xx.o(.text) refers to entry.o(.ARM.Collect$$$$00000000) for __main
    led.o(i.all_leds_off) refers to led.o(i.led1_off) for led1_off
    led.o(i.all_leds_off) refers to led.o(i.led2_off) for led2_off
    led.o(i.all_leds_off) refers to led.o(i.led3_off) for led3_off
    led.o(i.all_leds_on) refers to led.o(i.led1_on) for led1_on
    led.o(i.all_leds_on) refers to led.o(i.led2_on) for led2_on
    led.o(i.all_leds_on) refers to led.o(i.led3_on) for led3_on
    led.o(i.all_leds_toggle) refers to led.o(i.led1_toggle) for led1_toggle
    led.o(i.all_leds_toggle) refers to led.o(i.led2_toggle) for led2_toggle
    led.o(i.all_leds_toggle) refers to led.o(i.led3_toggle) for led3_toggle
    led.o(i.led1_off) refers to stm32f4xx_hal_gpio.o(i.HAL_GPIO_WritePin) for HAL_GPIO_WritePin
    led.o(i.led1_on) refers to stm32f4xx_hal_gpio.o(i.HAL_GPIO_WritePin) for HAL_GPIO_WritePin
    led.o(i.led1_toggle) refers to stm32f4xx_hal_gpio.o(i.HAL_GPIO_TogglePin) for HAL_GPIO_TogglePin
    led.o(i.led2_off) refers to stm32f4xx_hal_gpio.o(i.HAL_GPIO_WritePin) for HAL_GPIO_WritePin
    led.o(i.led2_on) refers to stm32f4xx_hal_gpio.o(i.HAL_GPIO_WritePin) for HAL_GPIO_WritePin
    led.o(i.led2_toggle) refers to stm32f4xx_hal_gpio.o(i.HAL_GPIO_TogglePin) for HAL_GPIO_TogglePin
    led.o(i.led3_off) refers to stm32f4xx_hal_gpio.o(i.HAL_GPIO_WritePin) for HAL_GPIO_WritePin
    led.o(i.led3_on) refers to stm32f4xx_hal_gpio.o(i.HAL_GPIO_WritePin) for HAL_GPIO_WritePin
    led.o(i.led3_toggle) refers to stm32f4xx_hal_gpio.o(i.HAL_GPIO_TogglePin) for HAL_GPIO_TogglePin
    led.o(i.led_off) refers to led.o(i.led1_off) for led1_off
    led.o(i.led_on) refers to led.o(i.led1_on) for led1_on
    led.o(i.led_toggle) refers to led.o(i.led1_toggle) for led1_toggle
    main.o(i.Before_Main) refers to printfa.o(i.__0printf) for __2printf
    main.o(i.Before_Main) refers to led.o(i.all_leds_off) for all_leds_off
    main.o(i.Before_Main) refers to delay.o(i.HAL_Delay) for HAL_Delay
    main.o(i.Before_Main) refers to led.o(i.led1_on) for led1_on
    main.o(i.Before_Main) refers to led.o(i.led1_off) for led1_off
    main.o(i.Before_Main) refers to led.o(i.led2_on) for led2_on
    main.o(i.Before_Main) refers to led.o(i.led2_off) for led2_off
    main.o(i.Before_Main) refers to led.o(i.led3_on) for led3_on
    main.o(i.Before_Main) refers to led.o(i.led3_off) for led3_off
    main.o(i.SystemClock_Config) refers to memseta.o(.text) for __aeabi_memclr4
    main.o(i.SystemClock_Config) refers to stm32f4xx_hal_rcc.o(i.HAL_RCC_OscConfig) for HAL_RCC_OscConfig
    main.o(i.SystemClock_Config) refers to stm32f4xx_hal_rcc.o(i.HAL_RCC_ClockConfig) for HAL_RCC_ClockConfig
    main.o(i.main) refers to stm32f4xx_hal.o(i.HAL_Init) for HAL_Init
    main.o(i.main) refers to main.o(i.SystemClock_Config) for SystemClock_Config
    main.o(i.main) refers to gpio.o(i.MX_GPIO_Init) for MX_GPIO_Init
[...]
    HAL_SPI_Init                             0x08001f85   Thumb Code   188  stm32f4xx_hal_spi.o(i.HAL_SPI_Init)
    HAL_SPI_MspInit                          0x08002041   Thumb Code   146  spi.o(i.HAL_SPI_MspInit)
    HAL_SPI_Receive                          0x080020e9   Thumb Code   342  stm32f4xx_hal_spi.o(i.HAL_SPI_Receive)
    HAL_SPI_Transmit                         0x0800223f   Thumb Code   358  stm32f4xx_hal_spi.o(i.HAL_SPI_Transmit)
    HAL_SPI_TransmitReceive                  0x080023a5   Thumb Code   486  stm32f4xx_hal_spi.o(i.HAL_SPI_TransmitReceive)
    HAL_SYSTICK_Config                       0x0800258b   Thumb Code    40  stm32f4xx_hal_cortex.o(i.HAL_SYSTICK_Config)
    HAL_TIMEx_BreakCallback                  0x080025b3   Thumb Code     2  stm32f4xx_hal_tim_ex.o(i.HAL_TIMEx_BreakCallback)
    HAL_TIMEx_CommutCallback                 0x080025b5   Thumb Code     2  stm32f4xx_hal_tim_ex.o(i.HAL_TIMEx_CommutCallback)
    HAL_TIMEx_MasterConfigSynchronization    0x080025b9   Thumb Code   116  stm32f4xx_hal_tim_ex.o(i.HAL_TIMEx_MasterConfigSynchronization)
    HAL_TIM_Base_Init                        0x08002649   Thumb Code    90  stm32f4xx_hal_tim.o(i.HAL_TIM_Base_Init)
    HAL_TIM_Base_MspInit                     0x080026a5   Thumb Code    50  tim.o(i.HAL_TIM_Base_MspInit)
    HAL_TIM_Base_Start_IT                    0x080026e1   Thumb Code   100  stm32f4xx_hal_tim.o(i.HAL_TIM_Base_Start_IT)
    HAL_TIM_ConfigClockSource                0x08002761   Thumb Code   220  stm32f4xx_hal_tim.o(i.HAL_TIM_ConfigClockSource)
    HAL_TIM_IC_CaptureCallback               0x0800283d   Thumb Code     2  stm32f4xx_hal_tim.o(i.HAL_TIM_IC_CaptureCallback)
    HAL_TIM_IRQHandler                       0x0800283f   Thumb Code   304  stm32f4xx_hal_tim.o(i.HAL_TIM_IRQHandler)
    HAL_TIM_MspPostInit                      0x08002971   Thumb Code    68  tim.o(i.HAL_TIM_MspPostInit)
    HAL_TIM_OC_DelayElapsedCallback          0x080029bd   Thumb Code     2  stm32f4xx_hal_tim.o(i.HAL_TIM_OC_DelayElapsedCallback)
    HAL_TIM_PWM_ConfigChannel                0x080029bf   Thumb Code   204  stm32f4xx_hal_tim.o(i.HAL_TIM_PWM_ConfigChannel)
    HAL_TIM_PWM_Init                         0x08002a8b   Thumb Code    90  stm32f4xx_hal_tim.o(i.HAL_TIM_PWM_Init)
    HAL_TIM_PWM_MspInit                      0x08002ae5   Thumb Code    30  tim.o(i.HAL_TIM_PWM_MspInit)
    HAL_TIM_PWM_PulseFinishedCallback        0x08002b09   Thumb Code     2  stm32f4xx_hal_tim.o(i.HAL_TIM_PWM_PulseFinishedCallback)
    HAL_TIM_PeriodElapsedCallback            0x08002b0b   Thumb Code     2  task.o(i.HAL_TIM_PeriodElapsedCallback)
    HAL_TIM_TriggerCallback                  0x08002b0d   Thumb Code     2  stm32f4xx_hal_tim.o(i.HAL_TIM_TriggerCallback)
    HAL_UARTEx_RxEventCallback               0x08002b0f   Thumb Code     2  stm32f4xx_hal_uart.o(i.HAL_UARTEx_RxEventCallback)
    HAL_UART_ErrorCallback                   0x08002b11   Thumb Code     2  stm32f4xx_hal_uart.o(i.HAL_UART_ErrorCallback)
    HAL_UART_IRQHandler                      0x08002b15   Thumb Code   636  stm32f4xx_hal_uart.o(i.HAL_UART_IRQHandler)
    HAL_UART_Init                            0x08002d95   Thumb Code   100  stm32f4xx_hal_uart.o(i.HAL_UART_Init)
    HAL_UART_MspInit                         0x08002df9   Thumb Code   284  usart.o(i.HAL_UART_MspInit)
    HAL_UART_Receive_IT                      0x08002f31   Thumb Code    28  stm32f4xx_hal_uart.o(i.HAL_UART_Receive_IT)
    HAL_UART_RxCpltCallback                  0x08002f4d   Thumb Code    14  usart.o(i.HAL_UART_RxCpltCallback)
    HAL_UART_TxCpltCallback                  0x08002f61   Thumb Code     2  stm32f4xx_hal_uart.o(i.HAL_UART_TxCpltCallback)
    HardFault_Handler                        0x08002f63   Thumb Code     2  stm32f4xx_it.o(i.HardFault_Handler)
    Info_Enter                               0x08002f65   Thumb Code    80  my_menu.o(i.Info_Enter)
    LED1_Toggle_Handler                      0x08002fe9   Thumb Code    16  my_menu.o(i.LED1_Toggle_Handler)
    LED2_Toggle_Handler                      0x08002ff9   Thumb Code    16  my_menu.o(i.LED2_Toggle_Handler)
    LED3_Toggle_Handler                      0x08003009   Thumb Code    16  my_menu.o(i.LED3_Toggle_Handler)
    LED_Menu_Enter                           0x08003019   Thumb Code    18  my_menu.o(i.LED_Menu_Enter)
    Lcd_MenuTask                             0x08003035   Thumb Code    16  my_menu.o(i.Lcd_MenuTask)
    MX_DMA_Init                              0x08003045   Thumb Code    56  dma.o(i.MX_DMA_Init)
    MX_FATFS_Init                            0x08003081   Thumb Code    18  fatfs.o(i.MX_FATFS_Init)
    MX_GPIO_Init                             0x0800309d   Thumb Code   238  gpio.o(i.MX_GPIO_Init)
    MX_SDIO_SD_Init                          0x080031a1   Thumb Code    22  sdio.o(i.MX_SDIO_SD_Init)
    MX_SPI1_Init                             0x080031c1   Thumb Code    68  spi.o(i.MX_SPI1_Init)
    MX_SPI2_Init                             0x0800320d   Thumb Code    62  spi.o(i.MX_SPI2_Init)
    MX_TIM12_Init                            0x08003255   Thumb Code    70  tim.o(i.MX_TIM12_Init)
    MX_TIM2_Init                             0x080032a5   Thumb Code   102  tim.o(i.MX_TIM2_Init)
    MX_USART1_UART_Init                      0x08003311   Thumb Code    48  usart.o(i.MX_USART1_UART_Init)
    MX_USART3_UART_Init                      0x08003349   Thumb Code    48  usart.o(i.MX_USART3_UART_Init)
    MainMenu_Enter                           0x08003381   Thumb Code    18  my_menu.o(i.MainMenu_Enter)
    MemManage_Handler                        0x0800339d   Thumb Code     2  stm32f4xx_it.o(i.MemManage_Handler)
    Menu_Init                                0x080033a1   Thumb Code    34  my_menu.o(i.Menu_Init)
    NMI_Handler                              0x080033cd   Thumb Code     2  stm32f4xx_it.o(i.NMI_Handler)
    PendSV_Handler                           0x080033f1   Thumb Code     2  stm32f4xx_it.o(i.PendSV_Handler)
    SDIO_ConfigData                          0x080033f3   Thumb Code    36  stm32f4xx_ll_sdmmc.o(i.SDIO_ConfigData)
    SDIO_GetPowerState                       0x08003417   Thumb Code     8  stm32f4xx_ll_sdmmc.o(i.SDIO_GetPowerState)
    SDIO_GetResponse                         0x0800341f   Thumb Code     6  stm32f4xx_ll_sdmmc.o(i.SDIO_GetResponse)
    SDIO_IRQHandler                          0x08003425   Thumb Code     6  stm32f4xx_it.o(i.SDIO_IRQHandler)
    SDIO_Init                                0x08003431   Thumb Code    36  stm32f4xx_ll_sdmmc.o(i.SDIO_Init)
    SDIO_PowerState_ON                       0x08003455   Thumb Code     8  stm32f4xx_ll_sdmmc.o(i.SDIO_PowerState_ON)
    SDIO_ReadFIFO                            0x0800345d   Thumb Code     6  stm32f4xx_ll_sdmmc.o(i.SDIO_ReadFIFO)
    SDIO_SendCommand                         0x08003463   Thumb Code    32  stm32f4xx_ll_sdmmc.o(i.SDIO_SendCommand)
    SDIO_WriteFIFO                           0x08003483   Thumb Code    10  stm32f4xx_ll_sdmmc.o(i.SDIO_WriteFIFO)
    SDMMC_CmdAppCommand                      0x0800348d   Thumb Code    48  stm32f4xx_ll_sdmmc.o(i.SDMMC_CmdAppCommand)
    SDMMC_CmdAppOperCommand                  0x080034bd   Thumb Code    46  stm32f4xx_ll_sdmmc.o(i.SDMMC_CmdAppOperCommand)
    SDMMC_CmdBlockLength                     0x080034f1   Thumb Code    48  stm32f4xx_ll_sdmmc.o(i.SDMMC_CmdBlockLength)
    SDMMC_CmdGoIdleState                     0x08003521   Thumb Code    74  stm32f4xx_ll_sdmmc.o(i.SDMMC_CmdGoIdleState)
    SDMMC_CmdOperCond                        0x08003571   Thumb Code    46  stm32f4xx_ll_sdmmc.o(i.SDMMC_CmdOperCond)
    SDMMC_CmdReadMultiBlock                  0x0800359f   Thumb Code    48  stm32f4xx_ll_sdmmc.o(i.SDMMC_CmdReadMultiBlock)
    SDMMC_CmdReadSingleBlock                 0x080035cf   Thumb Code    48  stm32f4xx_ll_sdmmc.o(i.SDMMC_CmdReadSingleBlock)
    SDMMC_CmdSelDesel                        0x080035ff   Thumb Code    50  stm32f4xx_ll_sdmmc.o(i.SDMMC_CmdSelDesel)
    SDMMC_CmdSendCID                         0x08003631   Thumb Code    42  stm32f4xx_ll_sdmmc.o(i.SDMMC_CmdSendCID)
    SDMMC_CmdSendCSD                         0x0800365b   Thumb Code    44  stm32f4xx_ll_sdmmc.o(i.SDMMC_CmdSendCSD)
    SDMMC_CmdSendStatus                      0x08003687   Thumb Code    48  stm32f4xx_ll_sdmmc.o(i.SDMMC_CmdSendStatus)
    SDMMC_CmdSetRelAdd                       0x080036b7   Thumb Code    48  stm32f4xx_ll_sdmmc.o(i.SDMMC_CmdSetRelAdd)
    SDMMC_CmdStopTransfer                    0x080036e9   Thumb Code    46  stm32f4xx_ll_sdmmc.o(i.SDMMC_CmdStopTransfer)
    SDMMC_CmdWriteMultiBlock                 0x0800371d   Thumb Code    48  stm32f4xx_ll_sdmmc.o(i.SDMMC_CmdWriteMultiBlock)
    SDMMC_CmdWriteSingleBlock                0x0800374d   Thumb Code    48  stm32f4xx_ll_sdmmc.o(i.SDMMC_CmdWriteSingleBlock)
    SDMMC_GetCmdResp1                        0x0800377d   Thumb Code   278  stm32f4xx_ll_sdmmc.o(i.SDMMC_GetCmdResp1)
    SDMMC_GetCmdResp2                        0x0800389d   Thumb Code    76  stm32f4xx_ll_sdmmc.o(i.SDMMC_GetCmdResp2)
    SDMMC_GetCmdResp3                        0x080038ed   Thumb Code    62  stm32f4xx_ll_sdmmc.o(i.SDMMC_GetCmdResp3)
    SDMMC_GetCmdResp6                        0x08003931   Thumb Code   130  stm32f4xx_ll_sdmmc.o(i.SDMMC_GetCmdResp6)
    SDMMC_GetCmdResp7                        0x080039b9   Thumb Code    82  stm32f4xx_ll_sdmmc.o(i.SDMMC_GetCmdResp7)
    SD_initialize                            0x08003c55   Thumb Code    28  sd_diskio.o(i.SD_initialize)
    SD_ioctl                                 0x08003c75   Thumb Code    76  sd_diskio.o(i.SD_ioctl)
    SD_read                                  0x08003cc5   Thumb Code    36  sd_diskio.o(i.SD_read)
    SD_status                                0x08003ce9   Thumb Code     4  sd_diskio.o(i.SD_status)
    SD_write                                 0x08003ced   Thumb Code    36  sd_diskio.o(i.SD_write)
    SVC_Handler                              0x08003e95   Thumb Code     2  stm32f4xx_it.o(i.SVC_Handler)
    Settings_Enter                           0x08003e99   Thumb Code    18  my_menu.o(i.Settings_Enter)
    SysTick_Handler                          0x0800419d   Thumb Code     4  stm32f4xx_it.o(i.SysTick_Handler)
    SystemClock_Config                       0x080041a1   Thumb Code   140  main.o(i.SystemClock_Config)
    SystemInit                               0x08004235   Thumb Code    12  system_stm32f4xx.o(i.SystemInit)
    TIM4_IRQHandler                          0x08004245   Thumb Code    44  usmart_port.o(i.TIM4_IRQHandler)
    TIM8_BRK_TIM12_IRQHandler                0x08004279   Thumb Code     6  stm32f4xx_it.o(i.TIM8_BRK_TIM12_IRQHandler)
    TIM_Base_SetConfig                       0x08004285   Thumb Code   164  stm32f4xx_hal_tim.o(i.TIM_Base_SetConfig)
    TIM_ETR_SetConfig                        0x08004355   Thumb Code    20  stm32f4xx_hal_tim.o(i.TIM_ETR_SetConfig)
    TIM_OC2_SetConfig                        0x080043d9   Thumb Code    98  stm32f4xx_hal_tim.o(i.TIM_OC2_SetConfig)
    UART_Start_Receive_IT                    0x0800476d   Thumb Code    54  stm32f4xx_hal_uart.o(i.UART_Start_Receive_IT)
    USART1_IRQHandler                        0x080047a5   Thumb Code     6  stm32f4xx_it.o(i.USART1_IRQHandler)
    USART3_IRQHandler                        0x080047b1   Thumb Code     6  stm32f4xx_it.o(i.USART3_IRQHandler)
    USART_UX_Handler                         0x080047bd   Thumb Code    86  user_usart.o(i.USART_UX_Handler)
    UsageFault_Handler                       0x08004821   Thumb Code     2  stm32f4xx_it.o(i.UsageFault_Handler)
    __0printf                                0x08004825   Thumb Code    22  printfa.o(i.__0printf)
    __1printf                                0x08004825   Thumb Code     0  printfa.o(i.__0printf)
    __2printf                                0x08004825   Thumb Code     0  printfa.o(i.__0printf)
    __c89printf                              0x08004825   Thumb Code     0  printfa.o(i.__0printf)
    printf                                   0x08004825   Thumb Code     0  printfa.o(i.__0printf)
    __0vsnprintf                             0x08004845   Thumb Code    40  printfa.o(i.__0vsnprintf)
    __1vsnprintf                             0x08004845   Thumb Code     0  printfa.o(i.__0vsnprintf)
    __2vsnprintf                             0x08004845   Thumb Code     0  printfa.o(i.__0vsnprintf)
    __c89vsnprintf                           0x08004845   Thumb Code     0  printfa.o(i.__0vsnprintf)
    vsnprintf                                0x08004845   Thumb Code     0  printfa.o(i.__0vsnprintf)
    __scatterload_copy                       0x08004891   Thumb Code    14  handlers.o(i.__scatterload_copy)
    __scatterload_null                       0x0800489f   Thumb Code     2  handlers.o(i.__scatterload_null)
    __scatterload_zeroinit                   0x080048a1   Thumb Code    14  handlers.o(i.__scatterload_zeroinit)
    all_leds_off                             0x0800536d   Thumb Code    18  led.o(i.all_leds_off)
    all_leds_on                              0x0800537f   Thumb Code    18  led.o(i.all_leds_on)
    cotMenu_Bind                             0x08005391   Thumb Code    32  cot_menu.o(i.cotMenu_Bind)
    cotMenu_Exit                             0x080053b5   Thumb Code   110  cot_menu.o(i.cotMenu_Exit)
    cotMenu_Init                             0x08005429   Thumb Code    80  cot_menu.o(i.cotMenu_Init)
    cotMenu_LimitShowListNum                 0x08005481   Thumb Code    50  cot_menu.o(i.cotMenu_LimitShowListNum)
    cotMenu_MainEnter                        0x080054b5   Thumb Code    50  cot_menu.o(i.cotMenu_MainEnter)
    cotMenu_Task                             0x080054ed   Thumb Code   156  cot_menu.o(i.cotMenu_Task)
    delay_init                               0x0800558d   Thumb Code     6  delay.o(i.delay_init)
    delay_ms                                 0x08005599   Thumb Code    10  delay.o(i.delay_ms)
    delay_us                                 0x080055a5   Thumb Code    48  delay.o(i.delay_us)
    fputc                                    0x080055d9   Thumb Code    14  user_usart.o(i.fputc)
    free                                     0x080055ed   Thumb Code    76  malloc.o(i.free)
    initialize_and_test_LittleFS             0x08005901   Thumb Code    30  lfs_port.o(i.initialize_and_test_LittleFS)
    lcd_clear                                0x08005925   Thumb Code    30  lcd_core.o(i.lcd_clear)
    lcd_config_reg_1_14                      0x08005945   Thumb Code   336  lcd_core.o(i.lcd_config_reg_1_14)
    lcd_config_reg_1_47                      0x08005a99   Thumb Code   352  lcd_core.o(i.lcd_config_reg_1_47)
    lcd_config_reg_2_00                      0x08005bfd   Thumb Code   318  lcd_core.o(i.lcd_config_reg_2_00)
    lcd_delay                                0x08005d41   Thumb Code     4  lcd_port.o(i.lcd_delay)
    lcd_draw_point                           0x08005d45   Thumb Code    26  lcd_core.o(i.lcd_draw_point)
    lcd_fill                                 0x08005d5f   Thumb Code   148  lcd_core.o(i.lcd_fill)
    lcd_init_dev                             0x08005df5   Thumb Code    70  lcd_core.o(i.lcd_init_dev)
    lcd_init_hw                              0x08005e41   Thumb Code    98  lcd_core.o(i.lcd_init_hw)
    lcd_io_bl                                0x08005ea3   Thumb Code     6  lcd_port.o(i.lcd_io_bl)
    lcd_io_dc                                0x08005ec9   Thumb Code     6  lcd_port.o(i.lcd_io_dc)
    lcd_io_rst                               0x08005ecf   Thumb Code     6  lcd_port.o(i.lcd_io_rst)
    lcd_print                                0x08005ed5   Thumb Code    52  lcd_core.o(i.lcd_print)
    lcd_set_address                          0x08005f09   Thumb Code   158  lcd_core.o(i.lcd_set_address)
    lcd_set_font                             0x08005fad   Thumb Code    24  lcd_core.o(i.lcd_set_font)
    lcd_show_char                            0x08005fc9   Thumb Code   126  lcd_core.o(i.lcd_show_char)
    lcd_show_string                          0x08006047   Thumb Code    62  lcd_core.o(i.lcd_show_string)
    lcd_write_bulk                           0x080060c9   Thumb Code    28  lcd_port.o(i.lcd_write_bulk)
    lcd_write_byte                           0x080060e5   Thumb Code    22  lcd_port.o(i.lcd_write_byte)
    lcd_write_halfword                       0x080060fb   Thumb Code    36  lcd_port.o(i.lcd_write_halfword)
    lcd_write_reg                            0x0800611f   Thumb Code    22  lcd_port.o(i.lcd_write_reg)
    lcd_write_reg_data                       0x08006135   Thumb Code    46  lcd_core.o(i.lcd_write_reg_data)
    led1_off                                 0x08006165   Thumb Code    10  led.o(i.led1_off)
    led1_on                                  0x08006175   Thumb Code    10  led.o(i.led1_on)
    led1_toggle                              0x08006185   Thumb Code     8  led.o(i.led1_toggle)
    led2_off                                 0x08006191   Thumb Code    10  led.o(i.led2_off)
    led2_on                                  0x080061a1   Thumb Code    10  led.o(i.led2_on)
    led2_toggle                              0x080061b1   Thumb Code     8  led.o(i.led2_toggle)
    led3_off                                 0x080061bd   Thumb Code    10  led.o(i.led3_off)
    led3_on                                  0x080061cd   Thumb Code    10  led.o(i.led3_on)
    led3_toggle                              0x080061dd   Thumb Code     8  led.o(i.led3_toggle)
    led_off                                  0x080061e9   Thumb Code     4  led.o(i.led_off)
    led_toggle                               0x080061ed   Thumb Code     4  led.o(i.led_toggle)
    lfs_crc                                  0x08006719   Thumb Code    50  lfs_util.o(i.lfs_crc)
    lfs_dir_close                            0x08006b37   Thumb Code    10  lfs.o(i.lfs_dir_close)
    lfs_dir_open                             0x08007aa9   Thumb Code    34  lfs.o(i.lfs_dir_open)
    lfs_dir_read                             0x08007f49   Thumb Code     4  lfs.o(i.lfs_dir_read)
    lfs_file_close                           0x08008859   Thumb Code    30  lfs.o(i.lfs_file_close)
    lfs_file_open                            0x08008be1   Thumb Code    40  lfs.o(i.lfs_file_open)
    lfs_file_read                            0x08008e6f   Thumb Code    66  lfs.o(i.lfs_file_read)
    lfs_file_write                           0x080090a5   Thumb Code    40  lfs.o(i.lfs_file_write)
    lfs_flash_erase                          0x0800915d   Thumb Code    48  lfs_port.o(i.lfs_flash_erase)
    lfs_flash_prog                           0x08009191   Thumb Code    64  lfs_port.o(i.lfs_flash_prog)
    lfs_flash_read                           0x080091d5   Thumb Code    64  lfs_port.o(i.lfs_flash_read)
    lfs_flash_sync                           0x08009219   Thumb Code     4  lfs_port.o(i.lfs_flash_sync)
    lfs_format                               0x0800921d   Thumb Code     4  lfs.o(i.lfs_format)
    lfs_mount                                0x08009cf7   Thumb Code     4  lfs.o(i.lfs_mount)
    lfs_port_init                            0x0800a201   Thumb Code    32  lfs_port.o(i.lfs_port_init)
    lfs_port_mount                           0x0800a225   Thumb Code    36  lfs_port.o(i.lfs_port_mount)
    lfs_stat                                 0x0800a251   Thumb Code    70  lfs.o(i.lfs_stat)
    littlefs_demo                            0x0800a3c5   Thumb Code   374  lfs_port.o(i.littlefs_demo)
    main                                     0x0800a7c9   Thumb Code   176  main.o(i.main)
    malloc                                   0x0800a97d   Thumb Code    92  malloc.o(i.malloc)
    read_addr                                0x0800ac01   Thumb Code     4  usmart.o(i.read_addr)
    sfud_chip_erase                          0x0800b8c5   Thumb Code   174  sfud.o(i.sfud_chip_erase)
    sfud_demo                                0x0800ba01   Thumb Code   236  lfs_port.o(i.sfud_demo)
    sfud_device_init                         0x0800bbdd   Thumb Code    64  sfud.o(i.sfud_device_init)
    sfud_erase                               0x0800bcc5   Thumb Code   316  sfud.o(i.sfud_erase)
    sfud_get_device                          0x0800beb1   Thumb Code    24  sfud.o(i.sfud_get_device)
    sfud_init                                0x0800becd   Thumb Code    60  sfud.o(i.sfud_init)
    sfud_log_debug                           0x0800bf75   Thumb Code    44  sfud_port.o(i.sfud_log_debug)
    sfud_log_info                            0x0800bfbd   Thumb Code    40  sfud_port.o(i.sfud_log_info)
    sfud_read                                0x0800bff9   Thumb Code   184  sfud.o(i.sfud_read)
    sfud_read_sfdp                           0x0800c13d   Thumb Code    62  sfud_sfdp.o(i.sfud_read_sfdp)
    sfud_read_status                         0x0800c1d1   Thumb Code    66  sfud.o(i.sfud_read_status)
    sfud_sfdp_get_suitable_eraser            0x0800c269   Thumb Code    84  sfud_sfdp.o(i.sfud_sfdp_get_suitable_eraser)
    sfud_spi_port_init                       0x0800c31d   Thumb Code    34  sfud_port.o(i.sfud_spi_port_init)
    sfud_write                               0x0800c359   Thumb Code    42  sfud.o(i.sfud_write)
    sfud_write_status                        0x0800c385   Thumb Code   108  sfud.o(i.sfud_write_status)
    usmart_cmd_rec                           0x0800c559   Thumb Code   144  usmart.o(i.usmart_cmd_rec)
    usmart_exe                               0x0800c5ed   Thumb Code   510  usmart.o(i.usmart_exe)
    usmart_get_aparm                         0x0800c84d   Thumb Code   164  usmart_str.o(i.usmart_get_aparm)
    usmart_get_cmdname                       0x0800c8f1   Thumb Code    46  usmart_str.o(i.usmart_get_cmdname)
    usmart_get_fname                         0x0800c921   Thumb Code   352  usmart_str.o(i.usmart_get_fname)
    usmart_get_fparam                        0x0800ca89   Thumb Code   202  usmart_str.o(i.usmart_get_fparam)
    usmart_get_input_string                  0x0800cb59   Thumb Code    24  usmart_port.o(i.usmart_get_input_string)
    usmart_get_parmpos                       0x0800cb79   Thumb Code    30  usmart_str.o(i.usmart_get_parmpos)
    usmart_init                              0x0800cb9d   Thumb Code    36  usmart.o(i.usmart_init)
    usmart_pow                               0x0800cbc5   Thumb Code    16  usmart_str.o(i.usmart_pow)
    usmart_scan                              0x0800cbd5   Thumb Code    82  usmart.o(i.usmart_scan)
    usmart_search_nextc                      0x0800cc65   Thumb Code    16  usmart_str.o(i.usmart_search_nextc)
    usmart_str2num                           0x0800cc75   Thumb Code   214  usmart_str.o(i.usmart_str2num)
    usmart_strcmp                            0x0800cd4b   Thumb Code    24  usmart_str.o(i.usmart_strcmp)
    usmart_strcopy                           0x0800cd63   Thumb Code    18  usmart_str.o(i.usmart_strcopy)
    usmart_strlen                            0x0800cd75   Thumb Code    18  usmart_str.o(i.usmart_strlen)
    usmart_sys_cmd_exe                       0x0800cd89   Thumb Code  1458  usmart.o(i.usmart_sys_cmd_exe)
    usmart_timx_get_time                     0x0800d409   Thumb Code    38  usmart_port.o(i.usmart_timx_get_time)
    usmart_timx_init                         0x0800d439   Thumb Code    68  usmart_port.o(i.usmart_timx_init)
    usmart_timx_reset_time                   0x0800d489   Thumb Code    32  usmart_port.o(i.usmart_timx_reset_time)
    write_addr                               0x0800d57d   Thumb Code     4  usmart.o(i.write_addr)
    lcd_fonts                                0x0800d580   Data          64  lcd_font.o(.constdata)
    ascii_1206                               0x0800d5c0   Data        1140  lcd_font.o(.constdata)
    ascii_1608                               0x0800da34   Data        1520  lcd_font.o(.constdata)
    ascii_2412                               0x0800e024   Data        4560  lcd_font.o(.constdata)
    ascii_3216                               0x0800f1f4   Data        6080  lcd_font.o(.constdata)
    SD_Driver                                0x080109b4   Data          20  sd_diskio.o(.constdata)
    AHBPrescTable                            0x080109d0   Data          16  system_stm32f4xx.o(.constdata)
    APBPrescTable                            0x080109e0   Data           8  system_stm32f4xx.o(.constdata)
    Region$$Table$$Base                      0x080119cc   Number         0  anon$$obj.o(Region$$Table)
    Region$$Table$$Limit                     0x080119ec   Number         0  anon$$obj.o(Region$$Table)
    lcd_io_desc                              0x20000000   Data          44  main.o(.data)
    lcd_desc                                 0x2000002c   Data          44  main.o(.data)
    lcd_hw_0_96                              0x20000058   Data          12  lcd_core.o(.data)
    lcd_hw_1_14                              0x20000064   Data          12  lcd_core.o(.data)
    lcd_hw_1_47                              0x20000070   Data          12  lcd_core.o(.data)
    lcd_hw_2_00                              0x2000007c   Data          12  lcd_core.o(.data)
    lcd_hw_desc                              0x20000088   Data          16  lcd_core.o(.data)
    lcd_cfg_order                            0x20000098   Data          16  lcd_core.o(.data)
    lcd_cfg_address                          0x200000a8   Data          64  lcd_core.o(.data)
    sg_MainMenuTable                         0x20000108   Data          96  my_menu.o(.data)
    sg_SettingsMenuTable                     0x20000168   Data          72  my_menu.o(.data)
    sg_LEDMenuTable                          0x200001b0   Data         120  my_menu.o(.data)
    sys_cmd_tab                              0x20000228   Data          28  usmart.o(.data)
    usmart_nametab                           0x20000244   Data          16  usmart_config.o(.data)
    usmart_dev                               0x20000254   Data         244  usmart_config.o(.data)
    g_rx_buffer                              0x2000034c   Data           1  user_usart.o(.data)
    g_usart_rx_sta                           0x2000034e   Data           2  user_usart.o(.data)
    __stdout                                 0x20000350   Data           4  user_usart.o(.data)
    retSD                                    0x20000355   Data           1  fatfs.o(.data)
    SDPath                                   0x20000356   Data           4  fatfs.o(.data)
    uwTickFreq                               0x2000035c   Data           1  stm32f4xx_hal.o(.data)
    uwTickPrio                               0x20000360   Data           4  stm32f4xx_hal.o(.data)
    uwTick                                   0x20000364   Data           4  stm32f4xx_hal.o(.data)
    SystemCoreClock                          0x20000368   Data           4  system_stm32f4xx.o(.data)
    lfs_cfg                                  0x20000370   Data          84  lfs_port.o(.data)
    __microlib_freelist                      0x20000444   Data           4  mvars.o(.data)
    __microlib_freelist_initialised          0x20000448   Data           4  mvars.o(.data)
    line_buffer                              0x2000044c   Data         640  main.o(.bss)
    hsd                                      0x200006cc   Data         132  sdio.o(.bss)
    hspi1                                    0x20000750   Data          88  spi.o(.bss)
    hspi2                                    0x200007a8   Data          88  spi.o(.bss)
    htim2                                    0x20000800   Data          72  tim.o(.bss)
    htim12                                   0x20000848   Data          72  tim.o(.bss)
    huart1                                   0x20000890   Data          72  usart.o(.bss)
    huart3                                   0x200008d8   Data          72  usart.o(.bss)
    hdma_usart3_tx                           0x20000920   Data          96  usart.o(.bss)
    hdma_usart3_rx                           0x20000980   Data          96  usart.o(.bss)
    g_timx_usmart_handle                     0x20000ab4   Data          72  usmart_port.o(.bss)
    g_usart_rx_buf                           0x20000afc   Data         200  user_usart.o(.bss)
    disk                                     0x20000bc4   Data          12  ff_gen_drv.o(.bss)
    lfs_fs                                   0x20000fd0   Data         128  lfs_port.o(.bss)
    lfs_read_buffer                          0x20001050   Data         256  lfs_port.o(.bss)
    lfs_prog_buffer                          0x20001150   Data         256  lfs_port.o(.bss)
    lfs_lookahead_buffer                     0x20001250   Data         128  lfs_port.o(.bss)
    __heap_base                              0x200014d8   Data           0  startup_stm32f407xx.o(HEAP)
    __heap_limit                             0x200018d8   Data           0  startup_stm32f407xx.o(HEAP)
    __initial_sp                             0x200028d8   Data           0  startup_stm32f407xx.o(STACK)



==============================================================================

Memory Map of the image

  Image Entry point : 0x08000189

  Load Region LR_IROM1 (Base: 0x08000000, Size: 0x00011e38, Max: 0x00100000, ABSOLUTE, COMPRESSED[0x00011b48])

    Execution Region ER_IROM1 (Exec base: 0x08000000, Load base: 0x08000000, Size: 0x000119ec, Max: 0x00100000, ABSOLUTE)

    Exec Addr    Load Addr    Size         Type   Attr      Idx    E Section Name        Object

    0x08000000   0x08000000   0x00000188   Data   RO            3    RESET               startup_stm32f407xx.o
    0x08000188   0x08000188   0x00000000   Code   RO         7207  * .ARM.Collect$$$$00000000  mc_w.l(entry.o)
    0x08000188   0x08000188   0x00000004   Code   RO         7527    .ARM.Collect$$$$00000001  mc_w.l(entry2.o)
    0x0800018c   0x0800018c   0x00000004   Code   RO         7530    .ARM.Collect$$$$00000004  mc_w.l(entry5.o)
    0x08000190   0x08000190   0x00000000   Code   RO         7532    .ARM.Collect$$$$00000008  mc_w.l(entry7b.o)
    0x08000190   0x08000190   0x00000000   Code   RO         7534    .ARM.Collect$$$$0000000A  mc_w.l(entry8b.o)
    0x08000190   0x08000190   0x00000008   Code   RO         7535    .ARM.Collect$$$$0000000B  mc_w.l(entry9a.o)
    0x08000198   0x08000198   0x00000000   Code   RO         7537    .ARM.Collect$$$$0000000D  mc_w.l(entry10a.o)
    0x08000198   0x08000198   0x00000000   Code   RO         7539    .ARM.Collect$$$$0000000F  mc_w.l(entry11a.o)
    0x08000198   0x08000198   0x00000004   Code   RO         7528    .ARM.Collect$$$$00002712  mc_w.l(entry2.o)
    0x0800019c   0x0800019c   0x00000024   Code   RO            4    .text               startup_stm32f407xx.o
    0x080001c0   0x080001c0   0x00000062   Code   RO         7210    .text               mc_w.l(uldiv.o)
    0x08000222   0x08000222   0x00000024   Code   RO         7214    .text               mc_w.l(memcpya.o)
    0x08000246   0x08000246   0x00000024   Code   RO         7216    .text               mc_w.l(memseta.o)
    0x0800026a   0x0800026a   0x00000018   Code   RO         7218    .text               mc_w.l(strncpy.o)
    0x08000282   0x08000282   0x00000014   Code   RO         7220    .text               mc_w.l(strchr.o)
    0x08000296   0x08000296   0x0000000e   Code   RO         7222    .text               mc_w.l(strlen.o)
    0x080002a4   0x080002a4   0x0000001c   Code   RO         7224    .text               mc_w.l(strcmp.o)
    0x080002c0   0x080002c0   0x0000001a   Code   RO         7226    .text               mc_w.l(memcmp.o)
    0x080002da   0x080002da   0x00000012   Code   RO         7228    .text               mc_w.l(strcpy.o)
    0x080002ec   0x080002ec   0x0000001c   Code   RO         7230    .text               mc_w.l(strspn.o)
    0x08000308   0x08000308   0x00000022   Code   RO         7232    .text               mc_w.l(strcspn.o)
    0x0800032a   0x0800032a   0x0000002c   Code   RO         7541    .text               mc_w.l(uidiv.o)
    0x08000356   0x08000356   0x0000001e   Code   RO         7543    .text               mc_w.l(llshl.o)
    0x08000374   0x08000374   0x00000020   Code   RO         7545    .text               mc_w.l(llushr.o)
    0x08000394   0x08000394   0x00000000   Code   RO         7549    .text               mc_w.l(iusefp.o)
    0x08000394   0x08000394   0x0000014e   Code   RO         7550    .text               mf_w.l(dadd.o)
    0x080004e2   0x080004e2   0x000000e4   Code   RO         7552    .text               mf_w.l(dmul.o)
    0x080005c6   0x080005c6   0x000000de   Code   RO         7554    .text               mf_w.l(ddiv.o)
    0x080006a4   0x080006a4   0x00000030   Code   RO         7556    .text               mf_w.l(dfixul.o)
    0x080006d4   0x080006d4   0x00000030   Code   RO         7558    .text               mf_w.l(cdrcmple.o)
    0x08000704   0x08000704   0x00000024   Code   RO         7560    .text               mc_w.l(init.o)
    0x08000728   0x08000728   0x00000024   Code   RO         7562    .text               mc_w.l(llsshr.o)
    0x0800074c   0x0800074c   0x000000ba   Code   RO         7564    .text               mf_w.l(depilogue.o)
    0x08000806   0x08000806   0x00000056   Code   RO         7574    .text               mc_w.l(__dczerorl2.o)
    0x0800085c   0x0800085c   0x0000007c   Code   RO         1407    i.About_Enter       my_menu.o
    0x080008d8   0x080008d8   0x00000010   Code   RO         1408    i.All_LEDs_Off_Handler  my_menu.o
    0x080008e8   0x080008e8   0x00000010   Code   RO         1409    i.All_LEDs_On_Handler  my_menu.o
    0x080008f8   0x080008f8   0x00000002   Code   RO         1978    i.BSP_SD_AbortCallback  bsp_driver_sd.o
    0x080008fa   0x080008fa   0x00000002   PAD
    0x080008fc   0x080008fc   0x0000000c   Code   RO         1981    i.BSP_SD_GetCardInfo  bsp_driver_sd.o
    0x08000908   0x08000908   0x00000018   Code   RO         1982    i.BSP_SD_GetCardState  bsp_driver_sd.o
    0x08000920   0x08000920   0x0000001c   Code   RO         1984    i.BSP_SD_Init       bsp_driver_sd.o
    0x0800093c   0x0800093c   0x0000000e   Code   RO         1985    i.BSP_SD_IsDetected  bsp_driver_sd.o
    0x0800094a   0x0800094a   0x00000002   PAD
    0x0800094c   0x0800094c   0x00000020   Code   RO         1986    i.BSP_SD_ReadBlocks  bsp_driver_sd.o
    0x0800096c   0x0800096c   0x00000002   Code   RO         1988    i.BSP_SD_ReadCpltCallback  bsp_driver_sd.o
    0x0800096e   0x0800096e   0x00000002   PAD
    0x08000970   0x08000970   0x00000020   Code   RO         1989    i.BSP_SD_WriteBlocks  bsp_driver_sd.o
    0x08000990   0x08000990   0x00000002   Code   RO         1991    i.BSP_SD_WriteCpltCallback  bsp_driver_sd.o
    0x08000992   0x08000992   0x00000002   PAD
    0x08000994   0x08000994   0x00000058   Code   RO          244    i.Before_Main       main.o
    0x080009ec   0x080009ec   0x00000002   Code   RO          664    i.BusFault_Handler  stm32f4xx_it.o
    0x080009ee   0x080009ee   0x00000002   PAD
    0x080009f0   0x080009f0   0x0000000c   Code   RO          665    i.DMA1_Stream1_IRQHandler  stm32f4xx_it.o
    0x080009fc   0x080009fc   0x0000000c   Code   RO          666    i.DMA1_Stream3_IRQHandler  stm32f4xx_it.o
    0x08000a08   0x08000a08   0x00000028   Code   RO         2689    i.DMA_CalcBaseAndBitshift  stm32f4xx_hal_dma.o
    0x08000a30   0x08000a30   0x00000054   Code   RO         2690    i.DMA_CheckFifoParam  stm32f4xx_hal_dma.o
    0x08000a84   0x08000a84   0x00000002   Code   RO          667    i.DebugMon_Handler  stm32f4xx_it.o
    0x08000a86   0x08000a86   0x00000002   PAD
    0x08000a88   0x08000a88   0x00000014   Code   RO         1295    i.DeleteMenu        cot_menu.o
    0x08000a9c   0x08000a9c   0x00000004   Code   RO          245    i.Error_Handler     main.o
    0x08000aa0   0x08000aa0   0x00000006   Code   RO         5993    i.FATFS_LinkDriver  ff_gen_drv.o
    0x08000aa6   0x08000aa6   0x00000002   PAD
    0x08000aa8   0x08000aa8   0x00000040   Code   RO         5994    i.FATFS_LinkDriverEx  ff_gen_drv.o
    0x08000ae8   0x08000ae8   0x00000092   Code   RO         2692    i.HAL_DMA_Abort     stm32f4xx_hal_dma.o
    0x08000b7a   0x08000b7a   0x00000024   Code   RO         2693    i.HAL_DMA_Abort_IT  stm32f4xx_hal_dma.o
    0x08000b9e   0x08000b9e   0x00000002   PAD
    0x08000ba0   0x08000ba0   0x000001a0   Code   RO         2697    i.HAL_DMA_IRQHandler  stm32f4xx_hal_dma.o
    0x08000d40   0x08000d40   0x000000d4   Code   RO         2698    i.HAL_DMA_Init      stm32f4xx_hal_dma.o
    0x08000e14   0x08000e14   0x00000006   Code   RO         1870    i.HAL_Delay         delay.o
    0x08000e1a   0x08000e1a   0x00000002   PAD
    0x08000e1c   0x08000e1c   0x000001d0   Code   RO         2585    i.HAL_GPIO_Init     stm32f4xx_hal_gpio.o
    0x08000fec   0x08000fec   0x00000010   Code   RO         2588    i.HAL_GPIO_TogglePin  stm32f4xx_hal_gpio.o
    0x08000ffc   0x08000ffc   0x0000000a   Code   RO         2589    i.HAL_GPIO_WritePin  stm32f4xx_hal_gpio.o
    0x08001006   0x08001006   0x00000002   PAD
    0x08001008   0x08001008   0x0000000c   Code   RO         3135    i.HAL_GetTick       stm32f4xx_hal.o
    0x08001014   0x08001014   0x00000010   Code   RO         3141    i.HAL_IncTick       stm32f4xx_hal.o
    0x08001024   0x08001024   0x00000034   Code   RO         3142    i.HAL_Init          stm32f4xx_hal.o
    0x08001058   0x08001058   0x00000040   Code   RO         3143    i.HAL_InitTick      stm32f4xx_hal.o
    0x08001098   0x08001098   0x00000030   Code   RO          776    i.HAL_MspInit       stm32f4xx_hal_msp.o
    0x080010c8   0x080010c8   0x0000001a   Code   RO         2977    i.HAL_NVIC_EnableIRQ  stm32f4xx_hal_cortex.o
    0x080010e2   0x080010e2   0x00000002   PAD
    0x080010e4   0x080010e4   0x00000040   Code   RO         2983    i.HAL_NVIC_SetPriority  stm32f4xx_hal_cortex.o
    0x08001124   0x08001124   0x00000024   Code   RO         2984    i.HAL_NVIC_SetPriorityGrouping  stm32f4xx_hal_cortex.o
    0x08001148   0x08001148   0x00000134   Code   RO         2231    i.HAL_RCC_ClockConfig  stm32f4xx_hal_rcc.o
    0x0800127c   0x0800127c   0x00000020   Code   RO         2238    i.HAL_RCC_GetPCLK1Freq  stm32f4xx_hal_rcc.o
    0x0800129c   0x0800129c   0x00000020   Code   RO         2239    i.HAL_RCC_GetPCLK2Freq  stm32f4xx_hal_rcc.o
    0x080012bc   0x080012bc   0x00000060   Code   RO         2240    i.HAL_RCC_GetSysClockFreq  stm32f4xx_hal_rcc.o
    0x0800131c   0x0800131c   0x00000358   Code   RO         2243    i.HAL_RCC_OscConfig  stm32f4xx_hal_rcc.o
    0x08001674   0x08001674   0x00000008   Code   RO         1992    i.HAL_SD_AbortCallback  bsp_driver_sd.o
    0x0800167c   0x0800167c   0x00000002   Code   RO         3672    i.HAL_SD_ErrorCallback  stm32f4xx_hal_sd.o
    0x0800167e   0x0800167e   0x00000002   PAD
    0x08001680   0x08001680   0x00000198   Code   RO         3674    i.HAL_SD_GetCardCSD  stm32f4xx_hal_sd.o
    0x08001818   0x08001818   0x00000024   Code   RO         3675    i.HAL_SD_GetCardInfo  stm32f4xx_hal_sd.o
    0x0800183c   0x0800183c   0x00000032   Code   RO         3676    i.HAL_SD_GetCardState  stm32f4xx_hal_sd.o
    0x0800186e   0x0800186e   0x00000002   PAD
    0x08001870   0x08001870   0x00000208   Code   RO         3680    i.HAL_SD_IRQHandler  stm32f4xx_hal_sd.o
    0x08001a78   0x08001a78   0x00000036   Code   RO         3681    i.HAL_SD_Init       stm32f4xx_hal_sd.o
    0x08001aae   0x08001aae   0x00000002   PAD
    0x08001ab0   0x08001ab0   0x00000078   Code   RO         3682    i.HAL_SD_InitCard   stm32f4xx_hal_sd.o
    0x08001b28   0x08001b28   0x000000bc   Code   RO          452    i.HAL_SD_MspInit    sdio.o
    0x08001be4   0x08001be4   0x000001e0   Code   RO         3685    i.HAL_SD_ReadBlocks  stm32f4xx_hal_sd.o
    0x08001dc4   0x08001dc4   0x00000008   Code   RO         1993    i.HAL_SD_RxCpltCallback  bsp_driver_sd.o
    0x08001dcc   0x08001dcc   0x00000008   Code   RO         1994    i.HAL_SD_TxCpltCallback  bsp_driver_sd.o
    0x08001dd4   0x08001dd4   0x000001b0   Code   RO         3690    i.HAL_SD_WriteBlocks  stm32f4xx_hal_sd.o
    0x08001f84   0x08001f84   0x000000bc   Code   RO         3920    i.HAL_SPI_Init      stm32f4xx_hal_spi.o
    0x08002040   0x08002040   0x000000a8   Code   RO          494    i.HAL_SPI_MspInit   spi.o
    0x080020e8   0x080020e8   0x00000156   Code   RO         3923    i.HAL_SPI_Receive   stm32f4xx_hal_spi.o
    0x0800223e   0x0800223e   0x00000166   Code   RO         3928    i.HAL_SPI_Transmit  stm32f4xx_hal_spi.o
    0x080023a4   0x080023a4   0x000001e6   Code   RO         3929    i.HAL_SPI_TransmitReceive  stm32f4xx_hal_spi.o
    0x0800258a   0x0800258a   0x00000028   Code   RO         2988    i.HAL_SYSTICK_Config  stm32f4xx_hal_cortex.o
    0x080025b2   0x080025b2   0x00000002   Code   RO         4937    i.HAL_TIMEx_BreakCallback  stm32f4xx_hal_tim_ex.o
    0x080025b4   0x080025b4   0x00000002   Code   RO         4938    i.HAL_TIMEx_CommutCallback  stm32f4xx_hal_tim_ex.o
    0x080025b6   0x080025b6   0x00000002   PAD
    0x080025b8   0x080025b8   0x00000090   Code   RO         4956    i.HAL_TIMEx_MasterConfigSynchronization  stm32f4xx_hal_tim_ex.o
    0x08002648   0x08002648   0x0000005a   Code   RO         4233    i.HAL_TIM_Base_Init  stm32f4xx_hal_tim.o
    0x080026a2   0x080026a2   0x00000002   PAD
    0x080026a4   0x080026a4   0x0000003c   Code   RO          542    i.HAL_TIM_Base_MspInit  tim.o
    0x080026e0   0x080026e0   0x00000080   Code   RO         4238    i.HAL_TIM_Base_Start_IT  stm32f4xx_hal_tim.o
    0x08002760   0x08002760   0x000000dc   Code   RO         4242    i.HAL_TIM_ConfigClockSource  stm32f4xx_hal_tim.o
    0x0800283c   0x0800283c   0x00000002   Code   RO         4267    i.HAL_TIM_IC_CaptureCallback  stm32f4xx_hal_tim.o
    0x0800283e   0x0800283e   0x00000130   Code   RO         4281    i.HAL_TIM_IRQHandler  stm32f4xx_hal_tim.o
    0x0800296e   0x0800296e   0x00000002   PAD
    0x08002970   0x08002970   0x0000004c   Code   RO          543    i.HAL_TIM_MspPostInit  tim.o
    0x080029bc   0x080029bc   0x00000002   Code   RO         4284    i.HAL_TIM_OC_DelayElapsedCallback  stm32f4xx_hal_tim.o
    0x080029be   0x080029be   0x000000cc   Code   RO         4305    i.HAL_TIM_PWM_ConfigChannel  stm32f4xx_hal_tim.o
    0x08002a8a   0x08002a8a   0x0000005a   Code   RO         4308    i.HAL_TIM_PWM_Init  stm32f4xx_hal_tim.o
    0x08002ae4   0x08002ae4   0x00000024   Code   RO          545    i.HAL_TIM_PWM_MspInit  tim.o
    0x08002b08   0x08002b08   0x00000002   Code   RO         4311    i.HAL_TIM_PWM_PulseFinishedCallback  stm32f4xx_hal_tim.o
    0x08002b0a   0x08002b0a   0x00000002   Code   RO         1522    i.HAL_TIM_PeriodElapsedCallback  task.o
    0x08002b0c   0x08002b0c   0x00000002   Code   RO         4324    i.HAL_TIM_TriggerCallback  stm32f4xx_hal_tim.o
    0x08002b0e   0x08002b0e   0x00000002   Code   RO         5216    i.HAL_UARTEx_RxEventCallback  stm32f4xx_hal_uart.o
    0x08002b10   0x08002b10   0x00000002   Code   RO         5230    i.HAL_UART_ErrorCallback  stm32f4xx_hal_uart.o
    0x08002b12   0x08002b12   0x00000002   PAD
    0x08002b14   0x08002b14   0x00000280   Code   RO         5233    i.HAL_UART_IRQHandler  stm32f4xx_hal_uart.o
    0x08002d94   0x08002d94   0x00000064   Code   RO         5234    i.HAL_UART_Init     stm32f4xx_hal_uart.o
    0x08002df8   0x08002df8   0x00000138   Code   RO          608    i.HAL_UART_MspInit  usart.o
    0x08002f30   0x08002f30   0x0000001c   Code   RO         5239    i.HAL_UART_Receive_IT  stm32f4xx_hal_uart.o
    0x08002f4c   0x08002f4c   0x00000014   Code   RO          609    i.HAL_UART_RxCpltCallback  usart.o
    0x08002f60   0x08002f60   0x00000002   Code   RO         5245    i.HAL_UART_TxCpltCallback  stm32f4xx_hal_uart.o
    0x08002f62   0x08002f62   0x00000002   Code   RO          668    i.HardFault_Handler  stm32f4xx_it.o
    0x08002f64   0x08002f64   0x00000084   Code   RO         1410    i.Info_Enter        my_menu.o
    0x08002fe8   0x08002fe8   0x00000010   Code   RO         1412    i.LED1_Toggle_Handler  my_menu.o
    0x08002ff8   0x08002ff8   0x00000010   Code   RO         1413    i.LED2_Toggle_Handler  my_menu.o
    0x08003008   0x08003008   0x00000010   Code   RO         1414    i.LED3_Toggle_Handler  my_menu.o
    0x08003018   0x08003018   0x0000001c   Code   RO         1415    i.LED_Menu_Enter    my_menu.o
    0x08003034   0x08003034   0x00000010   Code   RO         1416    i.Lcd_MenuTask      my_menu.o
    0x08003044   0x08003044   0x0000003c   Code   RO          427    i.MX_DMA_Init       dma.o
    0x08003080   0x08003080   0x0000001c   Code   RO         2159    i.MX_FATFS_Init     fatfs.o
    0x0800309c   0x0800309c   0x00000104   Code   RO          403    i.MX_GPIO_Init      gpio.o
    0x080031a0   0x080031a0   0x00000020   Code   RO          453    i.MX_SDIO_SD_Init   sdio.o
    0x080031c0   0x080031c0   0x0000004c   Code   RO          495    i.MX_SPI1_Init      spi.o
    0x0800320c   0x0800320c   0x00000048   Code   RO          496    i.MX_SPI2_Init      spi.o
    0x08003254   0x08003254   0x00000050   Code   RO          546    i.MX_TIM12_Init     tim.o
    0x080032a4   0x080032a4   0x0000006c   Code   RO          547    i.MX_TIM2_Init      tim.o
    0x08003310   0x08003310   0x00000038   Code   RO          610    i.MX_USART1_UART_Init  usart.o
    0x08003348   0x08003348   0x00000038   Code   RO          611    i.MX_USART3_UART_Init  usart.o
    0x08003380   0x08003380   0x0000001c   Code   RO         1417    i.MainMenu_Enter    my_menu.o
    0x0800339c   0x0800339c   0x00000002   Code   RO          669    i.MemManage_Handler  stm32f4xx_it.o
    0x0800339e   0x0800339e   0x00000002   PAD
    0x080033a0   0x080033a0   0x0000002c   Code   RO         1418    i.Menu_Init         my_menu.o
    0x080033cc   0x080033cc   0x00000002   Code   RO          670    i.NMI_Handler       stm32f4xx_it.o
    0x080033ce   0x080033ce   0x00000002   PAD
    0x080033d0   0x080033d0   0x00000020   Code   RO         1296    i.NewMenu           cot_menu.o
    0x080033f0   0x080033f0   0x00000002   Code   RO          671    i.PendSV_Handler    stm32f4xx_it.o
    0x080033f2   0x080033f2   0x00000024   Code   RO         3380    i.SDIO_ConfigData   stm32f4xx_ll_sdmmc.o
    0x08003416   0x08003416   0x00000008   Code   RO         3384    i.SDIO_GetPowerState  stm32f4xx_ll_sdmmc.o
    0x0800341e   0x0800341e   0x00000006   Code   RO         3385    i.SDIO_GetResponse  stm32f4xx_ll_sdmmc.o
    0x08003424   0x08003424   0x0000000c   Code   RO          672    i.SDIO_IRQHandler   stm32f4xx_it.o
    0x08003430   0x08003430   0x00000024   Code   RO         3386    i.SDIO_Init         stm32f4xx_ll_sdmmc.o
    0x08003454   0x08003454   0x00000008   Code   RO         3388    i.SDIO_PowerState_ON  stm32f4xx_ll_sdmmc.o
    0x0800345c   0x0800345c   0x00000006   Code   RO         3389    i.SDIO_ReadFIFO     stm32f4xx_ll_sdmmc.o
    0x08003462   0x08003462   0x00000020   Code   RO         3390    i.SDIO_SendCommand  stm32f4xx_ll_sdmmc.o
    0x08003482   0x08003482   0x0000000a   Code   RO         3392    i.SDIO_WriteFIFO    stm32f4xx_ll_sdmmc.o
    0x0800348c   0x0800348c   0x00000030   Code   RO         3393    i.SDMMC_CmdAppCommand  stm32f4xx_ll_sdmmc.o
    0x080034bc   0x080034bc   0x00000034   Code   RO         3394    i.SDMMC_CmdAppOperCommand  stm32f4xx_ll_sdmmc.o
    0x080034f0   0x080034f0   0x00000030   Code   RO         3395    i.SDMMC_CmdBlockLength  stm32f4xx_ll_sdmmc.o
    0x08003520   0x08003520   0x00000050   Code   RO         3400    i.SDMMC_CmdGoIdleState  stm32f4xx_ll_sdmmc.o
    0x08003570   0x08003570   0x0000002e   Code   RO         3402    i.SDMMC_CmdOperCond  stm32f4xx_ll_sdmmc.o
    0x0800359e   0x0800359e   0x00000030   Code   RO         3403    i.SDMMC_CmdReadMultiBlock  stm32f4xx_ll_sdmmc.o
    0x080035ce   0x080035ce   0x00000030   Code   RO         3404    i.SDMMC_CmdReadSingleBlock  stm32f4xx_ll_sdmmc.o
    0x080035fe   0x080035fe   0x00000032   Code   RO         3407    i.SDMMC_CmdSelDesel  stm32f4xx_ll_sdmmc.o
    0x08003630   0x08003630   0x0000002a   Code   RO         3408    i.SDMMC_CmdSendCID  stm32f4xx_ll_sdmmc.o
    0x0800365a   0x0800365a   0x0000002c   Code   RO         3409    i.SDMMC_CmdSendCSD  stm32f4xx_ll_sdmmc.o
    0x08003686   0x08003686   0x00000030   Code   RO         3412    i.SDMMC_CmdSendStatus  stm32f4xx_ll_sdmmc.o
    0x080036b6   0x080036b6   0x00000030   Code   RO         3413    i.SDMMC_CmdSetRelAdd  stm32f4xx_ll_sdmmc.o
    0x080036e6   0x080036e6   0x00000002   PAD
    0x080036e8   0x080036e8   0x00000034   Code   RO         3416    i.SDMMC_CmdStopTransfer  stm32f4xx_ll_sdmmc.o
    0x0800371c   0x0800371c   0x00000030   Code   RO         3418    i.SDMMC_CmdWriteMultiBlock  stm32f4xx_ll_sdmmc.o
    0x0800374c   0x0800374c   0x00000030   Code   RO         3419    i.SDMMC_CmdWriteSingleBlock  stm32f4xx_ll_sdmmc.o
    0x0800377c   0x0800377c   0x00000120   Code   RO         3420    i.SDMMC_GetCmdResp1  stm32f4xx_ll_sdmmc.o
    0x0800389c   0x0800389c   0x00000050   Code   RO         3421    i.SDMMC_GetCmdResp2  stm32f4xx_ll_sdmmc.o
    0x080038ec   0x080038ec   0x00000044   Code   RO         3422    i.SDMMC_GetCmdResp3  stm32f4xx_ll_sdmmc.o
    0x08003930   0x08003930   0x00000088   Code   RO         3423    i.SDMMC_GetCmdResp6  stm32f4xx_ll_sdmmc.o
    0x080039b8   0x080039b8   0x00000058   Code   RO         3424    i.SDMMC_GetCmdResp7  stm32f4xx_ll_sdmmc.o
    0x08003a10   0x08003a10   0x00000020   Code   RO         2099    i.SD_CheckStatus    sd_diskio.o
    0x08003a30   0x08003a30   0x00000044   Code   RO         3695    i.SD_DMARxAbort     stm32f4xx_hal_sd.o
    0x08003a74   0x08003a74   0x00000044   Code   RO         3697    i.SD_DMATxAbort     stm32f4xx_hal_sd.o
    0x08003ab8   0x08003ab8   0x000000ee   Code   RO         3699    i.SD_InitCard       stm32f4xx_hal_sd.o
    0x08003ba6   0x08003ba6   0x00000002   PAD
    0x08003ba8   0x08003ba8   0x000000ac   Code   RO         3700    i.SD_PowerON        stm32f4xx_hal_sd.o
    0x08003c54   0x08003c54   0x00000020   Code   RO         2100    i.SD_initialize     sd_diskio.o
    0x08003c74   0x08003c74   0x00000050   Code   RO         2101    i.SD_ioctl          sd_diskio.o
    0x08003cc4   0x08003cc4   0x00000024   Code   RO         2102    i.SD_read           sd_diskio.o
    0x08003ce8   0x08003ce8   0x00000004   Code   RO         2103    i.SD_status         sd_diskio.o
    0x08003cec   0x08003cec   0x00000024   Code   RO         2104    i.SD_write          sd_diskio.o
    0x08003d10   0x08003d10   0x0000005c   Code   RO         3957    i.SPI_EndRxTransaction  stm32f4xx_hal_spi.o
    0x08003d6c   0x08003d6c   0x0000006c   Code   RO         3958    i.SPI_EndRxTxTransaction  stm32f4xx_hal_spi.o
    0x08003dd8   0x08003dd8   0x000000bc   Code   RO         3963    i.SPI_WaitFlagStateUntilTimeout  stm32f4xx_hal_spi.o
    0x08003e94   0x08003e94   0x00000002   Code   RO          673    i.SVC_Handler       stm32f4xx_it.o
    0x08003e96   0x08003e96   0x00000002   PAD
    0x08003e98   0x08003e98   0x0000001c   Code   RO         1419    i.Settings_Enter    my_menu.o
    0x08003eb4   0x08003eb4   0x000002e8   Code   RO         1421    i.ShowMenu          my_menu.o
    0x0800419c   0x0800419c   0x00000004   Code   RO          674    i.SysTick_Handler   stm32f4xx_it.o
    0x080041a0   0x080041a0   0x00000094   Code   RO          246    i.SystemClock_Config  main.o
    0x08004234   0x08004234   0x00000010   Code   RO         5568    i.SystemInit        system_stm32f4xx.o
    0x08004244   0x08004244   0x00000034   Code   RO         1667    i.TIM4_IRQHandler   usmart_port.o
    0x08004278   0x08004278   0x0000000c   Code   RO          675    i.TIM8_BRK_TIM12_IRQHandler  stm32f4xx_it.o
    0x08004284   0x08004284   0x000000d0   Code   RO         4326    i.TIM_Base_SetConfig  stm32f4xx_hal_tim.o
    0x08004354   0x08004354   0x00000014   Code   RO         4337    i.TIM_ETR_SetConfig  stm32f4xx_hal_tim.o
    0x08004368   0x08004368   0x00000010   Code   RO         4338    i.TIM_ITRx_SetConfig  stm32f4xx_hal_tim.o
    0x08004378   0x08004378   0x00000060   Code   RO         4339    i.TIM_OC1_SetConfig  stm32f4xx_hal_tim.o
    0x080043d8   0x080043d8   0x0000006c   Code   RO         4340    i.TIM_OC2_SetConfig  stm32f4xx_hal_tim.o
    0x08004444   0x08004444   0x00000068   Code   RO         4341    i.TIM_OC3_SetConfig  stm32f4xx_hal_tim.o
    0x080044ac   0x080044ac   0x00000050   Code   RO         4342    i.TIM_OC4_SetConfig  stm32f4xx_hal_tim.o
    0x080044fc   0x080044fc   0x00000022   Code   RO         4344    i.TIM_TI1_ConfigInputStage  stm32f4xx_hal_tim.o
    0x0800451e   0x0800451e   0x00000024   Code   RO         4346    i.TIM_TI2_ConfigInputStage  stm32f4xx_hal_tim.o
    0x08004542   0x08004542   0x0000000e   Code   RO         5247    i.UART_DMAAbortOnError  stm32f4xx_hal_uart.o
    0x08004550   0x08004550   0x0000004e   Code   RO         5257    i.UART_EndRxTransfer  stm32f4xx_hal_uart.o
    0x0800459e   0x0800459e   0x000000c2   Code   RO         5259    i.UART_Receive_IT   stm32f4xx_hal_uart.o
    0x08004660   0x08004660   0x0000010c   Code   RO         5260    i.UART_SetConfig    stm32f4xx_hal_uart.o
    0x0800476c   0x0800476c   0x00000036   Code   RO         5262    i.UART_Start_Receive_IT  stm32f4xx_hal_uart.o
    0x080047a2   0x080047a2   0x00000002   PAD
    0x080047a4   0x080047a4   0x0000000c   Code   RO          676    i.USART1_IRQHandler  stm32f4xx_it.o
    0x080047b0   0x080047b0   0x0000000c   Code   RO          677    i.USART3_IRQHandler  stm32f4xx_it.o
    0x080047bc   0x080047bc   0x00000064   Code   RO         1917    i.USART_UX_Handler  user_usart.o
    0x08004820   0x08004820   0x00000002   Code   RO          678    i.UsageFault_Handler  stm32f4xx_it.o
    0x08004822   0x08004822   0x00000002   PAD
    0x08004824   0x08004824   0x00000020   Code   RO         7469    i.__0printf         mc_w.l(printfa.o)
    0x08004844   0x08004844   0x0000002c   Code   RO         7474    i.__0vsnprintf      mc_w.l(printfa.o)
    0x08004870   0x08004870   0x00000020   Code   RO         2990    i.__NVIC_SetPriority  stm32f4xx_hal_cortex.o
    0x08004890   0x08004890   0x0000000e   Code   RO         7568    i.__scatterload_copy  mc_w.l(handlers.o)
    0x0800489e   0x0800489e   0x00000002   Code   RO         7569    i.__scatterload_null  mc_w.l(handlers.o)
    0x080048a0   0x080048a0   0x0000000e   Code   RO         7570    i.__scatterload_zeroinit  mc_w.l(handlers.o)
    0x080048ae   0x080048ae   0x00000002   PAD
    0x080048b0   0x080048b0   0x00000184   Code   RO         7476    i._fp_digits        mc_w.l(printfa.o)
    0x08004a34   0x08004a34   0x000006dc   Code   RO         7477    i._printf_core      mc_w.l(printfa.o)
    0x08005110   0x08005110   0x00000024   Code   RO         7478    i._printf_post_padding  mc_w.l(printfa.o)
    0x08005134   0x08005134   0x0000002e   Code   RO         7479    i._printf_pre_padding  mc_w.l(printfa.o)
    0x08005162   0x08005162   0x00000016   Code   RO         7480    i._snputc           mc_w.l(printfa.o)
    0x08005178   0x08005178   0x000001f4   Code   RO         6966    i.aai_write         sfud.o
    0x0800536c   0x0800536c   0x00000012   Code   RO           13    i.all_leds_off      led.o
    0x0800537e   0x0800537e   0x00000012   Code   RO           14    i.all_leds_on       led.o
    0x08005390   0x08005390   0x00000024   Code   RO         1297    i.cotMenu_Bind      cot_menu.o
    0x080053b4   0x080053b4   0x00000074   Code   RO         1300    i.cotMenu_Exit      cot_menu.o
    0x08005428   0x08005428   0x00000058   Code   RO         1301    i.cotMenu_Init      cot_menu.o
    0x08005480   0x08005480   0x00000032   Code   RO         1302    i.cotMenu_LimitShowListNum  cot_menu.o
    0x080054b2   0x080054b2   0x00000002   PAD
    0x080054b4   0x080054b4   0x00000038   Code   RO         1303    i.cotMenu_MainEnter  cot_menu.o
    0x080054ec   0x080054ec   0x000000a0   Code   RO         1311    i.cotMenu_Task      cot_menu.o
    0x0800558c   0x0800558c   0x0000000c   Code   RO         1871    i.delay_init        delay.o
    0x08005598   0x08005598   0x0000000a   Code   RO         1872    i.delay_ms          delay.o
    0x080055a2   0x080055a2   0x00000002   PAD
    0x080055a4   0x080055a4   0x00000034   Code   RO         1873    i.delay_us          delay.o
    0x080055d8   0x080055d8   0x00000014   Code   RO         1921    i.fputc             user_usart.o
    0x080055ec   0x080055ec   0x00000050   Code   RO         7497    i.free              mc_w.l(malloc.o)
    0x0800563c   0x0800563c   0x000002c4   Code   RO         6967    i.hardware_init     sfud.o
    0x08005900   0x08005900   0x00000024   Code   RO         6865    i.initialize_and_test_LittleFS  lfs_port.o
    0x08005924   0x08005924   0x0000001e   Code   RO          797    i.lcd_clear         lcd_core.o
    0x08005942   0x08005942   0x00000002   PAD
    0x08005944   0x08005944   0x00000154   Code   RO          798    i.lcd_config_reg_1_14  lcd_core.o
    0x08005a98   0x08005a98   0x00000164   Code   RO          799    i.lcd_config_reg_1_47  lcd_core.o
    0x08005bfc   0x08005bfc   0x00000144   Code   RO          800    i.lcd_config_reg_2_00  lcd_core.o
    0x08005d40   0x08005d40   0x00000004   Code   RO          943    i.lcd_delay         lcd_port.o
    0x08005d44   0x08005d44   0x0000001a   Code   RO          802    i.lcd_draw_point    lcd_core.o
    0x08005d5e   0x08005d5e   0x00000094   Code   RO          804    i.lcd_fill          lcd_core.o
    0x08005df2   0x08005df2   0x00000002   PAD
    0x08005df4   0x08005df4   0x0000004c   Code   RO          805    i.lcd_init_dev      lcd_core.o
    0x08005e40   0x08005e40   0x00000062   Code   RO          806    i.lcd_init_hw       lcd_core.o
    0x08005ea2   0x08005ea2   0x00000006   Code   RO          944    i.lcd_io_bl         lcd_port.o
    0x08005ea8   0x08005ea8   0x00000020   Code   RO          946    i.lcd_io_ctrl       lcd_port.o
    0x08005ec8   0x08005ec8   0x00000006   Code   RO          947    i.lcd_io_dc         lcd_port.o
    0x08005ece   0x08005ece   0x00000006   Code   RO          948    i.lcd_io_rst        lcd_port.o
    0x08005ed4   0x08005ed4   0x00000034   Code   RO          807    i.lcd_print         lcd_core.o
    0x08005f08   0x08005f08   0x000000a4   Code   RO          808    i.lcd_set_address   lcd_core.o
    0x08005fac   0x08005fac   0x0000001c   Code   RO          809    i.lcd_set_font      lcd_core.o
    0x08005fc8   0x08005fc8   0x0000007e   Code   RO          810    i.lcd_show_char     lcd_core.o
    0x08006046   0x08006046   0x0000003e   Code   RO          812    i.lcd_show_string   lcd_core.o
    0x08006084   0x08006084   0x00000044   Code   RO          949    i.lcd_spi_transmit  lcd_port.o
    0x080060c8   0x080060c8   0x0000001c   Code   RO          950    i.lcd_write_bulk    lcd_port.o
    0x080060e4   0x080060e4   0x00000016   Code   RO          951    i.lcd_write_byte    lcd_port.o
    0x080060fa   0x080060fa   0x00000024   Code   RO          952    i.lcd_write_halfword  lcd_port.o
    0x0800611e   0x0800611e   0x00000016   Code   RO          953    i.lcd_write_reg     lcd_port.o
    0x08006134   0x08006134   0x0000002e   Code   RO          813    i.lcd_write_reg_data  lcd_core.o
    0x08006162   0x08006162   0x00000002   PAD
    0x08006164   0x08006164   0x00000010   Code   RO           16    i.led1_off          led.o
    0x08006174   0x08006174   0x00000010   Code   RO           17    i.led1_on           led.o
    0x08006184   0x08006184   0x0000000c   Code   RO           18    i.led1_toggle       led.o
    0x08006190   0x08006190   0x00000010   Code   RO           19    i.led2_off          led.o
    0x080061a0   0x080061a0   0x00000010   Code   RO           20    i.led2_on           led.o
    0x080061b0   0x080061b0   0x0000000c   Code   RO           21    i.led2_toggle       led.o
    0x080061bc   0x080061bc   0x00000010   Code   RO           22    i.led3_off          led.o
    0x080061cc   0x080061cc   0x00000010   Code   RO           23    i.led3_on           led.o
    0x080061dc   0x080061dc   0x0000000c   Code   RO           24    i.led3_toggle       led.o
    0x080061e8   0x080061e8   0x00000004   Code   RO           25    i.led_off           led.o
    0x080061ec   0x080061ec   0x00000004   Code   RO           27    i.led_toggle        led.o
    0x080061f0   0x080061f0   0x0000000c   Code   RO         6064    i.lfs_aligndown     lfs.o
    0x080061fc   0x080061fc   0x00000008   Code   RO         6065    i.lfs_alignup       lfs.o
    0x08006204   0x08006204   0x000000f0   Code   RO         6066    i.lfs_alloc         lfs.o
    0x080062f4   0x080062f4   0x0000000c   Code   RO         6067    i.lfs_alloc_drop    lfs.o
    0x08006300   0x08006300   0x0000002e   Code   RO         6068    i.lfs_alloc_lookahead  lfs.o
    0x0800632e   0x0800632e   0x00000002   PAD
    0x08006330   0x08006330   0x00000054   Code   RO         6069    i.lfs_alloc_scan    lfs.o
    0x08006384   0x08006384   0x00000068   Code   RO         6070    i.lfs_bd_cmp        lfs.o
    0x080063ec   0x080063ec   0x0000005c   Code   RO         6071    i.lfs_bd_crc        lfs.o
    0x08006448   0x08006448   0x00000018   Code   RO         6072    i.lfs_bd_erase      lfs.o
    0x08006460   0x08006460   0x00000084   Code   RO         6073    i.lfs_bd_flush      lfs.o
    0x080064e4   0x080064e4   0x000000b4   Code   RO         6074    i.lfs_bd_prog       lfs.o
    0x08006598   0x08006598   0x00000142   Code   RO         6075    i.lfs_bd_read       lfs.o
    0x080066da   0x080066da   0x00000024   Code   RO         6076    i.lfs_bd_sync       lfs.o
    0x080066fe   0x080066fe   0x00000018   Code   RO         6077    i.lfs_cache_zero    lfs.o
    0x08006716   0x08006716   0x00000002   PAD
    0x08006718   0x08006718   0x00000038   Code   RO         6953    i.lfs_crc           lfs_util.o
    0x08006750   0x08006750   0x0000000e   Code   RO         6079    i.lfs_ctz           lfs.o
    0x0800675e   0x0800675e   0x00000002   PAD
    0x08006760   0x08006760   0x00000198   Code   RO         6080    i.lfs_ctz_extend    lfs.o
    0x080068f8   0x080068f8   0x00000094   Code   RO         6081    i.lfs_ctz_find      lfs.o
    0x0800698c   0x0800698c   0x00000016   Code   RO         6082    i.lfs_ctz_fromle32  lfs.o
    0x080069a2   0x080069a2   0x00000040   Code   RO         6083    i.lfs_ctz_index     lfs.o
    0x080069e2   0x080069e2   0x00000098   Code   RO         6084    i.lfs_ctz_traverse  lfs.o
    0x08006a7a   0x08006a7a   0x0000002c   Code   RO         6085    i.lfs_deinit        lfs.o
    0x08006aa6   0x08006aa6   0x00000090   Code   RO         6086    i.lfs_dir_alloc     lfs.o
    0x08006b36   0x08006b36   0x0000000a   Code   RO         6087    i.lfs_dir_close     lfs.o
    0x08006b40   0x08006b40   0x00000020   Code   RO         6088    i.lfs_dir_commit    lfs.o
    0x08006b60   0x08006b60   0x00000010   Code   RO         6089    i.lfs_dir_commit_commit  lfs.o
    0x08006b70   0x08006b70   0x00000014   Code   RO         6090    i.lfs_dir_commit_size  lfs.o
    0x08006b84   0x08006b84   0x000000aa   Code   RO         6091    i.lfs_dir_commitattr  lfs.o
    0x08006c2e   0x08006c2e   0x00000002   PAD
    0x08006c30   0x08006c30   0x000001e4   Code   RO         6092    i.lfs_dir_commitcrc  lfs.o
    0x08006e14   0x08006e14   0x0000003a   Code   RO         6093    i.lfs_dir_commitprog  lfs.o
    0x08006e4e   0x08006e4e   0x00000002   PAD
    0x08006e50   0x08006e50   0x000002b0   Code   RO         6094    i.lfs_dir_compact   lfs.o
    0x08007100   0x08007100   0x00000016   Code   RO         6096    i.lfs_dir_fetch     lfs.o
    0x08007116   0x08007116   0x00000002   PAD
    0x08007118   0x08007118   0x000004a8   Code   RO         6097    i.lfs_dir_fetchmatch  lfs.o
    0x080075c0   0x080075c0   0x00000164   Code   RO         6098    i.lfs_dir_find      lfs.o
    0x08007724   0x08007724   0x00000052   Code   RO         6099    i.lfs_dir_find_match  lfs.o
    0x08007776   0x08007776   0x00000014   Code   RO         6100    i.lfs_dir_get       lfs.o
    0x0800778a   0x0800778a   0x00000002   PAD
    0x0800778c   0x0800778c   0x00000050   Code   RO         6101    i.lfs_dir_getgstate  lfs.o
    0x080077dc   0x080077dc   0x00000090   Code   RO         6102    i.lfs_dir_getinfo   lfs.o
    0x0800786c   0x0800786c   0x000000ea   Code   RO         6103    i.lfs_dir_getread   lfs.o
    0x08007956   0x08007956   0x00000002   PAD
    0x08007958   0x08007958   0x0000012c   Code   RO         6104    i.lfs_dir_getslice  lfs.o
    0x08007a84   0x08007a84   0x00000024   Code   RO         6105    i.lfs_dir_needsrelocation  lfs.o
    0x08007aa8   0x08007aa8   0x00000022   Code   RO         6106    i.lfs_dir_open      lfs.o
    0x08007aca   0x08007aca   0x00000002   PAD
    0x08007acc   0x08007acc   0x00000090   Code   RO         6107    i.lfs_dir_open_     lfs.o
    0x08007b5c   0x08007b5c   0x000003ec   Code   RO         6108    i.lfs_dir_orphaningcommit  lfs.o
    0x08007f48   0x08007f48   0x00000004   Code   RO         6109    i.lfs_dir_read      lfs.o
    0x08007f4c   0x08007f4c   0x0000008c   Code   RO         6110    i.lfs_dir_read_     lfs.o
    0x08007fd8   0x08007fd8   0x000002fc   Code   RO         6111    i.lfs_dir_relocatingcommit  lfs.o
    0x080082d4   0x080082d4   0x00000070   Code   RO         6116    i.lfs_dir_split     lfs.o
    0x08008344   0x08008344   0x00000210   Code   RO         6117    i.lfs_dir_splittingcompact  lfs.o
    0x08008554   0x08008554   0x00000288   Code   RO         6119    i.lfs_dir_traverse  lfs.o
    0x080087dc   0x080087dc   0x0000007c   Code   RO         6120    i.lfs_dir_traverse_filter  lfs.o
    0x08008858   0x08008858   0x0000001e   Code   RO         6121    i.lfs_file_close    lfs.o
    0x08008876   0x08008876   0x00000024   Code   RO         6122    i.lfs_file_close_   lfs.o
    0x0800889a   0x0800889a   0x00000002   PAD
    0x0800889c   0x0800889c   0x00000134   Code   RO         6123    i.lfs_file_flush    lfs.o
    0x080089d0   0x080089d0   0x000000f8   Code   RO         6124    i.lfs_file_flushedread  lfs.o
    0x08008ac8   0x08008ac8   0x00000116   Code   RO         6125    i.lfs_file_flushedwrite  lfs.o
    0x08008bde   0x08008bde   0x00000002   PAD
    0x08008be0   0x08008be0   0x0000002c   Code   RO         6126    i.lfs_file_open     lfs.o
    0x08008c0c   0x08008c0c   0x00000240   Code   RO         6128    i.lfs_file_opencfg_  lfs.o
    0x08008e4c   0x08008e4c   0x00000022   Code   RO         6129    i.lfs_file_outline  lfs.o
    0x08008e6e   0x08008e6e   0x00000042   Code   RO         6130    i.lfs_file_read     lfs.o
    0x08008eb0   0x08008eb0   0x00000134   Code   RO         6131    i.lfs_file_relocate  lfs.o
    0x08008fe4   0x08008fe4   0x000000c0   Code   RO         6138    i.lfs_file_sync_    lfs.o
    0x080090a4   0x080090a4   0x00000028   Code   RO         6142    i.lfs_file_write    lfs.o
    0x080090cc   0x080090cc   0x0000008e   Code   RO         6143    i.lfs_file_write_   lfs.o
    0x0800915a   0x0800915a   0x00000002   PAD
    0x0800915c   0x0800915c   0x00000034   Code   RO         6866    i.lfs_flash_erase   lfs_port.o
    0x08009190   0x08009190   0x00000044   Code   RO         6867    i.lfs_flash_prog    lfs_port.o
    0x080091d4   0x080091d4   0x00000044   Code   RO         6868    i.lfs_flash_read    lfs_port.o
    0x08009218   0x08009218   0x00000004   Code   RO         6869    i.lfs_flash_sync    lfs_port.o
    0x0800921c   0x0800921c   0x00000004   Code   RO         6144    i.lfs_format        lfs.o
    0x08009220   0x08009220   0x000000c8   Code   RO         6145    i.lfs_format_       lfs.o
    0x080092e8   0x080092e8   0x0000000c   Code   RO         6146    i.lfs_frombe32      lfs.o
    0x080092f4   0x080092f4   0x00000008   Code   RO         6147    i.lfs_fromle32      lfs.o
    0x080092fc   0x080092fc   0x000000d8   Code   RO         6148    i.lfs_fs_demove     lfs.o
    0x080093d4   0x080093d4   0x00000268   Code   RO         6149    i.lfs_fs_deorphan   lfs.o
    0x0800963c   0x0800963c   0x000000c0   Code   RO         6150    i.lfs_fs_desuperblock  lfs.o
    0x080096fc   0x080096fc   0x00000024   Code   RO         6151    i.lfs_fs_forceconsistency  lfs.o
    0x08009720   0x08009720   0x0000008c   Code   RO         6157    i.lfs_fs_parent     lfs.o
    0x080097ac   0x080097ac   0x0000003e   Code   RO         6158    i.lfs_fs_parent_match  lfs.o
    0x080097ea   0x080097ea   0x00000002   PAD
    0x080097ec   0x080097ec   0x00000064   Code   RO         6159    i.lfs_fs_pred       lfs.o
    0x08009850   0x08009850   0x00000044   Code   RO         6160    i.lfs_fs_prepmove   lfs.o
    0x08009894   0x08009894   0x00000036   Code   RO         6161    i.lfs_fs_preporphans  lfs.o
    0x080098ca   0x080098ca   0x00000002   PAD
    0x080098cc   0x080098cc   0x0000001c   Code   RO         6163    i.lfs_fs_size_      lfs.o
    0x080098e8   0x080098e8   0x0000000a   Code   RO         6164    i.lfs_fs_size_count  lfs.o
    0x080098f2   0x080098f2   0x00000002   PAD
    0x080098f4   0x080098f4   0x00000158   Code   RO         6167    i.lfs_fs_traverse_  lfs.o
    0x08009a4c   0x08009a4c   0x00000010   Code   RO         6170    i.lfs_gstate_hasmove  lfs.o
    0x08009a5c   0x08009a5c   0x0000001a   Code   RO         6171    i.lfs_gstate_hasmovehere  lfs.o
    0x08009a76   0x08009a76   0x0000000c   Code   RO         6172    i.lfs_gstate_hasorphans  lfs.o
    0x08009a82   0x08009a82   0x00000014   Code   RO         6173    i.lfs_gstate_iszero  lfs.o
    0x08009a96   0x08009a96   0x0000000e   Code   RO         6174    i.lfs_gstate_needssuperblock  lfs.o
    0x08009aa4   0x08009aa4   0x0000001e   Code   RO         6175    i.lfs_gstate_tole32  lfs.o
    0x08009ac2   0x08009ac2   0x0000001a   Code   RO         6176    i.lfs_gstate_xor    lfs.o
    0x08009adc   0x08009adc   0x000001d8   Code   RO         6177    i.lfs_init          lfs.o
    0x08009cb4   0x08009cb4   0x00000004   Code   RO         6178    i.lfs_malloc        lfs.o
    0x08009cb8   0x08009cb8   0x00000008   Code   RO         6179    i.lfs_max           lfs.o
    0x08009cc0   0x08009cc0   0x00000008   Code   RO         6180    i.lfs_min           lfs.o
    0x08009cc8   0x08009cc8   0x00000016   Code   RO         6183    i.lfs_mlist_isopen  lfs.o
    0x08009cde   0x08009cde   0x00000018   Code   RO         6184    i.lfs_mlist_remove  lfs.o
    0x08009cf6   0x08009cf6   0x00000004   Code   RO         6185    i.lfs_mount         lfs.o
    0x08009cfa   0x08009cfa   0x00000002   PAD
    0x08009cfc   0x08009cfc   0x0000040c   Code   RO         6186    i.lfs_mount_        lfs.o
    0x0800a108   0x0800a108   0x00000020   Code   RO         6187    i.lfs_pair_cmp      lfs.o
    0x0800a128   0x0800a128   0x00000016   Code   RO         6188    i.lfs_pair_fromle32  lfs.o
    0x0800a13e   0x0800a13e   0x00000014   Code   RO         6189    i.lfs_pair_isnull   lfs.o
    0x0800a152   0x0800a152   0x00000024   Code   RO         6190    i.lfs_pair_issync   lfs.o
    0x0800a176   0x0800a176   0x00000016   Code   RO         6191    i.lfs_pair_tole32   lfs.o
    0x0800a18c   0x0800a18c   0x00000012   Code   RO         6192    i.lfs_path_isdir    lfs.o
    0x0800a19e   0x0800a19e   0x00000002   PAD
    0x0800a1a0   0x0800a1a0   0x00000024   Code   RO         6193    i.lfs_path_islast   lfs.o
    0x0800a1c4   0x0800a1c4   0x0000000c   Code   RO         6194    i.lfs_path_namelen  lfs.o
    0x0800a1d0   0x0800a1d0   0x0000002e   Code   RO         6195    i.lfs_popc          lfs.o
    0x0800a1fe   0x0800a1fe   0x00000002   PAD
    0x0800a200   0x0800a200   0x00000024   Code   RO         6871    i.lfs_port_init     lfs_port.o
    0x0800a224   0x0800a224   0x0000002c   Code   RO         6872    i.lfs_port_mount    lfs_port.o
    0x0800a250   0x0800a250   0x00000046   Code   RO         6202    i.lfs_stat          lfs.o
    0x0800a296   0x0800a296   0x00000036   Code   RO         6203    i.lfs_superblock_fromle32  lfs.o
    0x0800a2cc   0x0800a2cc   0x00000036   Code   RO         6204    i.lfs_superblock_tole32  lfs.o
    0x0800a302   0x0800a302   0x00000012   Code   RO         6205    i.lfs_tag_dsize     lfs.o
    0x0800a314   0x0800a314   0x00000010   Code   RO         6206    i.lfs_tag_isdelete  lfs.o
    0x0800a324   0x0800a324   0x00000006   Code   RO         6207    i.lfs_tag_splice    lfs.o
    0x0800a32a   0x0800a32a   0x00000004   Code   RO         6208    i.lfs_tole32        lfs.o
    0x0800a32e   0x0800a32e   0x00000002   PAD
    0x0800a330   0x0800a330   0x00000094   Code   RO         6209    i.lfs_tortoise_detectcycles  lfs.o
    0x0800a3c4   0x0800a3c4   0x00000404   Code   RO         6873    i.littlefs_demo     lfs_port.o
    0x0800a7c8   0x0800a7c8   0x00000108   Code   RO          247    i.main              main.o
    0x0800a8d0   0x0800a8d0   0x000000ac   Code   RO         6968    i.make_address_byte_array  sfud.o
    0x0800a97c   0x0800a97c   0x0000006c   Code   RO         7498    i.malloc            mc_w.l(malloc.o)
    0x0800a9e8   0x0800a9e8   0x00000218   Code   RO         6969    i.page256_or_1_byte_write  sfud.o
    0x0800ac00   0x0800ac00   0x00000004   Code   RO         1574    i.read_addr         usmart.o
    0x0800ac04   0x0800ac04   0x00000144   Code   RO         7107    i.read_basic_header  sfud_sfdp.o
    0x0800ad48   0x0800ad48   0x00000504   Code   RO         7108    i.read_basic_table  sfud_sfdp.o
    0x0800b24c   0x0800b24c   0x000000a4   Code   RO         6970    i.read_jedec_id     sfud.o
    0x0800b2f0   0x0800b2f0   0x00000108   Code   RO         7109    i.read_sfdp_data    sfud_sfdp.o
    0x0800b3f8   0x0800b3f8   0x00000188   Code   RO         7110    i.read_sfdp_header  sfud_sfdp.o
    0x0800b580   0x0800b580   0x00000114   Code   RO         6971    i.reset             sfud.o
    0x0800b694   0x0800b694   0x0000000e   Code   RO         7150    i.retry_delay_100us  sfud_port.o
    0x0800b6a2   0x0800b6a2   0x00000002   PAD
    0x0800b6a4   0x0800b6a4   0x00000120   Code   RO         6972    i.set_4_byte_address_mode  sfud.o
    0x0800b7c4   0x0800b7c4   0x00000100   Code   RO         6973    i.set_write_enabled  sfud.o
    0x0800b8c4   0x0800b8c4   0x0000013c   Code   RO         6974    i.sfud_chip_erase   sfud.o
    0x0800ba00   0x0800ba00   0x000001dc   Code   RO         6874    i.sfud_demo         lfs_port.o
    0x0800bbdc   0x0800bbdc   0x000000e8   Code   RO         6975    i.sfud_device_init  sfud.o
    0x0800bcc4   0x0800bcc4   0x000001ec   Code   RO         6976    i.sfud_erase        sfud.o
    0x0800beb0   0x0800beb0   0x0000001c   Code   RO         6978    i.sfud_get_device   sfud.o
    0x0800becc   0x0800becc   0x000000a8   Code   RO         6981    i.sfud_init         sfud.o
    0x0800bf74   0x0800bf74   0x00000048   Code   RO         7151    i.sfud_log_debug    sfud_port.o
    0x0800bfbc   0x0800bfbc   0x0000003c   Code   RO         7152    i.sfud_log_info     sfud_port.o
    0x0800bff8   0x0800bff8   0x00000144   Code   RO         6982    i.sfud_read         sfud.o
    0x0800c13c   0x0800c13c   0x00000094   Code   RO         7111    i.sfud_read_sfdp    sfud_sfdp.o
    0x0800c1d0   0x0800c1d0   0x00000098   Code   RO         6983    i.sfud_read_status  sfud.o
    0x0800c268   0x0800c268   0x000000b4   Code   RO         7112    i.sfud_sfdp_get_suitable_eraser  sfud_sfdp.o
    0x0800c31c   0x0800c31c   0x0000003c   Code   RO         7153    i.sfud_spi_port_init  sfud_port.o
    0x0800c358   0x0800c358   0x0000002a   Code   RO         6984    i.sfud_write        sfud.o
    0x0800c382   0x0800c382   0x00000002   PAD
    0x0800c384   0x0800c384   0x000000e0   Code   RO         6985    i.sfud_write_status  sfud.o
    0x0800c464   0x0800c464   0x00000004   Code   RO         7154    i.spi_lock          sfud_port.o
    0x0800c468   0x0800c468   0x00000004   Code   RO         7155    i.spi_unlock        sfud_port.o
    0x0800c46c   0x0800c46c   0x000000ec   Code   RO         7156    i.spi_write_read    sfud_port.o
    0x0800c558   0x0800c558   0x00000094   Code   RO         1575    i.usmart_cmd_rec    usmart.o
    0x0800c5ec   0x0800c5ec   0x00000260   Code   RO         1576    i.usmart_exe        usmart.o
    0x0800c84c   0x0800c84c   0x000000a4   Code   RO         1718    i.usmart_get_aparm  usmart_str.o
    0x0800c8f0   0x0800c8f0   0x0000002e   Code   RO         1719    i.usmart_get_cmdname  usmart_str.o
    0x0800c91e   0x0800c91e   0x00000002   PAD
    0x0800c920   0x0800c920   0x00000168   Code   RO         1720    i.usmart_get_fname  usmart_str.o
    0x0800ca88   0x0800ca88   0x000000d0   Code   RO         1721    i.usmart_get_fparam  usmart_str.o
    0x0800cb58   0x0800cb58   0x00000020   Code   RO         1668    i.usmart_get_input_string  usmart_port.o
    0x0800cb78   0x0800cb78   0x00000024   Code   RO         1722    i.usmart_get_parmpos  usmart_str.o
    0x0800cb9c   0x0800cb9c   0x00000028   Code   RO         1577    i.usmart_init       usmart.o
    0x0800cbc4   0x0800cbc4   0x00000010   Code   RO         1723    i.usmart_pow        usmart_str.o
    0x0800cbd4   0x0800cbd4   0x00000090   Code   RO         1578    i.usmart_scan       usmart.o
    0x0800cc64   0x0800cc64   0x00000010   Code   RO         1724    i.usmart_search_nextc  usmart_str.o
    0x0800cc74   0x0800cc74   0x000000d6   Code   RO         1725    i.usmart_str2num    usmart_str.o
    0x0800cd4a   0x0800cd4a   0x00000018   Code   RO         1726    i.usmart_strcmp     usmart_str.o
    0x0800cd62   0x0800cd62   0x00000012   Code   RO         1727    i.usmart_strcopy    usmart_str.o
    0x0800cd74   0x0800cd74   0x00000012   Code   RO         1728    i.usmart_strlen     usmart_str.o
    0x0800cd86   0x0800cd86   0x00000002   PAD
    0x0800cd88   0x0800cd88   0x00000680   Code   RO         1579    i.usmart_sys_cmd_exe  usmart.o
    0x0800d408   0x0800d408   0x00000030   Code   RO         1669    i.usmart_timx_get_time  usmart_port.o
    0x0800d438   0x0800d438   0x00000050   Code   RO         1670    i.usmart_timx_init  usmart_port.o
    0x0800d488   0x0800d488   0x00000028   Code   RO         1671    i.usmart_timx_reset_time  usmart_port.o
    0x0800d4b0   0x0800d4b0   0x000000cc   Code   RO         6986    i.wait_busy         sfud.o
    0x0800d57c   0x0800d57c   0x00000004   Code   RO         1580    i.write_addr        usmart.o
    0x0800d580   0x0800d580   0x00000040   Data   RO          924    .constdata          lcd_font.o
    0x0800d5c0   0x0800d5c0   0x00000474   Data   RO          925    .constdata          lcd_font.o
    0x0800da34   0x0800da34   0x000005f0   Data   RO          926    .constdata          lcd_font.o
    0x0800e024   0x0800e024   0x000011d0   Data   RO          927    .constdata          lcd_font.o
    0x0800f1f4   0x0800f1f4   0x000017c0   Data   RO          928    .constdata          lcd_font.o
    0x080109b4   0x080109b4   0x00000014   Data   RO         2105    .constdata          sd_diskio.o
    0x080109c8   0x080109c8   0x00000008   Data   RO         2704    .constdata          stm32f4xx_hal_dma.o
    0x080109d0   0x080109d0   0x00000010   Data   RO         5569    .constdata          system_stm32f4xx.o
    0x080109e0   0x080109e0   0x00000008   Data   RO         5570    .constdata          system_stm32f4xx.o
    0x080109e8   0x080109e8   0x00000208   Data   RO         6212    .constdata          lfs.o
    0x08010bf0   0x08010bf0   0x00000040   Data   RO         6954    .constdata          lfs_util.o
    0x08010c30   0x08010c30   0x00000448   Data   RO         6988    .constdata          sfud.o
    0x08011078   0x08011078   0x00000070   Data   RO         7113    .constdata          sfud_sfdp.o
    0x080110e8   0x080110e8   0x0000000f   Data   RO         7158    .constdata          sfud_port.o
    0x080110f7   0x080110f7   0x00000001   PAD
    0x080110f8   0x080110f8   0x0000000a   Data   RO          814    .conststring        lcd_core.o
    0x08011102   0x08011102   0x00000002   PAD
    0x08011104   0x08011104   0x0000000a   Data   RO          815    .conststring        lcd_core.o
    0x0801110e   0x0801110e   0x00000002   PAD
    0x08011110   0x08011110   0x0000000a   Data   RO          816    .conststring        lcd_core.o
    0x0801111a   0x0801111a   0x00000002   PAD
    0x0801111c   0x0801111c   0x0000000a   Data   RO          817    .conststring        lcd_core.o
    0x08011126   0x08011126   0x00000002   PAD
    0x08011128   0x08011128   0x00000096   Data   RO         1423    .conststring        my_menu.o
    0x080111be   0x080111be   0x00000002   PAD
    0x080111c0   0x080111c0   0x00000028   Data   RO         1581    .conststring        usmart.o
    0x080111e8   0x080111e8   0x00000052   Data   RO         1641    .conststring        usmart_config.o
    0x0801123a   0x0801123a   0x00000002   PAD
    0x0801123c   0x0801123c   0x0000004d   Data   RO         6213    .conststring        lfs.o
    0x08011289   0x08011289   0x00000003   PAD
    0x0801128c   0x0801128c   0x00000123   Data   RO         6879    .conststring        lfs_port.o
    0x080113af   0x080113af   0x00000001   PAD
    0x080113b0   0x080113b0   0x00000285   Data   RO         6989    .conststring        sfud.o
    0x08011635   0x08011635   0x00000003   PAD
    0x08011638   0x08011638   0x00000393   Data   RO         7114    .conststring        sfud_sfdp.o
    0x080119cb   0x080119cb   0x00000001   PAD
    0x080119cc   0x080119cc   0x00000020   Data   RO         7566    Region$$Table       anon$$obj.o


    Execution Region RW_IRAM1 (Exec base: 0x20000000, Load base: 0x080119ec, Size: 0x000028d8, Max: 0x0001c000, ABSOLUTE, COMPRESSED[0x0000015c])

    Exec Addr    Load Addr    Size         Type   Attr      Idx    E Section Name        Object

    0x20000000   COMPRESSED   0x0000002c   Data   RW          250    .data               main.o
    0x2000002c   COMPRESSED   0x0000002c   Data   RW          251    .data               main.o
    0x20000058   COMPRESSED   0x0000000c   Data   RW          818    .data               lcd_core.o
    0x20000064   COMPRESSED   0x0000000c   Data   RW          819    .data               lcd_core.o
    0x20000070   COMPRESSED   0x0000000c   Data   RW          820    .data               lcd_core.o
    0x2000007c   COMPRESSED   0x0000000c   Data   RW          821    .data               lcd_core.o
    0x20000088   COMPRESSED   0x00000060   Data   RW          822    .data               lcd_core.o
    0x200000e8   COMPRESSED   0x00000001   Data   RW         1313    .data               cot_menu.o
    0x200000e9   COMPRESSED   0x00000003   PAD
    0x200000ec   COMPRESSED   0x0000013c   Data   RW         1424    .data               my_menu.o
    0x20000228   COMPRESSED   0x0000001c   Data   RW         1582    .data               usmart.o
    0x20000244   COMPRESSED   0x00000010   Data   RW         1642    .data               usmart_config.o
    0x20000254   COMPRESSED   0x000000f4   Data   RW         1643    .data               usmart_config.o
    0x20000348   COMPRESSED   0x00000004   Data   RW         1874    .data               delay.o
    0x2000034c   COMPRESSED   0x00000004   Data   RW         1923    .data               user_usart.o
    0x20000350   COMPRESSED   0x00000004   Data   RW         1924    .data               user_usart.o
    0x20000354   COMPRESSED   0x00000001   Data   RW         2106    .data               sd_diskio.o
    0x20000355   COMPRESSED   0x00000005   Data   RW         2165    .data               fatfs.o
    0x2000035a   COMPRESSED   0x00000002   PAD
    0x2000035c   COMPRESSED   0x0000000c   Data   RW         3149    .data               stm32f4xx_hal.o
    0x20000368   COMPRESSED   0x00000004   Data   RW         5571    .data               system_stm32f4xx.o
    0x2000036c   COMPRESSED   0x00000058   Data   RW         6880    .data               lfs_port.o
    0x200003c4   COMPRESSED   0x00000074   Data   RW         6990    .data               sfud.o
    0x20000438   COMPRESSED   0x0000000c   Data   RW         7159    .data               sfud_port.o
    0x20000444   COMPRESSED   0x00000004   Data   RW         7547    .data               mc_w.l(mvars.o)
    0x20000448   COMPRESSED   0x00000004   Data   RW         7548    .data               mc_w.l(mvars.o)
    0x2000044c        -       0x00000280   Zero   RW          248    .bss                main.o
    0x200006cc        -       0x00000084   Zero   RW          454    .bss                sdio.o
    0x20000750        -       0x000000b0   Zero   RW          497    .bss                spi.o
    0x20000800        -       0x00000090   Zero   RW          548    .bss                tim.o
    0x20000890        -       0x00000150   Zero   RW          612    .bss                usart.o
    0x200009e0        -       0x000000b4   Zero   RW         1312    .bss                cot_menu.o
    0x20000a94        -       0x00000020   Zero   RW         1422    .bss                my_menu.o
    0x20000ab4        -       0x00000048   Zero   RW         1672    .bss                usmart_port.o
    0x20000afc        -       0x000000c8   Zero   RW         1922    .bss                user_usart.o
    0x20000bc4        -       0x0000000c   Zero   RW         5997    .bss                ff_gen_drv.o
    0x20000bd0        -       0x00000480   Zero   RW         6875    .bss                lfs_port.o
    0x20001050        -       0x00000100   Zero   RW         6876    .bss                lfs_port.o
    0x20001150        -       0x00000100   Zero   RW         6877    .bss                lfs_port.o
    0x20001250        -       0x00000080   Zero   RW         6878    .bss                lfs_port.o
    0x200012d0        -       0x00000105   Zero   RW         6987    .bss                sfud.o
    0x200013d5        -       0x00000100   Zero   RW         7157    .bss                sfud_port.o
    0x200014d5   COMPRESSED   0x00000003   PAD
    0x200014d8        -       0x00000400   Zero   RW            2    HEAP                startup_stm32f407xx.o
    0x200018d8        -       0x00001000   Zero   RW            1    STACK               startup_stm32f407xx.o


    Execution Region RW_IRAM2 (Exec base: 0x2001c000, Load base: 0x08011b48, Size: 0x00000000, Max: 0x00004000, ABSOLUTE)

    **** No section assigned to this execution region ****


==============================================================================

Image component sizes


      Code (inc. data)   RO Data    RW Data    ZI Data      Debug   Object Name

       172         24          0          0          0       7155   bsp_driver_sd.o
       558         44          0          1        180       6847   cot_menu.o
        80         10          0          4          0       2787   delay.o
        60          4          0          0          0        786   dma.o
        28         10          0          5          0       1054   fatfs.o
        70          6          0          0         12       1639   ff_gen_drv.o
       260         22          0          0          0       1051   gpio.o
      1876         30         40        144          0      13459   lcd_core.o
         0          0      13364          0          0       1364   lcd_font.o
       230          0          0          0          0       6200   lcd_port.o
       176         48          0          0          0     729587   led.o
     16486       2036        597          0          0     111792   lfs.o
      1812        924        291         88       1792      10732   lfs_port.o
        56          6         64          0          0       1070   lfs_util.o
       504        116          0         88        640      20175   main.o
      1224        170        150        316         32       8816   my_menu.o
       220         14         20          1          0       4640   sd_diskio.o
       220         26          0          0        132       1701   sdio.o
      5082       2350       1741        116        261      20958   sfud.o
       450        176         15         12        256       5214   sfud_port.o
      2592       1424       1027          0          0       6357   sfud_sfdp.o
       316         40          0          0        176       2402   spi.o
        36          8        392          0       5120        836   startup_stm32f407xx.o
       144         24          0         12          0       8781   stm32f4xx_hal.o
       198         14          0          0          0      33795   stm32f4xx_hal_cortex.o
       934         16          8          0          0       5655   stm32f4xx_hal_dma.o
       490         46          0          0          0       2945   stm32f4xx_hal_gpio.o
        48          6          0          0          0        862   stm32f4xx_hal_msp.o
      1324         72          0          0          0       5412   stm32f4xx_hal_rcc.o
      2648         38          0          0          0      13823   stm32f4xx_hal_sd.o
      1762         16          0          0          0       8426   stm32f4xx_hal_spi.o
      1746        108          0          0          0      15640   stm32f4xx_hal_tim.o
       148         28          0          0          0       2581   stm32f4xx_hal_tim_ex.o
      1382         14          0          0          0       9364   stm32f4xx_hal_uart.o
        92         36          0          0          0       7040   stm32f4xx_it.o
      1552         50          0          0          0      22152   stm32f4xx_ll_sdmmc.o
        16          4         24          4          0       1135   system_stm32f4xx.o
         2          0          0          0          0        772   task.o
       360         40          0          0        144       3497   tim.o
       444         50          0          0        336       3215   usart.o
       120         20          0          8        200       3315   user_usart.o
      2612       1308         40         28          0       5966   usmart.o
         0          0         82        260          0       1356   usmart_config.o
       252         46          0          0         72       3382   usmart_port.o
      1120         20          0          0          0       9707   usmart_str.o

    ----------------------------------------------------------------------
     50008       9444      17908       1092       9356    1135443   Object Totals
         0          0         32          0          0          0   (incl. Generated)
       106          0         21          5          3          0   (incl. Padding)

    ----------------------------------------------------------------------

      Code (inc. data)   RO Data    RW Data    ZI Data      Debug   Library Member Name

        86          0          0          0          0          0   __dczerorl2.o
         0          0          0          0          0          0   entry.o
         0          0          0          0          0          0   entry10a.o
         0          0          0          0          0          0   entry11a.o
         8          4          0          0          0          0   entry2.o
         4          0          0          0          0          0   entry5.o
         0          0          0          0          0          0   entry7b.o
         0          0          0          0          0          0   entry8b.o
         8          4          0          0          0          0   entry9a.o
        30          0          0          0          0          0   handlers.o
        36          8          0          0          0         68   init.o
         0          0          0          0          0          0   iusefp.o
        30          0          0          0          0         68   llshl.o
        36          0          0          0          0         68   llsshr.o
        32          0          0          0          0         68   llushr.o
       188         20          0          0          0        160   malloc.o
        26          0          0          0          0         80   memcmp.o
        36          0          0          0          0         68   memcpya.o
        36          0          0          0          0        108   memseta.o
         0          0          0          8          0          0   mvars.o
      2324         94          0          0          0        600   printfa.o
        20          0          0          0          0         68   strchr.o
        28          0          0          0          0         76   strcmp.o
        18          0          0          0          0         68   strcpy.o
        34          0          0          0          0         80   strcspn.o
        14          0          0          0          0         68   strlen.o
        24          0          0          0          0         76   strncpy.o
        28          0          0          0          0         80   strspn.o
        44          0          0          0          0         80   uidiv.o
        98          0          0          0          0         92   uldiv.o
        48          0          0          0          0         68   cdrcmple.o
       334          0          0          0          0        148   dadd.o
       222          0          0          0          0        100   ddiv.o
       186          0          0          0          0        176   depilogue.o
        48          0          0          0          0         68   dfixul.o
       228          0          0          0          0         96   dmul.o

    ----------------------------------------------------------------------
      4256        130          0          8          0       2632   Library Totals
         2          0          0          0          0          0   (incl. Padding)

    ----------------------------------------------------------------------

      Code (inc. data)   RO Data    RW Data    ZI Data      Debug   Library Name

      3188        130          0          8          0       1976   mc_w.l
      1066          0          0          0          0        656   mf_w.l

    ----------------------------------------------------------------------
      4256        130          0          8          0       2632   Library Totals

    ----------------------------------------------------------------------

==============================================================================


      Code (inc. data)   RO Data    RW Data    ZI Data      Debug   

     54264       9574      17908       1100       9356    1097503   Grand Totals
     54264       9574      17908        348       9356    1097503   ELF Image Totals (compressed)
     54264       9574      17908        348          0          0   ROM Totals

==============================================================================

    Total RO  Size (Code + RO Data)                72172 (  70.48kB)
    Total RW  Size (RW Data + ZI Data)             10456 (  10.21kB)
    Total ROM Size (Code + RO Data + RW Data)      72520 (  70.82kB)

==============================================================================

