<html>
<body>
<pre>
<h1>µVision Build Log</h1>
<h2>Tool Versions:</h2>
IDE-Version: ¦ÌVision V5.41.0.0
Copyright (C) 2024 ARM Ltd and ARM Germany GmbH. All rights reserved.
License Information: jhg 341182521@qq.com, ghf, LIC=D0D7S-LZTUH-KPJZY-IFPP3-BSK4L-Y2YCK
 
Tool Versions:
Toolchain:       MDK-ARM Plus  Version: 5.41.0.0
Toolchain Path:  C:\Users\34118\AppData\Local\Keil_v5\ARM\ARMCC\Bin
C Compiler:      Armcc.exe V5.06 update 7 (build 960)
Assembler:       Armasm.exe V5.06 update 7 (build 960)
Linker/Locator:  ArmLink.exe V5.06 update 7 (build 960)
Library Manager: ArmAr.exe V5.06 update 7 (build 960)
Hex Converter:   FromElf.exe V5.06 update 7 (build 960)
CPU DLL:         SARMCM3.DLL V5.41.0.0
Dialog DLL:      DCM.DLL V1.17.5.0
Target DLL:      CMSIS_AGDI.dll V1.33.21.0
Dialog DLL:      TCM.DLL V1.56.4.0
 
<h2>Project:</h2>
c:\Users\34118\Desktop\SD_LCD\MDK-ARM\Downloads.uvprojx
Project File Date:  03/30/2025

<h2>Output:</h2>
*** Using Compiler 'V5.06 update 7 (build 960)', folder: 'C:\Users\34118\AppData\Local\Keil_v5\ARM\ARMCC\Bin'
Build target 'Downloads'
Note: source file '..\Middlewares\USMART\SYSTEM\usart\usart.c' - object file renamed from 'Downloads\usart.o' to 'Downloads\usart_1.o'.
assembling startup_stm32f407xx.s...
compiling stm32f4xx_hal_msp.c...
compiling spi.c...
compiling sdio.c...
compiling gpio.c...
compiling sd_diskio.c...
compiling LED.c...
compiling stm32f4xx_it.c...
compiling diskio.c...
compiling syscall.c...
compiling ff_gen_drv.c...
compiling fatfs.c...
compiling tim.c...
compiling usart.c...
compiling main.c...
compiling ff.c...
compiling lcd_port.c...
compiling encoder.c...
compiling control.c...
compiling LineTracking.c...
compiling my_menu.c...
linking...
Program Size: Code=33068 RO-data=14236 RW-data=848 ZI-data=6784  
FromELF: creating hex file...
"Downloads\Downloads.axf" - 0 Error(s), 0 Warning(s).

<h2>Software Packages used:</h2>

Package Vendor: ARM
                https://www.keil.com/pack/ARM.CMSIS.6.1.0.pack
                ARM::CMSIS@6.1.0
                CMSIS (Common Microcontroller Software Interface Standard)
   * Component: CORE Version: 6.1.0

Package Vendor: Keil
                https://www.keil.com/pack/Keil.STM32F4xx_DFP.3.0.0.pack
                Keil::STM32F4xx_DFP@3.0.0
                STMicroelectronics STM32F4 Series Device Support

<h2>Collection of Component include folders:</h2>
  ./RTE/_Downloads
  C:/Users/34118/AppData/Local/Arm/Packs/ARM/CMSIS/6.1.0/CMSIS/Core/Include

<h2>Collection of Component Files used:</h2>

   * Component: ARM::CMSIS:CORE@6.1.0
      Include file:  CMSIS/Core/Include/tz_context.h
Build Time Elapsed:  00:00:05
</pre>
</body>
</html>
