Component: ARM Compiler 5.06 update 7 (build 960) Tool: armlink [4d3601]

==============================================================================

Section Cross References

    startup_stm32f407xx.o(RESET) refers to startup_stm32f407xx.o(STACK) for __initial_sp
    startup_stm32f407xx.o(RESET) refers to startup_stm32f407xx.o(.text) for Reset_Handler
    startup_stm32f407xx.o(RESET) refers to stm32f4xx_it.o(i.NMI_Handler) for NMI_Handler
    startup_stm32f407xx.o(RESET) refers to stm32f4xx_it.o(i.HardFault_Handler) for HardFault_Handler
    startup_stm32f407xx.o(RESET) refers to stm32f4xx_it.o(i.MemManage_Handler) for MemManage_Handler
    startup_stm32f407xx.o(RESET) refers to stm32f4xx_it.o(i.BusFault_Handler) for BusFault_Handler
    startup_stm32f407xx.o(RESET) refers to stm32f4xx_it.o(i.UsageFault_Handler) for UsageFault_Handler
    startup_stm32f407xx.o(RESET) refers to stm32f4xx_it.o(i.SVC_Handler) for SVC_Handler
    startup_stm32f407xx.o(RESET) refers to stm32f4xx_it.o(i.DebugMon_Handler) for DebugMon_Handler
    startup_stm32f407xx.o(RESET) refers to stm32f4xx_it.o(i.PendSV_Handler) for PendSV_Handler
    startup_stm32f407xx.o(RESET) refers to stm32f4xx_it.o(i.SysTick_Handler) for SysTick_Handler
    startup_stm32f407xx.o(RESET) refers to stm32f4xx_it.o(i.USART1_IRQHandler) for USART1_IRQHandler
    startup_stm32f407xx.o(RESET) refers to stm32f4xx_it.o(i.SDIO_IRQHandler) for SDIO_IRQHandler
    startup_stm32f407xx.o(RESET) refers to stm32f4xx_it.o(i.DMA2_Stream7_IRQHandler) for DMA2_Stream7_IRQHandler
    startup_stm32f407xx.o(.text) refers to system_stm32f4xx.o(i.SystemInit) for SystemInit
    startup_stm32f407xx.o(.text) refers to entry.o(.ARM.Collect$$$$00000000) for __main
    main.o(i.SystemClock_Config) refers to memseta.o(.text) for __aeabi_memclr4
    main.o(i.SystemClock_Config) refers to stm32f4xx_hal_rcc.o(i.HAL_RCC_OscConfig) for HAL_RCC_OscConfig
    main.o(i.SystemClock_Config) refers to stm32f4xx_hal_rcc.o(i.HAL_RCC_ClockConfig) for HAL_RCC_ClockConfig
    main.o(i.fputc) refers to stm32f4xx_hal_uart.o(i.HAL_UART_Transmit) for HAL_UART_Transmit
    main.o(i.fputc) refers to usart.o(.bss) for huart1
    main.o(i.led_off) refers to stm32f4xx_hal_gpio.o(i.HAL_GPIO_WritePin) for HAL_GPIO_WritePin
    main.o(i.led_on) refers to stm32f4xx_hal_gpio.o(i.HAL_GPIO_WritePin) for HAL_GPIO_WritePin
    main.o(i.led_toggle) refers to stm32f4xx_hal_gpio.o(i.HAL_GPIO_TogglePin) for HAL_GPIO_TogglePin
    main.o(i.main) refers to stm32f4xx_hal.o(i.HAL_Init) for HAL_Init
    main.o(i.main) refers to main.o(i.SystemClock_Config) for SystemClock_Config
    main.o(i.main) refers to gpio.o(i.MX_GPIO_Init) for MX_GPIO_Init
    main.o(i.main) refers to sdio.o(i.MX_SDIO_SD_Init) for MX_SDIO_SD_Init
    main.o(i.main) refers to usart.o(i.MX_USART1_UART_Init) for MX_USART1_UART_Init
    main.o(i.main) refers to fatfs.o(i.MX_FATFS_Init) for MX_FATFS_Init
    main.o(i.main) refers to spi.o(i.MX_SPI1_Init) for MX_SPI1_Init
    main.o(i.main) refers to lcd_core.o(i.lcd_init_dev) for lcd_init_dev
    main.o(i.main) refers to lcd_core.o(i.lcd_print) for lcd_print
    main.o(i.main) refers to main.o(i.led_off) for led_off
    main.o(i.main) refers to fatfs.o(i.app_main) for app_main
    main.o(i.main) refers to lcd_core.o(i.lcd_set_font) for lcd_set_font
    main.o(i.main) refers to main.o(.data) for .data
    main.o(.data) refers to spi.o(.bss) for hspi1
    main.o(.data) refers to main.o(.data) for lcd_io_desc
    main.o(.data) refers to main.o(.bss) for line_buffer
    gpio.o(i.MX_GPIO_Init) refers to memseta.o(.text) for __aeabi_memclr4
    gpio.o(i.MX_GPIO_Init) refers to stm32f4xx_hal_gpio.o(i.HAL_GPIO_WritePin) for HAL_GPIO_WritePin
    gpio.o(i.MX_GPIO_Init) refers to stm32f4xx_hal_gpio.o(i.HAL_GPIO_Init) for HAL_GPIO_Init
    dma.o(i.MX_DMA_Init) refers to stm32f4xx_hal_cortex.o(i.HAL_NVIC_SetPriority) for HAL_NVIC_SetPriority
    dma.o(i.MX_DMA_Init) refers to stm32f4xx_hal_cortex.o(i.HAL_NVIC_EnableIRQ) for HAL_NVIC_EnableIRQ
    sdio.o(i.HAL_SD_MspDeInit) refers to stm32f4xx_hal_gpio.o(i.HAL_GPIO_DeInit) for HAL_GPIO_DeInit
    sdio.o(i.HAL_SD_MspDeInit) refers to stm32f4xx_hal_cortex.o(i.HAL_NVIC_DisableIRQ) for HAL_NVIC_DisableIRQ
    sdio.o(i.HAL_SD_MspInit) refers to memseta.o(.text) for __aeabi_memclr4
    sdio.o(i.HAL_SD_MspInit) refers to stm32f4xx_hal_gpio.o(i.HAL_GPIO_Init) for HAL_GPIO_Init
    sdio.o(i.HAL_SD_MspInit) refers to stm32f4xx_hal_cortex.o(i.HAL_NVIC_SetPriority) for HAL_NVIC_SetPriority
    sdio.o(i.HAL_SD_MspInit) refers to stm32f4xx_hal_cortex.o(i.HAL_NVIC_EnableIRQ) for HAL_NVIC_EnableIRQ
    sdio.o(i.MX_SDIO_SD_Init) refers to sdio.o(.bss) for .bss
    spi.o(i.HAL_SPI_MspDeInit) refers to stm32f4xx_hal_gpio.o(i.HAL_GPIO_DeInit) for HAL_GPIO_DeInit
    spi.o(i.HAL_SPI_MspInit) refers to memseta.o(.text) for __aeabi_memclr4
    spi.o(i.HAL_SPI_MspInit) refers to stm32f4xx_hal_gpio.o(i.HAL_GPIO_Init) for HAL_GPIO_Init
[...]
    i.SDIO_GetResponse                       0x0800263e   Section        0  stm32f4xx_ll_sdmmc.o(i.SDIO_GetResponse)
    i.SDIO_IRQHandler                        0x08002644   Section        0  stm32f4xx_it.o(i.SDIO_IRQHandler)
    i.SDIO_Init                              0x08002650   Section        0  stm32f4xx_ll_sdmmc.o(i.SDIO_Init)
    i.SDIO_PowerState_ON                     0x08002674   Section        0  stm32f4xx_ll_sdmmc.o(i.SDIO_PowerState_ON)
    i.SDIO_ReadFIFO                          0x0800267c   Section        0  stm32f4xx_ll_sdmmc.o(i.SDIO_ReadFIFO)
    i.SDIO_SendCommand                       0x08002682   Section        0  stm32f4xx_ll_sdmmc.o(i.SDIO_SendCommand)
    i.SDIO_WriteFIFO                         0x080026a2   Section        0  stm32f4xx_ll_sdmmc.o(i.SDIO_WriteFIFO)
    i.SDMMC_CmdAppCommand                    0x080026ac   Section        0  stm32f4xx_ll_sdmmc.o(i.SDMMC_CmdAppCommand)
    i.SDMMC_CmdAppOperCommand                0x080026e0   Section        0  stm32f4xx_ll_sdmmc.o(i.SDMMC_CmdAppOperCommand)
    i.SDMMC_CmdBlockLength                   0x08002714   Section        0  stm32f4xx_ll_sdmmc.o(i.SDMMC_CmdBlockLength)
    i.SDMMC_CmdGoIdleState                   0x08002748   Section        0  stm32f4xx_ll_sdmmc.o(i.SDMMC_CmdGoIdleState)
    i.SDMMC_CmdOperCond                      0x08002798   Section        0  stm32f4xx_ll_sdmmc.o(i.SDMMC_CmdOperCond)
    i.SDMMC_CmdReadMultiBlock                0x080027c8   Section        0  stm32f4xx_ll_sdmmc.o(i.SDMMC_CmdReadMultiBlock)
    i.SDMMC_CmdReadSingleBlock               0x080027fa   Section        0  stm32f4xx_ll_sdmmc.o(i.SDMMC_CmdReadSingleBlock)
    i.SDMMC_CmdSelDesel                      0x0800282c   Section        0  stm32f4xx_ll_sdmmc.o(i.SDMMC_CmdSelDesel)
    i.SDMMC_CmdSendCID                       0x0800285e   Section        0  stm32f4xx_ll_sdmmc.o(i.SDMMC_CmdSendCID)
    i.SDMMC_CmdSendCSD                       0x0800288a   Section        0  stm32f4xx_ll_sdmmc.o(i.SDMMC_CmdSendCSD)
    i.SDMMC_CmdSendStatus                    0x080028b6   Section        0  stm32f4xx_ll_sdmmc.o(i.SDMMC_CmdSendStatus)
    i.SDMMC_CmdSetRelAdd                     0x080028e8   Section        0  stm32f4xx_ll_sdmmc.o(i.SDMMC_CmdSetRelAdd)
    i.SDMMC_CmdStopTransfer                  0x08002918   Section        0  stm32f4xx_ll_sdmmc.o(i.SDMMC_CmdStopTransfer)
    i.SDMMC_CmdWriteMultiBlock               0x0800294c   Section        0  stm32f4xx_ll_sdmmc.o(i.SDMMC_CmdWriteMultiBlock)
    i.SDMMC_CmdWriteSingleBlock              0x0800297e   Section        0  stm32f4xx_ll_sdmmc.o(i.SDMMC_CmdWriteSingleBlock)
    i.SDMMC_GetCmdResp1                      0x080029b0   Section        0  stm32f4xx_ll_sdmmc.o(i.SDMMC_GetCmdResp1)
    i.SDMMC_GetCmdResp2                      0x08002ad0   Section        0  stm32f4xx_ll_sdmmc.o(i.SDMMC_GetCmdResp2)
    i.SDMMC_GetCmdResp3                      0x08002b20   Section        0  stm32f4xx_ll_sdmmc.o(i.SDMMC_GetCmdResp3)
    i.SDMMC_GetCmdResp6                      0x08002b64   Section        0  stm32f4xx_ll_sdmmc.o(i.SDMMC_GetCmdResp6)
    i.SDMMC_GetCmdResp7                      0x08002bec   Section        0  stm32f4xx_ll_sdmmc.o(i.SDMMC_GetCmdResp7)
    i.SD_CheckStatus                         0x08002c44   Section        0  sd_diskio.o(i.SD_CheckStatus)
    SD_CheckStatus                           0x08002c45   Thumb Code    26  sd_diskio.o(i.SD_CheckStatus)
    i.SD_DMARxAbort                          0x08002c64   Section        0  stm32f4xx_hal_sd.o(i.SD_DMARxAbort)
    SD_DMARxAbort                            0x08002c65   Thumb Code    68  stm32f4xx_hal_sd.o(i.SD_DMARxAbort)
    i.SD_DMATxAbort                          0x08002ca8   Section        0  stm32f4xx_hal_sd.o(i.SD_DMATxAbort)
    SD_DMATxAbort                            0x08002ca9   Thumb Code    68  stm32f4xx_hal_sd.o(i.SD_DMATxAbort)
    i.SD_InitCard                            0x08002cec   Section        0  stm32f4xx_hal_sd.o(i.SD_InitCard)
    SD_InitCard                              0x08002ced   Thumb Code   238  stm32f4xx_hal_sd.o(i.SD_InitCard)
    i.SD_PowerON                             0x08002ddc   Section        0  stm32f4xx_hal_sd.o(i.SD_PowerON)
    SD_PowerON                               0x08002ddd   Thumb Code   174  stm32f4xx_hal_sd.o(i.SD_PowerON)
    i.SD_initialize                          0x08002e90   Section        0  sd_diskio.o(i.SD_initialize)
    i.SD_ioctl                               0x08002eb0   Section        0  sd_diskio.o(i.SD_ioctl)
    i.SD_read                                0x08002f00   Section        0  sd_diskio.o(i.SD_read)
    i.SD_status                              0x08002f26   Section        0  sd_diskio.o(i.SD_status)
    i.SD_write                               0x08002f2c   Section        0  sd_diskio.o(i.SD_write)
    i.SPI_EndRxTxTransaction                 0x08002f54   Section        0  stm32f4xx_hal_spi.o(i.SPI_EndRxTxTransaction)
    SPI_EndRxTxTransaction                   0x08002f55   Thumb Code    98  stm32f4xx_hal_spi.o(i.SPI_EndRxTxTransaction)
    i.SPI_WaitFlagStateUntilTimeout          0x08002fc0   Section        0  stm32f4xx_hal_spi.o(i.SPI_WaitFlagStateUntilTimeout)
    SPI_WaitFlagStateUntilTimeout            0x08002fc1   Thumb Code   180  stm32f4xx_hal_spi.o(i.SPI_WaitFlagStateUntilTimeout)
    i.SVC_Handler                            0x08003078   Section        0  stm32f4xx_it.o(i.SVC_Handler)
    i.SysTick_Handler                        0x0800307a   Section        0  stm32f4xx_it.o(i.SysTick_Handler)
    i.SystemClock_Config                     0x08003080   Section        0  main.o(i.SystemClock_Config)
    i.SystemInit                             0x08003114   Section        0  system_stm32f4xx.o(i.SystemInit)
    i.UART_DMAAbortOnError                   0x08003124   Section        0  stm32f4xx_hal_uart.o(i.UART_DMAAbortOnError)
    UART_DMAAbortOnError                     0x08003125   Thumb Code    16  stm32f4xx_hal_uart.o(i.UART_DMAAbortOnError)
    i.UART_EndRxTransfer                     0x08003134   Section        0  stm32f4xx_hal_uart.o(i.UART_EndRxTransfer)
    UART_EndRxTransfer                       0x08003135   Thumb Code    78  stm32f4xx_hal_uart.o(i.UART_EndRxTransfer)
    i.UART_Receive_IT                        0x08003182   Section        0  stm32f4xx_hal_uart.o(i.UART_Receive_IT)
    UART_Receive_IT                          0x08003183   Thumb Code   194  stm32f4xx_hal_uart.o(i.UART_Receive_IT)
    i.UART_SetConfig                         0x08003244   Section        0  stm32f4xx_hal_uart.o(i.UART_SetConfig)
    UART_SetConfig                           0x08003245   Thumb Code   258  stm32f4xx_hal_uart.o(i.UART_SetConfig)
    i.UART_WaitOnFlagUntilTimeout            0x08003350   Section        0  stm32f4xx_hal_uart.o(i.UART_WaitOnFlagUntilTimeout)
    UART_WaitOnFlagUntilTimeout              0x08003351   Thumb Code   114  stm32f4xx_hal_uart.o(i.UART_WaitOnFlagUntilTimeout)
    i.USART1_IRQHandler                      0x080033c4   Section        0  stm32f4xx_it.o(i.USART1_IRQHandler)
    i.UsageFault_Handler                     0x080033d0   Section        0  stm32f4xx_it.o(i.UsageFault_Handler)
    i.__0printf                              0x080033d4   Section        0  printfa.o(i.__0printf)
    i.__0vsnprintf                           0x080033f4   Section        0  printfa.o(i.__0vsnprintf)
    i.__NVIC_SetPriority                     0x08003428   Section        0  stm32f4xx_hal_cortex.o(i.__NVIC_SetPriority)
    __NVIC_SetPriority                       0x08003429   Thumb Code    32  stm32f4xx_hal_cortex.o(i.__NVIC_SetPriority)
    i.__scatterload_copy                     0x08003448   Section       14  handlers.o(i.__scatterload_copy)
    i.__scatterload_null                     0x08003456   Section        2  handlers.o(i.__scatterload_null)
    i.__scatterload_zeroinit                 0x08003458   Section       14  handlers.o(i.__scatterload_zeroinit)
    i._fp_digits                             0x08003468   Section        0  printfa.o(i._fp_digits)
    _fp_digits                               0x08003469   Thumb Code   366  printfa.o(i._fp_digits)
    i._printf_core                           0x080035ec   Section        0  printfa.o(i._printf_core)
    _printf_core                             0x080035ed   Thumb Code  1704  printfa.o(i._printf_core)
    i._printf_post_padding                   0x08003ca0   Section        0  printfa.o(i._printf_post_padding)
    _printf_post_padding                     0x08003ca1   Thumb Code    36  printfa.o(i._printf_post_padding)
    i._printf_pre_padding                    0x08003cc4   Section        0  printfa.o(i._printf_pre_padding)
    _printf_pre_padding                      0x08003cc5   Thumb Code    46  printfa.o(i._printf_pre_padding)
    i._snputc                                0x08003cf2   Section        0  printfa.o(i._snputc)
    _snputc                                  0x08003cf3   Thumb Code    22  printfa.o(i._snputc)
    i.app_fatfs                              0x08003d08   Section        0  fatfs.o(i.app_fatfs)
    i.app_main                               0x08003f18   Section        0  fatfs.o(i.app_main)
    i.check_fs                               0x08003f68   Section        0  ff.o(i.check_fs)
    check_fs                                 0x08003f69   Thumb Code   102  ff.o(i.check_fs)
    i.chk_lock                               0x08003fd8   Section        0  ff.o(i.chk_lock)
    chk_lock                                 0x08003fd9   Thumb Code    86  ff.o(i.chk_lock)
    i.clear_lock                             0x08004034   Section        0  ff.o(i.clear_lock)
    clear_lock                               0x08004035   Thumb Code    28  ff.o(i.clear_lock)
    i.clmt_clust                             0x08004054   Section        0  ff.o(i.clmt_clust)
    clmt_clust                               0x08004055   Thumb Code    36  ff.o(i.clmt_clust)
    i.clust2sect                             0x08004078   Section        0  ff.o(i.clust2sect)
    clust2sect                               0x08004079   Thumb Code    24  ff.o(i.clust2sect)
    i.create_chain                           0x08004090   Section        0  ff.o(i.create_chain)
    create_chain                             0x08004091   Thumb Code   164  ff.o(i.create_chain)
    i.create_name                            0x08004134   Section        0  ff.o(i.create_name)
    create_name                              0x08004135   Thumb Code   168  ff.o(i.create_name)
    i.dec_lock                               0x080041f0   Section        0  ff.o(i.dec_lock)
    dec_lock                                 0x080041f1   Thumb Code    48  ff.o(i.dec_lock)
    i.dir_find                               0x08004224   Section        0  ff.o(i.dir_find)
    dir_find                                 0x08004225   Thumb Code   100  ff.o(i.dir_find)
    i.dir_next                               0x08004288   Section        0  ff.o(i.dir_next)
    dir_next                                 0x08004289   Thumb Code   244  ff.o(i.dir_next)
    i.dir_register                           0x0800437c   Section        0  ff.o(i.dir_register)
    dir_register                             0x0800437d   Thumb Code   102  ff.o(i.dir_register)
    i.dir_sdi                                0x080043e2   Section        0  ff.o(i.dir_sdi)
    dir_sdi                                  0x080043e3   Thumb Code   130  ff.o(i.dir_sdi)
    i.disk_initialize                        0x08004464   Section        0  diskio.o(i.disk_initialize)
    i.disk_ioctl                             0x08004490   Section        0  diskio.o(i.disk_ioctl)
    i.disk_read                              0x080044ac   Section        0  diskio.o(i.disk_read)
    i.disk_status                            0x080044c8   Section        0  diskio.o(i.disk_status)
    i.disk_write                             0x080044e0   Section        0  diskio.o(i.disk_write)
    i.f_close                                0x080044fc   Section        0  ff.o(i.f_close)
    i.f_mount                                0x08004524   Section        0  ff.o(i.f_mount)
    i.f_open                                 0x0800457c   Section        0  ff.o(i.f_open)
    i.f_read                                 0x08004788   Section        0  ff.o(i.f_read)
    i.f_sync                                 0x080048da   Section        0  ff.o(i.f_sync)
    i.f_write                                0x08004968   Section        0  ff.o(i.f_write)
    i.find_volume                            0x08004af8   Section        0  ff.o(i.find_volume)
    find_volume                              0x08004af9   Thumb Code   582  ff.o(i.find_volume)
    i.follow_path                            0x08004d4c   Section        0  ff.o(i.follow_path)
    follow_path                              0x08004d4d   Thumb Code   116  ff.o(i.follow_path)
    i.fputc                                  0x08004dc0   Section        0  main.o(i.fputc)
    i.get_fat                                0x08004dd8   Section        0  ff.o(i.get_fat)
    get_fat                                  0x08004dd9   Thumb Code   190  ff.o(i.get_fat)
    i.get_fattime                            0x08004e96   Section        0  fatfs.o(i.get_fattime)
    i.get_ldnumber                           0x08004e9a   Section        0  ff.o(i.get_ldnumber)
    get_ldnumber                             0x08004e9b   Thumb Code    60  ff.o(i.get_ldnumber)
    i.inc_lock                               0x08004ed8   Section        0  ff.o(i.inc_lock)
    inc_lock                                 0x08004ed9   Thumb Code   124  ff.o(i.inc_lock)
    i.lcd_clear                              0x08004f58   Section        0  lcd_core.o(i.lcd_clear)
    i.lcd_config_reg_1_14                    0x08004f78   Section        0  lcd_core.o(i.lcd_config_reg_1_14)
    i.lcd_config_reg_1_47                    0x080050cc   Section        0  lcd_core.o(i.lcd_config_reg_1_47)
    i.lcd_config_reg_2_00                    0x08005230   Section        0  lcd_core.o(i.lcd_config_reg_2_00)
    i.lcd_delay                              0x08005374   Section        0  lcd_port.o(i.lcd_delay)
    i.lcd_draw_point                         0x08005378   Section        0  lcd_core.o(i.lcd_draw_point)
    i.lcd_fill                               0x08005392   Section        0  lcd_core.o(i.lcd_fill)
    i.lcd_init_dev                           0x0800542c   Section        0  lcd_core.o(i.lcd_init_dev)
    i.lcd_init_hw                            0x08005478   Section        0  lcd_core.o(i.lcd_init_hw)
    i.lcd_io_bl                              0x080054da   Section        0  lcd_port.o(i.lcd_io_bl)
    i.lcd_io_ctrl                            0x080054e0   Section        0  lcd_port.o(i.lcd_io_ctrl)
    lcd_io_ctrl                              0x080054e1   Thumb Code    32  lcd_port.o(i.lcd_io_ctrl)
    i.lcd_io_dc                              0x08005500   Section        0  lcd_port.o(i.lcd_io_dc)
    i.lcd_io_rst                             0x08005506   Section        0  lcd_port.o(i.lcd_io_rst)
    i.lcd_print                              0x0800550c   Section        0  lcd_core.o(i.lcd_print)
    i.lcd_set_address                        0x08005540   Section        0  lcd_core.o(i.lcd_set_address)
    i.lcd_set_font                           0x080055e4   Section        0  lcd_core.o(i.lcd_set_font)
    i.lcd_show_char                          0x08005600   Section        0  lcd_core.o(i.lcd_show_char)
    i.lcd_show_string                        0x0800567e   Section        0  lcd_core.o(i.lcd_show_string)
    i.lcd_spi_transmit                       0x080056bc   Section        0  lcd_port.o(i.lcd_spi_transmit)
    lcd_spi_transmit                         0x080056bd   Thumb Code    68  lcd_port.o(i.lcd_spi_transmit)
    i.lcd_write_bulk                         0x08005700   Section        0  lcd_port.o(i.lcd_write_bulk)
    i.lcd_write_byte                         0x0800571c   Section        0  lcd_port.o(i.lcd_write_byte)
    i.lcd_write_halfword                     0x08005732   Section        0  lcd_port.o(i.lcd_write_halfword)
    i.lcd_write_reg                          0x08005756   Section        0  lcd_port.o(i.lcd_write_reg)
    i.lcd_write_reg_data                     0x0800576c   Section        0  lcd_core.o(i.lcd_write_reg_data)
    i.ld_clust                               0x0800579c   Section        0  ff.o(i.ld_clust)
    ld_clust                                 0x0800579d   Thumb Code    38  ff.o(i.ld_clust)
    i.ld_dword                               0x080057c2   Section        0  ff.o(i.ld_dword)
    ld_dword                                 0x080057c3   Thumb Code    22  ff.o(i.ld_dword)
    i.ld_word                                0x080057d8   Section        0  ff.o(i.ld_word)
    ld_word                                  0x080057d9   Thumb Code    10  ff.o(i.ld_word)
    i.led_off                                0x080057e4   Section        0  main.o(i.led_off)
    i.led_on                                 0x080057f4   Section        0  main.o(i.led_on)
    i.main                                   0x08005804   Section        0  main.o(i.main)
    i.mem_cpy                                0x080058bc   Section        0  ff.o(i.mem_cpy)
    mem_cpy                                  0x080058bd   Thumb Code    18  ff.o(i.mem_cpy)
    i.mem_set                                0x080058d0   Section        0  ff.o(i.mem_set)
    mem_set                                  0x080058d1   Thumb Code    14  ff.o(i.mem_set)
    i.move_window                            0x080058de   Section        0  ff.o(i.move_window)
    move_window                              0x080058df   Thumb Code    50  ff.o(i.move_window)
    i.put_fat                                0x08005910   Section        0  ff.o(i.put_fat)
    put_fat                                  0x08005911   Thumb Code   234  ff.o(i.put_fat)
    i.remove_chain                           0x080059fa   Section        0  ff.o(i.remove_chain)
    remove_chain                             0x080059fb   Thumb Code   116  ff.o(i.remove_chain)
    i.st_clust                               0x08005a6e   Section        0  ff.o(i.st_clust)
    st_clust                                 0x08005a6f   Thumb Code    40  ff.o(i.st_clust)
    i.st_dword                               0x08005a96   Section        0  ff.o(i.st_dword)
    st_dword                                 0x08005a97   Thumb Code    16  ff.o(i.st_dword)
    i.st_word                                0x08005aa6   Section        0  ff.o(i.st_word)
    st_word                                  0x08005aa7   Thumb Code     8  ff.o(i.st_word)
    i.sync_fs                                0x08005ab0   Section        0  ff.o(i.sync_fs)
    sync_fs                                  0x08005ab1   Thumb Code   126  ff.o(i.sync_fs)
    i.sync_window                            0x08005b38   Section        0  ff.o(i.sync_window)
    sync_window                              0x08005b39   Thumb Code    82  ff.o(i.sync_window)
    i.validate                               0x08005b8a   Section        0  ff.o(i.validate)
    validate                                 0x08005b8b   Thumb Code    52  ff.o(i.validate)
    .constdata                               0x08005bc0   Section       20  sd_diskio.o(.constdata)
    .constdata                               0x08005bd4   Section        8  stm32f4xx_hal_dma.o(.constdata)
    flagBitshiftOffset                       0x08005bd4   Data           8  stm32f4xx_hal_dma.o(.constdata)
    .constdata                               0x08005bdc   Section       16  system_stm32f4xx.o(.constdata)
    .constdata                               0x08005bec   Section        8  system_stm32f4xx.o(.constdata)
    .constdata                               0x08005bf4   Section      156  ff.o(.constdata)
    ExCvt                                    0x08005bf4   Data         128  ff.o(.constdata)
    cst                                      0x08005c74   Data          14  ff.o(.constdata)
    cst32                                    0x08005c82   Data          14  ff.o(.constdata)
    .constdata                               0x08005c90   Section       64  lcd_font.o(.constdata)
    .constdata                               0x08005cd0   Section     1140  lcd_font.o(.constdata)
    .constdata                               0x08006144   Section     1520  lcd_font.o(.constdata)
    .constdata                               0x08006734   Section     4560  lcd_font.o(.constdata)
    .constdata                               0x08007904   Section     6080  lcd_font.o(.constdata)
    .conststring                             0x080090c4   Section       10  lcd_core.o(.conststring)
    .conststring                             0x080090d0   Section       10  lcd_core.o(.conststring)
    .conststring                             0x080090dc   Section       10  lcd_core.o(.conststring)
    .conststring                             0x080090e8   Section       10  lcd_core.o(.conststring)
    .data                                    0x20000000   Section       44  main.o(.data)
    .data                                    0x2000002c   Section       44  main.o(.data)
    .data                                    0x20000058   Section        1  sd_diskio.o(.data)
    Stat                                     0x20000058   Data           1  sd_diskio.o(.data)
    .data                                    0x20000059   Section        5  fatfs.o(.data)
    .data                                    0x20000060   Section       12  stm32f4xx_hal.o(.data)
    .data                                    0x2000006c   Section        4  system_stm32f4xx.o(.data)
    .data                                    0x20000070   Section        8  ff.o(.data)
    Fsid                                     0x20000070   Data           2  ff.o(.data)
    FatFs                                    0x20000074   Data           4  ff.o(.data)
    .data                                    0x20000078   Section       12  lcd_core.o(.data)
    .data                                    0x20000084   Section       12  lcd_core.o(.data)
    .data                                    0x20000090   Section       12  lcd_core.o(.data)
    .data                                    0x2000009c   Section       12  lcd_core.o(.data)
    .data                                    0x200000a8   Section       96  lcd_core.o(.data)
    .data                                    0x20000108   Section        4  stdout.o(.data)
    .bss                                     0x2000010c   Section      640  main.o(.bss)
    line_buffer                              0x2000010c   Data         640  main.o(.bss)
    .bss                                     0x2000038c   Section      132  sdio.o(.bss)
    .bss                                     0x20000410   Section       88  spi.o(.bss)
    .bss                                     0x20000468   Section      168  usart.o(.bss)
    .bss                                     0x20000510   Section      560  fatfs.o(.bss)
    .bss                                     0x20000740   Section       32  ff.o(.bss)
    Files                                    0x20000740   Data          32  ff.o(.bss)
    .bss                                     0x20000760   Section       12  ff_gen_drv.o(.bss)
    STACK                                    0x20000770   Section     4096  startup_stm32f407xx.o(STACK)

    Global Symbols

    Symbol Name                              Value     Ov Type        Size  Object(Section)

    BuildAttributes$$THM_ISAv4$E$P$D$K$B$S$7EM$VFPi3$EXTD16$VFPS$VFMA$PE$A:L22UL41UL21$X:L11$S22US41US21$IEEE1$IW$USESV6$~STKCKD$USESV7$~SHL$OSPACE$ROPI$EBA8$MICROLIB$REQ8$PRES8$EABIv2 0x00000000   Number         0  anon$$obj.o ABSOLUTE
    __ARM_use_no_argv                        0x00000000   Number         0  main.o ABSOLUTE
    __arm_fini_                               - Undefined Weak Reference
    __cpp_initialize__aeabi_                  - Undefined Weak Reference
    __cxa_finalize                            - Undefined Weak Reference
    __decompress                              - Undefined Weak Reference
    _clock_init                               - Undefined Weak Reference
    _microlib_exit                            - Undefined Weak Reference
    __Vectors_Size                           0x00000188   Number         0  startup_stm32f407xx.o ABSOLUTE
    __Vectors                                0x08000000   Data           4  startup_stm32f407xx.o(RESET)
    __Vectors_End                            0x08000188   Data           0  startup_stm32f407xx.o(RESET)
    __main                                   0x08000189   Thumb Code     0  entry.o(.ARM.Collect$$$$00000000)
    _main_stk                                0x08000189   Thumb Code     0  entry2.o(.ARM.Collect$$$$00000001)
    _main_scatterload                        0x0800018d   Thumb Code     0  entry5.o(.ARM.Collect$$$$00000004)
    __main_after_scatterload                 0x08000191   Thumb Code     0  entry5.o(.ARM.Collect$$$$00000004)
    _main_clock                              0x08000191   Thumb Code     0  entry7b.o(.ARM.Collect$$$$00000008)
    _main_cpp_init                           0x08000191   Thumb Code     0  entry8b.o(.ARM.Collect$$$$0000000A)
    _main_init                               0x08000191   Thumb Code     0  entry9a.o(.ARM.Collect$$$$0000000B)
    __rt_lib_shutdown_fini                   0x08000199   Thumb Code     0  entry12b.o(.ARM.Collect$$$$0000000E)
    __rt_final_cpp                           0x0800019d   Thumb Code     0  entry10a.o(.ARM.Collect$$$$0000000F)
    __rt_final_exit                          0x0800019d   Thumb Code     0  entry11a.o(.ARM.Collect$$$$00000011)
    Reset_Handler                            0x080001a1   Thumb Code     8  startup_stm32f407xx.o(.text)
    ADC_IRQHandler                           0x080001bb   Thumb Code     0  startup_stm32f407xx.o(.text)
    CAN1_RX0_IRQHandler                      0x080001bb   Thumb Code     0  startup_stm32f407xx.o(.text)
    CAN1_RX1_IRQHandler                      0x080001bb   Thumb Code     0  startup_stm32f407xx.o(.text)
    CAN1_SCE_IRQHandler                      0x080001bb   Thumb Code     0  startup_stm32f407xx.o(.text)
    CAN1_TX_IRQHandler                       0x080001bb   Thumb Code     0  startup_stm32f407xx.o(.text)
    CAN2_RX0_IRQHandler                      0x080001bb   Thumb Code     0  startup_stm32f407xx.o(.text)
    CAN2_RX1_IRQHandler                      0x080001bb   Thumb Code     0  startup_stm32f407xx.o(.text)
    CAN2_SCE_IRQHandler                      0x080001bb   Thumb Code     0  startup_stm32f407xx.o(.text)
    CAN2_TX_IRQHandler                       0x080001bb   Thumb Code     0  startup_stm32f407xx.o(.text)
    DCMI_IRQHandler                          0x080001bb   Thumb Code     0  startup_stm32f407xx.o(.text)
    DMA1_Stream0_IRQHandler                  0x080001bb   Thumb Code     0  startup_stm32f407xx.o(.text)
    DMA1_Stream1_IRQHandler                  0x080001bb   Thumb Code     0  startup_stm32f407xx.o(.text)
    DMA1_Stream2_IRQHandler                  0x080001bb   Thumb Code     0  startup_stm32f407xx.o(.text)
    DMA1_Stream3_IRQHandler                  0x080001bb   Thumb Code     0  startup_stm32f407xx.o(.text)
    DMA1_Stream4_IRQHandler                  0x080001bb   Thumb Code     0  startup_stm32f407xx.o(.text)
    DMA1_Stream5_IRQHandler                  0x080001bb   Thumb Code     0  startup_stm32f407xx.o(.text)
    DMA1_Stream6_IRQHandler                  0x080001bb   Thumb Code     0  startup_stm32f407xx.o(.text)
    DMA1_Stream7_IRQHandler                  0x080001bb   Thumb Code     0  startup_stm32f407xx.o(.text)
    DMA2_Stream0_IRQHandler                  0x080001bb   Thumb Code     0  startup_stm32f407xx.o(.text)
    DMA2_Stream1_IRQHandler                  0x080001bb   Thumb Code     0  startup_stm32f407xx.o(.text)
    DMA2_Stream2_IRQHandler                  0x080001bb   Thumb Code     0  startup_stm32f407xx.o(.text)
    DMA2_Stream3_IRQHandler                  0x080001bb   Thumb Code     0  startup_stm32f407xx.o(.text)
    DMA2_Stream4_IRQHandler                  0x080001bb   Thumb Code     0  startup_stm32f407xx.o(.text)
    DMA2_Stream5_IRQHandler                  0x080001bb   Thumb Code     0  startup_stm32f407xx.o(.text)
    DMA2_Stream6_IRQHandler                  0x080001bb   Thumb Code     0  startup_stm32f407xx.o(.text)
    ETH_IRQHandler                           0x080001bb   Thumb Code     0  startup_stm32f407xx.o(.text)
    ETH_WKUP_IRQHandler                      0x080001bb   Thumb Code     0  startup_stm32f407xx.o(.text)
    EXTI0_IRQHandler                         0x080001bb   Thumb Code     0  startup_stm32f407xx.o(.text)
    EXTI15_10_IRQHandler                     0x080001bb   Thumb Code     0  startup_stm32f407xx.o(.text)
    EXTI1_IRQHandler                         0x080001bb   Thumb Code     0  startup_stm32f407xx.o(.text)
    EXTI2_IRQHandler                         0x080001bb   Thumb Code     0  startup_stm32f407xx.o(.text)
    EXTI3_IRQHandler                         0x080001bb   Thumb Code     0  startup_stm32f407xx.o(.text)
    EXTI4_IRQHandler                         0x080001bb   Thumb Code     0  startup_stm32f407xx.o(.text)
    EXTI9_5_IRQHandler                       0x080001bb   Thumb Code     0  startup_stm32f407xx.o(.text)
    FLASH_IRQHandler                         0x080001bb   Thumb Code     0  startup_stm32f407xx.o(.text)
    FMC_IRQHandler                           0x080001bb   Thumb Code     0  startup_stm32f407xx.o(.text)
    FPU_IRQHandler                           0x080001bb   Thumb Code     0  startup_stm32f407xx.o(.text)
    HASH_RNG_IRQHandler                      0x080001bb   Thumb Code     0  startup_stm32f407xx.o(.text)
    I2C1_ER_IRQHandler                       0x080001bb   Thumb Code     0  startup_stm32f407xx.o(.text)
    I2C1_EV_IRQHandler                       0x080001bb   Thumb Code     0  startup_stm32f407xx.o(.text)
    I2C2_ER_IRQHandler                       0x080001bb   Thumb Code     0  startup_stm32f407xx.o(.text)
    I2C2_EV_IRQHandler                       0x080001bb   Thumb Code     0  startup_stm32f407xx.o(.text)
    I2C3_ER_IRQHandler                       0x080001bb   Thumb Code     0  startup_stm32f407xx.o(.text)
    I2C3_EV_IRQHandler                       0x080001bb   Thumb Code     0  startup_stm32f407xx.o(.text)
    OTG_FS_IRQHandler                        0x080001bb   Thumb Code     0  startup_stm32f407xx.o(.text)
    OTG_FS_WKUP_IRQHandler                   0x080001bb   Thumb Code     0  startup_stm32f407xx.o(.text)
    OTG_HS_EP1_IN_IRQHandler                 0x080001bb   Thumb Code     0  startup_stm32f407xx.o(.text)
    OTG_HS_EP1_OUT_IRQHandler                0x080001bb   Thumb Code     0  startup_stm32f407xx.o(.text)
    OTG_HS_IRQHandler                        0x080001bb   Thumb Code     0  startup_stm32f407xx.o(.text)
    OTG_HS_WKUP_IRQHandler                   0x080001bb   Thumb Code     0  startup_stm32f407xx.o(.text)
    PVD_IRQHandler                           0x080001bb   Thumb Code     0  startup_stm32f407xx.o(.text)
    RCC_IRQHandler                           0x080001bb   Thumb Code     0  startup_stm32f407xx.o(.text)
    RTC_Alarm_IRQHandler                     0x080001bb   Thumb Code     0  startup_stm32f407xx.o(.text)
    RTC_WKUP_IRQHandler                      0x080001bb   Thumb Code     0  startup_stm32f407xx.o(.text)
    SPI1_IRQHandler                          0x080001bb   Thumb Code     0  startup_stm32f407xx.o(.text)
    SPI2_IRQHandler                          0x080001bb   Thumb Code     0  startup_stm32f407xx.o(.text)
    SPI3_IRQHandler                          0x080001bb   Thumb Code     0  startup_stm32f407xx.o(.text)
    TAMP_STAMP_IRQHandler                    0x080001bb   Thumb Code     0  startup_stm32f407xx.o(.text)
    TIM1_BRK_TIM9_IRQHandler                 0x080001bb   Thumb Code     0  startup_stm32f407xx.o(.text)
    TIM1_CC_IRQHandler                       0x080001bb   Thumb Code     0  startup_stm32f407xx.o(.text)
    TIM1_TRG_COM_TIM11_IRQHandler            0x080001bb   Thumb Code     0  startup_stm32f407xx.o(.text)
    TIM1_UP_TIM10_IRQHandler                 0x080001bb   Thumb Code     0  startup_stm32f407xx.o(.text)
    TIM2_IRQHandler                          0x080001bb   Thumb Code     0  startup_stm32f407xx.o(.text)
    TIM3_IRQHandler                          0x080001bb   Thumb Code     0  startup_stm32f407xx.o(.text)
    TIM4_IRQHandler                          0x080001bb   Thumb Code     0  startup_stm32f407xx.o(.text)
    TIM5_IRQHandler                          0x080001bb   Thumb Code     0  startup_stm32f407xx.o(.text)
    TIM6_DAC_IRQHandler                      0x080001bb   Thumb Code     0  startup_stm32f407xx.o(.text)
    TIM7_IRQHandler                          0x080001bb   Thumb Code     0  startup_stm32f407xx.o(.text)
    TIM8_BRK_TIM12_IRQHandler                0x080001bb   Thumb Code     0  startup_stm32f407xx.o(.text)
    TIM8_CC_IRQHandler                       0x080001bb   Thumb Code     0  startup_stm32f407xx.o(.text)
    TIM8_TRG_COM_TIM14_IRQHandler            0x080001bb   Thumb Code     0  startup_stm32f407xx.o(.text)
    TIM8_UP_TIM13_IRQHandler                 0x080001bb   Thumb Code     0  startup_stm32f407xx.o(.text)
    UART4_IRQHandler                         0x080001bb   Thumb Code     0  startup_stm32f407xx.o(.text)
    UART5_IRQHandler                         0x080001bb   Thumb Code     0  startup_stm32f407xx.o(.text)
    USART2_IRQHandler                        0x080001bb   Thumb Code     0  startup_stm32f407xx.o(.text)
    USART3_IRQHandler                        0x080001bb   Thumb Code     0  startup_stm32f407xx.o(.text)
    USART6_IRQHandler                        0x080001bb   Thumb Code     0  startup_stm32f407xx.o(.text)
    WWDG_IRQHandler                          0x080001bb   Thumb Code     0  startup_stm32f407xx.o(.text)
    __aeabi_uldivmod                         0x080001c5   Thumb Code    98  uldiv.o(.text)
    __aeabi_memcpy                           0x08000227   Thumb Code    36  memcpya.o(.text)
    __aeabi_memcpy4                          0x08000227   Thumb Code     0  memcpya.o(.text)
    __aeabi_memcpy8                          0x08000227   Thumb Code     0  memcpya.o(.text)
    __aeabi_memset                           0x0800024b   Thumb Code    14  memseta.o(.text)
    __aeabi_memset4                          0x0800024b   Thumb Code     0  memseta.o(.text)
    __aeabi_memset8                          0x0800024b   Thumb Code     0  memseta.o(.text)
    __aeabi_memclr                           0x08000259   Thumb Code     4  memseta.o(.text)
    __aeabi_memclr4                          0x08000259   Thumb Code     0  memseta.o(.text)
    __aeabi_memclr8                          0x08000259   Thumb Code     0  memseta.o(.text)
    _memset$wrapper                          0x0800025d   Thumb Code    18  memseta.o(.text)
    __aeabi_uidiv                            0x0800026f   Thumb Code     0  uidiv.o(.text)
    __aeabi_uidivmod                         0x0800026f   Thumb Code    44  uidiv.o(.text)
    __aeabi_llsl                             0x0800029b   Thumb Code    30  llshl.o(.text)
    _ll_shift_l                              0x0800029b   Thumb Code     0  llshl.o(.text)
    __aeabi_llsr                             0x080002b9   Thumb Code    32  llushr.o(.text)
    _ll_ushift_r                             0x080002b9   Thumb Code     0  llushr.o(.text)
    __I$use$fp                               0x080002d9   Thumb Code     0  iusefp.o(.text)
    __aeabi_dadd                             0x080002d9   Thumb Code   322  dadd.o(.text)
    __aeabi_dsub                             0x0800041b   Thumb Code     6  dadd.o(.text)
    __aeabi_drsub                            0x08000421   Thumb Code     6  dadd.o(.text)
    __aeabi_dmul                             0x08000427   Thumb Code   228  dmul.o(.text)
    __aeabi_ddiv                             0x0800050b   Thumb Code   222  ddiv.o(.text)
    __aeabi_d2ulz                            0x080005e9   Thumb Code    48  dfixul.o(.text)
    __aeabi_cdrcmple                         0x08000619   Thumb Code    48  cdrcmple.o(.text)
    __scatterload                            0x08000649   Thumb Code    28  init.o(.text)
    __scatterload_rt2                        0x08000649   Thumb Code     0  init.o(.text)
    __aeabi_lasr                             0x0800066d   Thumb Code    36  llsshr.o(.text)
    _ll_sshift_r                             0x0800066d   Thumb Code     0  llsshr.o(.text)
    _double_round                            0x08000691   Thumb Code    30  depilogue.o(.text)
    _double_epilogue                         0x080006af   Thumb Code   156  depilogue.o(.text)
    BSP_SD_AbortCallback                     0x0800074b   Thumb Code     2  bsp_driver_sd.o(i.BSP_SD_AbortCallback)
    BSP_SD_GetCardInfo                       0x0800074d   Thumb Code     8  bsp_driver_sd.o(i.BSP_SD_GetCardInfo)
    BSP_SD_GetCardState                      0x08000759   Thumb Code    20  bsp_driver_sd.o(i.BSP_SD_GetCardState)
    BSP_SD_Init                              0x08000771   Thumb Code    24  bsp_driver_sd.o(i.BSP_SD_Init)
    BSP_SD_IsDetected                        0x0800078d   Thumb Code    14  bsp_driver_sd.o(i.BSP_SD_IsDetected)
    BSP_SD_ReadBlocks                        0x0800079d   Thumb Code    26  bsp_driver_sd.o(i.BSP_SD_ReadBlocks)
    BSP_SD_ReadCpltCallback                  0x080007bd   Thumb Code     2  bsp_driver_sd.o(i.BSP_SD_ReadCpltCallback)
    BSP_SD_WriteBlocks                       0x080007c1   Thumb Code    26  bsp_driver_sd.o(i.BSP_SD_WriteBlocks)
    BSP_SD_WriteCpltCallback                 0x080007e1   Thumb Code     2  bsp_driver_sd.o(i.BSP_SD_WriteCpltCallback)
    BusFault_Handler                         0x080007e3   Thumb Code     2  stm32f4xx_it.o(i.BusFault_Handler)
    DMA2_Stream7_IRQHandler                  0x080007e5   Thumb Code     6  stm32f4xx_it.o(i.DMA2_Stream7_IRQHandler)
    DebugMon_Handler                         0x0800086d   Thumb Code     2  stm32f4xx_it.o(i.DebugMon_Handler)
    Error_Handler                            0x0800086f   Thumb Code     4  main.o(i.Error_Handler)
    FATFS_LinkDriver                         0x08000873   Thumb Code     6  ff_gen_drv.o(i.FATFS_LinkDriver)
    FATFS_LinkDriverEx                       0x08000879   Thumb Code    58  ff_gen_drv.o(i.FATFS_LinkDriverEx)
    HAL_DMA_Abort                            0x080008b9   Thumb Code   146  stm32f4xx_hal_dma.o(i.HAL_DMA_Abort)
    HAL_DMA_Abort_IT                         0x0800094b   Thumb Code    36  stm32f4xx_hal_dma.o(i.HAL_DMA_Abort_IT)
    HAL_DMA_IRQHandler                       0x08000971   Thumb Code   412  stm32f4xx_hal_dma.o(i.HAL_DMA_IRQHandler)
    HAL_DMA_Init                             0x08000b11   Thumb Code   206  stm32f4xx_hal_dma.o(i.HAL_DMA_Init)
    HAL_Delay                                0x08000be5   Thumb Code    32  stm32f4xx_hal.o(i.HAL_Delay)
    HAL_GPIO_Init                            0x08000c09   Thumb Code   450  stm32f4xx_hal_gpio.o(i.HAL_GPIO_Init)
    HAL_GPIO_WritePin                        0x08000df9   Thumb Code    10  stm32f4xx_hal_gpio.o(i.HAL_GPIO_WritePin)
    HAL_GetTick                              0x08000e05   Thumb Code     6  stm32f4xx_hal.o(i.HAL_GetTick)
    HAL_IncTick                              0x08000e11   Thumb Code    12  stm32f4xx_hal.o(i.HAL_IncTick)
    HAL_Init                                 0x08000e21   Thumb Code    48  stm32f4xx_hal.o(i.HAL_Init)
    HAL_InitTick                             0x08000e55   Thumb Code    54  stm32f4xx_hal.o(i.HAL_InitTick)
    HAL_MspInit                              0x08000e95   Thumb Code    42  stm32f4xx_hal_msp.o(i.HAL_MspInit)
    HAL_NVIC_EnableIRQ                       0x08000ec5   Thumb Code    26  stm32f4xx_hal_cortex.o(i.HAL_NVIC_EnableIRQ)
    HAL_NVIC_SetPriority                     0x08000ee1   Thumb Code    60  stm32f4xx_hal_cortex.o(i.HAL_NVIC_SetPriority)
    HAL_NVIC_SetPriorityGrouping             0x08000f21   Thumb Code    26  stm32f4xx_hal_cortex.o(i.HAL_NVIC_SetPriorityGrouping)
    HAL_RCC_ClockConfig                      0x08000f45   Thumb Code   288  stm32f4xx_hal_rcc.o(i.HAL_RCC_ClockConfig)
    HAL_RCC_GetPCLK1Freq                     0x08001079   Thumb Code    20  stm32f4xx_hal_rcc.o(i.HAL_RCC_GetPCLK1Freq)
    HAL_RCC_GetPCLK2Freq                     0x08001099   Thumb Code    20  stm32f4xx_hal_rcc.o(i.HAL_RCC_GetPCLK2Freq)
    HAL_RCC_GetSysClockFreq                  0x080010b9   Thumb Code    88  stm32f4xx_hal_rcc.o(i.HAL_RCC_GetSysClockFreq)
    HAL_RCC_OscConfig                        0x08001119   Thumb Code   856  stm32f4xx_hal_rcc.o(i.HAL_RCC_OscConfig)
    HAL_SD_AbortCallback                     0x08001485   Thumb Code     8  bsp_driver_sd.o(i.HAL_SD_AbortCallback)
    HAL_SD_ErrorCallback                     0x0800148d   Thumb Code     2  stm32f4xx_hal_sd.o(i.HAL_SD_ErrorCallback)
    HAL_SD_GetCardCSD                        0x08001491   Thumb Code   402  stm32f4xx_hal_sd.o(i.HAL_SD_GetCardCSD)
    HAL_SD_GetCardInfo                       0x08001629   Thumb Code    36  stm32f4xx_hal_sd.o(i.HAL_SD_GetCardInfo)
    HAL_SD_GetCardState                      0x0800164d   Thumb Code    44  stm32f4xx_hal_sd.o(i.HAL_SD_GetCardState)
    HAL_SD_IRQHandler                        0x08001679   Thumb Code   512  stm32f4xx_hal_sd.o(i.HAL_SD_IRQHandler)
    HAL_SD_Init                              0x08001881   Thumb Code    54  stm32f4xx_hal_sd.o(i.HAL_SD_Init)
    HAL_SD_InitCard                          0x080018b9   Thumb Code   116  stm32f4xx_hal_sd.o(i.HAL_SD_InitCard)
    HAL_SD_MspInit                           0x08001935   Thumb Code   172  sdio.o(i.HAL_SD_MspInit)
    HAL_SD_ReadBlocks                        0x080019f1   Thumb Code   476  stm32f4xx_hal_sd.o(i.HAL_SD_ReadBlocks)
    HAL_SD_RxCpltCallback                    0x08001bd1   Thumb Code     8  bsp_driver_sd.o(i.HAL_SD_RxCpltCallback)
    HAL_SD_TxCpltCallback                    0x08001bd9   Thumb Code     8  bsp_driver_sd.o(i.HAL_SD_TxCpltCallback)
    HAL_SD_WriteBlocks                       0x08001be1   Thumb Code   428  stm32f4xx_hal_sd.o(i.HAL_SD_WriteBlocks)
    HAL_SPI_Init                             0x08001d91   Thumb Code   188  stm32f4xx_hal_spi.o(i.HAL_SPI_Init)
    HAL_SPI_MspInit                          0x08001e4d   Thumb Code    92  spi.o(i.HAL_SPI_MspInit)
    HAL_SPI_Transmit                         0x08001eb5   Thumb Code   358  stm32f4xx_hal_spi.o(i.HAL_SPI_Transmit)
    HAL_SYSTICK_Config                       0x0800201b   Thumb Code    40  stm32f4xx_hal_cortex.o(i.HAL_SYSTICK_Config)
    HAL_UARTEx_RxEventCallback               0x08002043   Thumb Code     2  stm32f4xx_hal_uart.o(i.HAL_UARTEx_RxEventCallback)
    HAL_UART_ErrorCallback                   0x08002045   Thumb Code     2  stm32f4xx_hal_uart.o(i.HAL_UART_ErrorCallback)
    HAL_UART_IRQHandler                      0x08002049   Thumb Code   618  stm32f4xx_hal_uart.o(i.HAL_UART_IRQHandler)
    HAL_UART_Init                            0x080022b9   Thumb Code   100  stm32f4xx_hal_uart.o(i.HAL_UART_Init)
    HAL_UART_MspInit                         0x0800231d   Thumb Code   158  usart.o(i.HAL_UART_MspInit)
    HAL_UART_RxCpltCallback                  0x080023d1   Thumb Code     2  stm32f4xx_hal_uart.o(i.HAL_UART_RxCpltCallback)
    HAL_UART_Transmit                        0x080023d3   Thumb Code   160  stm32f4xx_hal_uart.o(i.HAL_UART_Transmit)
    HAL_UART_TxCpltCallback                  0x08002473   Thumb Code     2  stm32f4xx_hal_uart.o(i.HAL_UART_TxCpltCallback)
    HardFault_Handler                        0x08002475   Thumb Code     2  stm32f4xx_it.o(i.HardFault_Handler)
    MX_FATFS_Init                            0x08002479   Thumb Code    18  fatfs.o(i.MX_FATFS_Init)
    MX_GPIO_Init                             0x08002495   Thumb Code   196  gpio.o(i.MX_GPIO_Init)
    MX_SDIO_SD_Init                          0x08002569   Thumb Code    22  sdio.o(i.MX_SDIO_SD_Init)
    MX_SPI1_Init                             0x08002589   Thumb Code    68  spi.o(i.MX_SPI1_Init)
    MX_USART1_UART_Init                      0x080025d5   Thumb Code    48  usart.o(i.MX_USART1_UART_Init)
    MemManage_Handler                        0x0800260d   Thumb Code     2  stm32f4xx_it.o(i.MemManage_Handler)
    NMI_Handler                              0x0800260f   Thumb Code     2  stm32f4xx_it.o(i.NMI_Handler)
    PendSV_Handler                           0x08002611   Thumb Code     2  stm32f4xx_it.o(i.PendSV_Handler)
    SDIO_ConfigData                          0x08002613   Thumb Code    36  stm32f4xx_ll_sdmmc.o(i.SDIO_ConfigData)
    SDIO_GetPowerState                       0x08002637   Thumb Code     8  stm32f4xx_ll_sdmmc.o(i.SDIO_GetPowerState)
    SDIO_GetResponse                         0x0800263f   Thumb Code     6  stm32f4xx_ll_sdmmc.o(i.SDIO_GetResponse)
    SDIO_IRQHandler                          0x08002645   Thumb Code     6  stm32f4xx_it.o(i.SDIO_IRQHandler)
    SDIO_Init                                0x08002651   Thumb Code    36  stm32f4xx_ll_sdmmc.o(i.SDIO_Init)
    SDIO_PowerState_ON                       0x08002675   Thumb Code     8  stm32f4xx_ll_sdmmc.o(i.SDIO_PowerState_ON)
    SDIO_ReadFIFO                            0x0800267d   Thumb Code     6  stm32f4xx_ll_sdmmc.o(i.SDIO_ReadFIFO)
    SDIO_SendCommand                         0x08002683   Thumb Code    32  stm32f4xx_ll_sdmmc.o(i.SDIO_SendCommand)
    SDIO_WriteFIFO                           0x080026a3   Thumb Code    10  stm32f4xx_ll_sdmmc.o(i.SDIO_WriteFIFO)
    SDMMC_CmdAppCommand                      0x080026ad   Thumb Code    50  stm32f4xx_ll_sdmmc.o(i.SDMMC_CmdAppCommand)
    SDMMC_CmdAppOperCommand                  0x080026e1   Thumb Code    48  stm32f4xx_ll_sdmmc.o(i.SDMMC_CmdAppOperCommand)
    SDMMC_CmdBlockLength                     0x08002715   Thumb Code    50  stm32f4xx_ll_sdmmc.o(i.SDMMC_CmdBlockLength)
    SDMMC_CmdGoIdleState                     0x08002749   Thumb Code    74  stm32f4xx_ll_sdmmc.o(i.SDMMC_CmdGoIdleState)
    SDMMC_CmdOperCond                        0x08002799   Thumb Code    48  stm32f4xx_ll_sdmmc.o(i.SDMMC_CmdOperCond)
    SDMMC_CmdReadMultiBlock                  0x080027c9   Thumb Code    50  stm32f4xx_ll_sdmmc.o(i.SDMMC_CmdReadMultiBlock)
    SDMMC_CmdReadSingleBlock                 0x080027fb   Thumb Code    50  stm32f4xx_ll_sdmmc.o(i.SDMMC_CmdReadSingleBlock)
    SDMMC_CmdSelDesel                        0x0800282d   Thumb Code    50  stm32f4xx_ll_sdmmc.o(i.SDMMC_CmdSelDesel)
    SDMMC_CmdSendCID                         0x0800285f   Thumb Code    44  stm32f4xx_ll_sdmmc.o(i.SDMMC_CmdSendCID)
    SDMMC_CmdSendCSD                         0x0800288b   Thumb Code    44  stm32f4xx_ll_sdmmc.o(i.SDMMC_CmdSendCSD)
    SDMMC_CmdSendStatus                      0x080028b7   Thumb Code    50  stm32f4xx_ll_sdmmc.o(i.SDMMC_CmdSendStatus)
    SDMMC_CmdSetRelAdd                       0x080028e9   Thumb Code    48  stm32f4xx_ll_sdmmc.o(i.SDMMC_CmdSetRelAdd)
    SDMMC_CmdStopTransfer                    0x08002919   Thumb Code    46  stm32f4xx_ll_sdmmc.o(i.SDMMC_CmdStopTransfer)
    SDMMC_CmdWriteMultiBlock                 0x0800294d   Thumb Code    50  stm32f4xx_ll_sdmmc.o(i.SDMMC_CmdWriteMultiBlock)
    SDMMC_CmdWriteSingleBlock                0x0800297f   Thumb Code    50  stm32f4xx_ll_sdmmc.o(i.SDMMC_CmdWriteSingleBlock)
    SDMMC_GetCmdResp1                        0x080029b1   Thumb Code   278  stm32f4xx_ll_sdmmc.o(i.SDMMC_GetCmdResp1)
    SDMMC_GetCmdResp2                        0x08002ad1   Thumb Code    76  stm32f4xx_ll_sdmmc.o(i.SDMMC_GetCmdResp2)
    SDMMC_GetCmdResp3                        0x08002b21   Thumb Code    62  stm32f4xx_ll_sdmmc.o(i.SDMMC_GetCmdResp3)
    SDMMC_GetCmdResp6                        0x08002b65   Thumb Code   130  stm32f4xx_ll_sdmmc.o(i.SDMMC_GetCmdResp6)
    SDMMC_GetCmdResp7                        0x08002bed   Thumb Code    82  stm32f4xx_ll_sdmmc.o(i.SDMMC_GetCmdResp7)
    SD_initialize                            0x08002e91   Thumb Code    28  sd_diskio.o(i.SD_initialize)
    SD_ioctl                                 0x08002eb1   Thumb Code    76  sd_diskio.o(i.SD_ioctl)
    SD_read                                  0x08002f01   Thumb Code    38  sd_diskio.o(i.SD_read)
    SD_status                                0x08002f27   Thumb Code     4  sd_diskio.o(i.SD_status)
    SD_write                                 0x08002f2d   Thumb Code    38  sd_diskio.o(i.SD_write)
    SVC_Handler                              0x08003079   Thumb Code     2  stm32f4xx_it.o(i.SVC_Handler)
    SysTick_Handler                          0x0800307b   Thumb Code     4  stm32f4xx_it.o(i.SysTick_Handler)
    SystemClock_Config                       0x08003081   Thumb Code   140  main.o(i.SystemClock_Config)
    SystemInit                               0x08003115   Thumb Code    12  system_stm32f4xx.o(i.SystemInit)
    USART1_IRQHandler                        0x080033c5   Thumb Code     6  stm32f4xx_it.o(i.USART1_IRQHandler)
    UsageFault_Handler                       0x080033d1   Thumb Code     2  stm32f4xx_it.o(i.UsageFault_Handler)
    __0printf                                0x080033d5   Thumb Code    22  printfa.o(i.__0printf)
    __1printf                                0x080033d5   Thumb Code     0  printfa.o(i.__0printf)
    __2printf                                0x080033d5   Thumb Code     0  printfa.o(i.__0printf)
    __c89printf                              0x080033d5   Thumb Code     0  printfa.o(i.__0printf)
    printf                                   0x080033d5   Thumb Code     0  printfa.o(i.__0printf)
    __0vsnprintf                             0x080033f5   Thumb Code    46  printfa.o(i.__0vsnprintf)
    __1vsnprintf                             0x080033f5   Thumb Code     0  printfa.o(i.__0vsnprintf)
    __2vsnprintf                             0x080033f5   Thumb Code     0  printfa.o(i.__0vsnprintf)
    __c89vsnprintf                           0x080033f5   Thumb Code     0  printfa.o(i.__0vsnprintf)
    vsnprintf                                0x080033f5   Thumb Code     0  printfa.o(i.__0vsnprintf)
    __scatterload_copy                       0x08003449   Thumb Code    14  handlers.o(i.__scatterload_copy)
    __scatterload_null                       0x08003457   Thumb Code     2  handlers.o(i.__scatterload_null)
    __scatterload_zeroinit                   0x08003459   Thumb Code    14  handlers.o(i.__scatterload_zeroinit)
    app_fatfs                                0x08003d09   Thumb Code   204  fatfs.o(i.app_fatfs)
    app_main                                 0x08003f19   Thumb Code    22  fatfs.o(i.app_main)
    disk_initialize                          0x08004465   Thumb Code    38  diskio.o(i.disk_initialize)
    disk_ioctl                               0x08004491   Thumb Code    24  diskio.o(i.disk_ioctl)
    disk_read                                0x080044ad   Thumb Code    24  diskio.o(i.disk_read)
    disk_status                              0x080044c9   Thumb Code    18  diskio.o(i.disk_status)
    disk_write                               0x080044e1   Thumb Code    24  diskio.o(i.disk_write)
    f_close                                  0x080044fd   Thumb Code    40  ff.o(i.f_close)
    f_mount                                  0x08004525   Thumb Code    84  ff.o(i.f_mount)
    f_open                                   0x0800457d   Thumb Code   520  ff.o(i.f_open)
    f_read                                   0x08004789   Thumb Code   338  ff.o(i.f_read)
    f_sync                                   0x080048db   Thumb Code   142  ff.o(i.f_sync)
    f_write                                  0x08004969   Thumb Code   398  ff.o(i.f_write)
    fputc                                    0x08004dc1   Thumb Code    20  main.o(i.fputc)
    get_fattime                              0x08004e97   Thumb Code     4  fatfs.o(i.get_fattime)
    lcd_clear                                0x08004f59   Thumb Code    30  lcd_core.o(i.lcd_clear)
    lcd_config_reg_1_14                      0x08004f79   Thumb Code   336  lcd_core.o(i.lcd_config_reg_1_14)
    lcd_config_reg_1_47                      0x080050cd   Thumb Code   352  lcd_core.o(i.lcd_config_reg_1_47)
    lcd_config_reg_2_00                      0x08005231   Thumb Code   318  lcd_core.o(i.lcd_config_reg_2_00)
    lcd_delay                                0x08005375   Thumb Code     4  lcd_port.o(i.lcd_delay)
    lcd_draw_point                           0x08005379   Thumb Code    26  lcd_core.o(i.lcd_draw_point)
    lcd_fill                                 0x08005393   Thumb Code   154  lcd_core.o(i.lcd_fill)
    lcd_init_dev                             0x0800542d   Thumb Code    70  lcd_core.o(i.lcd_init_dev)
    lcd_init_hw                              0x08005479   Thumb Code    98  lcd_core.o(i.lcd_init_hw)
    lcd_io_bl                                0x080054db   Thumb Code     6  lcd_port.o(i.lcd_io_bl)
    lcd_io_dc                                0x08005501   Thumb Code     6  lcd_port.o(i.lcd_io_dc)
    lcd_io_rst                               0x08005507   Thumb Code     6  lcd_port.o(i.lcd_io_rst)
    lcd_print                                0x0800550d   Thumb Code    52  lcd_core.o(i.lcd_print)
    lcd_set_address                          0x08005541   Thumb Code   158  lcd_core.o(i.lcd_set_address)
    lcd_set_font                             0x080055e5   Thumb Code    24  lcd_core.o(i.lcd_set_font)
    lcd_show_char                            0x08005601   Thumb Code   126  lcd_core.o(i.lcd_show_char)
    lcd_show_string                          0x0800567f   Thumb Code    62  lcd_core.o(i.lcd_show_string)
    lcd_write_bulk                           0x08005701   Thumb Code    28  lcd_port.o(i.lcd_write_bulk)
    lcd_write_byte                           0x0800571d   Thumb Code    22  lcd_port.o(i.lcd_write_byte)
    lcd_write_halfword                       0x08005733   Thumb Code    36  lcd_port.o(i.lcd_write_halfword)
    lcd_write_reg                            0x08005757   Thumb Code    22  lcd_port.o(i.lcd_write_reg)
    lcd_write_reg_data                       0x0800576d   Thumb Code    48  lcd_core.o(i.lcd_write_reg_data)
    led_off                                  0x080057e5   Thumb Code    10  main.o(i.led_off)
    led_on                                   0x080057f5   Thumb Code    10  main.o(i.led_on)
    main                                     0x08005805   Thumb Code   110  main.o(i.main)
    SD_Driver                                0x08005bc0   Data          20  sd_diskio.o(.constdata)
    AHBPrescTable                            0x08005bdc   Data          16  system_stm32f4xx.o(.constdata)
    APBPrescTable                            0x08005bec   Data           8  system_stm32f4xx.o(.constdata)
    lcd_fonts                                0x08005c90   Data          64  lcd_font.o(.constdata)
    ascii_1206                               0x08005cd0   Data        1140  lcd_font.o(.constdata)
    ascii_1608                               0x08006144   Data        1520  lcd_font.o(.constdata)
    ascii_2412                               0x08006734   Data        4560  lcd_font.o(.constdata)
    ascii_3216                               0x08007904   Data        6080  lcd_font.o(.constdata)
    Region$$Table$$Base                      0x080090f4   Number         0  anon$$obj.o(Region$$Table)
    Region$$Table$$Limit                     0x08009114   Number         0  anon$$obj.o(Region$$Table)
    lcd_io_desc                              0x20000000   Data          44  main.o(.data)
    lcd_desc                                 0x2000002c   Data          44  main.o(.data)
    retSD                                    0x20000059   Data           1  fatfs.o(.data)
    SDPath                                   0x2000005a   Data           4  fatfs.o(.data)
    uwTickFreq                               0x20000060   Data           1  stm32f4xx_hal.o(.data)
    uwTickPrio                               0x20000064   Data           4  stm32f4xx_hal.o(.data)
    uwTick                                   0x20000068   Data           4  stm32f4xx_hal.o(.data)
    SystemCoreClock                          0x2000006c   Data           4  system_stm32f4xx.o(.data)
    lcd_hw_0_96                              0x20000078   Data          12  lcd_core.o(.data)
    lcd_hw_1_14                              0x20000084   Data          12  lcd_core.o(.data)
    lcd_hw_1_47                              0x20000090   Data          12  lcd_core.o(.data)
    lcd_hw_2_00                              0x2000009c   Data          12  lcd_core.o(.data)
    lcd_hw_desc                              0x200000a8   Data          16  lcd_core.o(.data)
    lcd_cfg_order                            0x200000b8   Data          16  lcd_core.o(.data)
    lcd_cfg_address                          0x200000c8   Data          64  lcd_core.o(.data)
    __stdout                                 0x20000108   Data           4  stdout.o(.data)
    hsd                                      0x2000038c   Data         132  sdio.o(.bss)
    hspi1                                    0x20000410   Data          88  spi.o(.bss)
    huart1                                   0x20000468   Data          72  usart.o(.bss)
    hdma_usart1_tx                           0x200004b0   Data          96  usart.o(.bss)
    SDFatFS                                  0x20000510   Data         560  fatfs.o(.bss)
    disk                                     0x20000760   Data          12  ff_gen_drv.o(.bss)
    __initial_sp                             0x20001770   Data           0  startup_stm32f407xx.o(STACK)



==============================================================================

Memory Map of the image

  Image Entry point : 0x08000189

  Load Region LR_IROM1 (Base: 0x08000000, Size: 0x00009220, Max: 0x00100000, ABSOLUTE)

    Execution Region ER_IROM1 (Exec base: 0x08000000, Load base: 0x08000000, Size: 0x00009114, Max: 0x00100000, ABSOLUTE)

    Exec Addr    Load Addr    Size         Type   Attr      Idx    E Section Name        Object

    0x08000000   0x08000000   0x00000188   Data   RO            3    RESET               startup_stm32f407xx.o
    0x08000188   0x08000188   0x00000000   Code   RO         3989  * .ARM.Collect$$$$00000000  mc_w.l(entry.o)
    0x08000188   0x08000188   0x00000004   Code   RO         4260    .ARM.Collect$$$$00000001  mc_w.l(entry2.o)
    0x0800018c   0x0800018c   0x00000004   Code   RO         4263    .ARM.Collect$$$$00000004  mc_w.l(entry5.o)
    0x08000190   0x08000190   0x00000000   Code   RO         4265    .ARM.Collect$$$$00000008  mc_w.l(entry7b.o)
    0x08000190   0x08000190   0x00000000   Code   RO         4267    .ARM.Collect$$$$0000000A  mc_w.l(entry8b.o)
    0x08000190   0x08000190   0x00000008   Code   RO         4268    .ARM.Collect$$$$0000000B  mc_w.l(entry9a.o)
    0x08000198   0x08000198   0x00000004   Code   RO         4275    .ARM.Collect$$$$0000000E  mc_w.l(entry12b.o)
    0x0800019c   0x0800019c   0x00000000   Code   RO         4270    .ARM.Collect$$$$0000000F  mc_w.l(entry10a.o)
    0x0800019c   0x0800019c   0x00000000   Code   RO         4272    .ARM.Collect$$$$00000011  mc_w.l(entry11a.o)
    0x0800019c   0x0800019c   0x00000004   Code   RO         4261    .ARM.Collect$$$$00002712  mc_w.l(entry2.o)
    0x080001a0   0x080001a0   0x00000024   Code   RO            4    .text               startup_stm32f407xx.o
    0x080001c4   0x080001c4   0x00000062   Code   RO         3992    .text               mc_w.l(uldiv.o)
    0x08000226   0x08000226   0x00000024   Code   RO         3994    .text               mc_w.l(memcpya.o)
    0x0800024a   0x0800024a   0x00000024   Code   RO         3996    .text               mc_w.l(memseta.o)
    0x0800026e   0x0800026e   0x0000002c   Code   RO         4277    .text               mc_w.l(uidiv.o)
    0x0800029a   0x0800029a   0x0000001e   Code   RO         4279    .text               mc_w.l(llshl.o)
    0x080002b8   0x080002b8   0x00000020   Code   RO         4281    .text               mc_w.l(llushr.o)
    0x080002d8   0x080002d8   0x00000000   Code   RO         4283    .text               mc_w.l(iusefp.o)
    0x080002d8   0x080002d8   0x0000014e   Code   RO         4284    .text               mf_w.l(dadd.o)
    0x08000426   0x08000426   0x000000e4   Code   RO         4286    .text               mf_w.l(dmul.o)
    0x0800050a   0x0800050a   0x000000de   Code   RO         4288    .text               mf_w.l(ddiv.o)
    0x080005e8   0x080005e8   0x00000030   Code   RO         4290    .text               mf_w.l(dfixul.o)
    0x08000618   0x08000618   0x00000030   Code   RO         4292    .text               mf_w.l(cdrcmple.o)
    0x08000648   0x08000648   0x00000024   Code   RO         4294    .text               mc_w.l(init.o)
    0x0800066c   0x0800066c   0x00000024   Code   RO         4296    .text               mc_w.l(llsshr.o)
    0x08000690   0x08000690   0x000000ba   Code   RO         4298    .text               mf_w.l(depilogue.o)
    0x0800074a   0x0800074a   0x00000002   Code   RO          643    i.BSP_SD_AbortCallback  bsp_driver_sd.o
    0x0800074c   0x0800074c   0x0000000c   Code   RO          646    i.BSP_SD_GetCardInfo  bsp_driver_sd.o
    0x08000758   0x08000758   0x00000018   Code   RO          647    i.BSP_SD_GetCardState  bsp_driver_sd.o
    0x08000770   0x08000770   0x0000001c   Code   RO          649    i.BSP_SD_Init       bsp_driver_sd.o
    0x0800078c   0x0800078c   0x0000000e   Code   RO          650    i.BSP_SD_IsDetected  bsp_driver_sd.o
    0x0800079a   0x0800079a   0x00000002   PAD
    0x0800079c   0x0800079c   0x00000020   Code   RO          651    i.BSP_SD_ReadBlocks  bsp_driver_sd.o
    0x080007bc   0x080007bc   0x00000002   Code   RO          653    i.BSP_SD_ReadCpltCallback  bsp_driver_sd.o
    0x080007be   0x080007be   0x00000002   PAD
    0x080007c0   0x080007c0   0x00000020   Code   RO          654    i.BSP_SD_WriteBlocks  bsp_driver_sd.o
    0x080007e0   0x080007e0   0x00000002   Code   RO          656    i.BSP_SD_WriteCpltCallback  bsp_driver_sd.o
    0x080007e2   0x080007e2   0x00000002   Code   RO          525    i.BusFault_Handler  stm32f4xx_it.o
    0x080007e4   0x080007e4   0x0000000c   Code   RO          526    i.DMA2_Stream7_IRQHandler  stm32f4xx_it.o
    0x080007f0   0x080007f0   0x00000028   Code   RO         1355    i.DMA_CalcBaseAndBitshift  stm32f4xx_hal_dma.o
    0x08000818   0x08000818   0x00000054   Code   RO         1356    i.DMA_CheckFifoParam  stm32f4xx_hal_dma.o
    0x0800086c   0x0800086c   0x00000002   Code   RO          527    i.DebugMon_Handler  stm32f4xx_it.o
    0x0800086e   0x0800086e   0x00000004   Code   RO           13    i.Error_Handler     main.o
    0x08000872   0x08000872   0x00000006   Code   RO         3689    i.FATFS_LinkDriver  ff_gen_drv.o
    0x08000878   0x08000878   0x00000040   Code   RO         3690    i.FATFS_LinkDriverEx  ff_gen_drv.o
    0x080008b8   0x080008b8   0x00000092   Code   RO         1358    i.HAL_DMA_Abort     stm32f4xx_hal_dma.o
    0x0800094a   0x0800094a   0x00000024   Code   RO         1359    i.HAL_DMA_Abort_IT  stm32f4xx_hal_dma.o
    0x0800096e   0x0800096e   0x00000002   PAD
    0x08000970   0x08000970   0x000001a0   Code   RO         1363    i.HAL_DMA_IRQHandler  stm32f4xx_hal_dma.o
    0x08000b10   0x08000b10   0x000000d4   Code   RO         1364    i.HAL_DMA_Init      stm32f4xx_hal_dma.o
    0x08000be4   0x08000be4   0x00000024   Code   RO         1795    i.HAL_Delay         stm32f4xx_hal.o
    0x08000c08   0x08000c08   0x000001f0   Code   RO         1251    i.HAL_GPIO_Init     stm32f4xx_hal_gpio.o
    0x08000df8   0x08000df8   0x0000000a   Code   RO         1255    i.HAL_GPIO_WritePin  stm32f4xx_hal_gpio.o
    0x08000e02   0x08000e02   0x00000002   PAD
    0x08000e04   0x08000e04   0x0000000c   Code   RO         1801    i.HAL_GetTick       stm32f4xx_hal.o
    0x08000e10   0x08000e10   0x00000010   Code   RO         1807    i.HAL_IncTick       stm32f4xx_hal.o
    0x08000e20   0x08000e20   0x00000034   Code   RO         1808    i.HAL_Init          stm32f4xx_hal.o
    0x08000e54   0x08000e54   0x00000040   Code   RO         1809    i.HAL_InitTick      stm32f4xx_hal.o
    0x08000e94   0x08000e94   0x00000030   Code   RO          619    i.HAL_MspInit       stm32f4xx_hal_msp.o
    0x08000ec4   0x08000ec4   0x0000001a   Code   RO         1643    i.HAL_NVIC_EnableIRQ  stm32f4xx_hal_cortex.o
    0x08000ede   0x08000ede   0x00000002   PAD
    0x08000ee0   0x08000ee0   0x00000040   Code   RO         1649    i.HAL_NVIC_SetPriority  stm32f4xx_hal_cortex.o
    0x08000f20   0x08000f20   0x00000024   Code   RO         1650    i.HAL_NVIC_SetPriorityGrouping  stm32f4xx_hal_cortex.o
    0x08000f44   0x08000f44   0x00000134   Code   RO          897    i.HAL_RCC_ClockConfig  stm32f4xx_hal_rcc.o
    0x08001078   0x08001078   0x00000020   Code   RO          904    i.HAL_RCC_GetPCLK1Freq  stm32f4xx_hal_rcc.o
    0x08001098   0x08001098   0x00000020   Code   RO          905    i.HAL_RCC_GetPCLK2Freq  stm32f4xx_hal_rcc.o
    0x080010b8   0x080010b8   0x00000060   Code   RO          906    i.HAL_RCC_GetSysClockFreq  stm32f4xx_hal_rcc.o
    0x08001118   0x08001118   0x0000036c   Code   RO          909    i.HAL_RCC_OscConfig  stm32f4xx_hal_rcc.o
    0x08001484   0x08001484   0x00000008   Code   RO          657    i.HAL_SD_AbortCallback  bsp_driver_sd.o
    0x0800148c   0x0800148c   0x00000002   Code   RO         2338    i.HAL_SD_ErrorCallback  stm32f4xx_hal_sd.o
    0x0800148e   0x0800148e   0x00000002   PAD
    0x08001490   0x08001490   0x00000198   Code   RO         2340    i.HAL_SD_GetCardCSD  stm32f4xx_hal_sd.o
    0x08001628   0x08001628   0x00000024   Code   RO         2341    i.HAL_SD_GetCardInfo  stm32f4xx_hal_sd.o
    0x0800164c   0x0800164c   0x0000002c   Code   RO         2342    i.HAL_SD_GetCardState  stm32f4xx_hal_sd.o
    0x08001678   0x08001678   0x00000208   Code   RO         2346    i.HAL_SD_IRQHandler  stm32f4xx_hal_sd.o
    0x08001880   0x08001880   0x00000036   Code   RO         2347    i.HAL_SD_Init       stm32f4xx_hal_sd.o
    0x080018b6   0x080018b6   0x00000002   PAD
    0x080018b8   0x080018b8   0x0000007c   Code   RO         2348    i.HAL_SD_InitCard   stm32f4xx_hal_sd.o
    0x08001934   0x08001934   0x000000bc   Code   RO          400    i.HAL_SD_MspInit    sdio.o
    0x080019f0   0x080019f0   0x000001e0   Code   RO         2351    i.HAL_SD_ReadBlocks  stm32f4xx_hal_sd.o
    0x08001bd0   0x08001bd0   0x00000008   Code   RO          658    i.HAL_SD_RxCpltCallback  bsp_driver_sd.o
    0x08001bd8   0x08001bd8   0x00000008   Code   RO          659    i.HAL_SD_TxCpltCallback  bsp_driver_sd.o
    0x08001be0   0x08001be0   0x000001b0   Code   RO         2356    i.HAL_SD_WriteBlocks  stm32f4xx_hal_sd.o
    0x08001d90   0x08001d90   0x000000bc   Code   RO         2586    i.HAL_SPI_Init      stm32f4xx_hal_spi.o
    0x08001e4c   0x08001e4c   0x00000068   Code   RO          442    i.HAL_SPI_MspInit   spi.o
    0x08001eb4   0x08001eb4   0x00000166   Code   RO         2594    i.HAL_SPI_Transmit  stm32f4xx_hal_spi.o
    0x0800201a   0x0800201a   0x00000028   Code   RO         1654    i.HAL_SYSTICK_Config  stm32f4xx_hal_cortex.o
    0x08002042   0x08002042   0x00000002   Code   RO         2909    i.HAL_UARTEx_RxEventCallback  stm32f4xx_hal_uart.o
    0x08002044   0x08002044   0x00000002   Code   RO         2923    i.HAL_UART_ErrorCallback  stm32f4xx_hal_uart.o
    0x08002046   0x08002046   0x00000002   PAD
    0x08002048   0x08002048   0x00000270   Code   RO         2926    i.HAL_UART_IRQHandler  stm32f4xx_hal_uart.o
    0x080022b8   0x080022b8   0x00000064   Code   RO         2927    i.HAL_UART_Init     stm32f4xx_hal_uart.o
    0x0800231c   0x0800231c   0x000000b4   Code   RO          484    i.HAL_UART_MspInit  usart.o
    0x080023d0   0x080023d0   0x00000002   Code   RO         2933    i.HAL_UART_RxCpltCallback  stm32f4xx_hal_uart.o
    0x080023d2   0x080023d2   0x000000a0   Code   RO         2935    i.HAL_UART_Transmit  stm32f4xx_hal_uart.o
    0x08002472   0x08002472   0x00000002   Code   RO         2938    i.HAL_UART_TxCpltCallback  stm32f4xx_hal_uart.o
    0x08002474   0x08002474   0x00000002   Code   RO          528    i.HardFault_Handler  stm32f4xx_it.o
    0x08002476   0x08002476   0x00000002   PAD
    0x08002478   0x08002478   0x0000001c   Code   RO          842    i.MX_FATFS_Init     fatfs.o
    0x08002494   0x08002494   0x000000d4   Code   RO          240    i.MX_GPIO_Init      gpio.o
    0x08002568   0x08002568   0x00000020   Code   RO          401    i.MX_SDIO_SD_Init   sdio.o
    0x08002588   0x08002588   0x0000004c   Code   RO          443    i.MX_SPI1_Init      spi.o
    0x080025d4   0x080025d4   0x00000038   Code   RO          485    i.MX_USART1_UART_Init  usart.o
    0x0800260c   0x0800260c   0x00000002   Code   RO          529    i.MemManage_Handler  stm32f4xx_it.o
    0x0800260e   0x0800260e   0x00000002   Code   RO          530    i.NMI_Handler       stm32f4xx_it.o
    0x08002610   0x08002610   0x00000002   Code   RO          531    i.PendSV_Handler    stm32f4xx_it.o
    0x08002612   0x08002612   0x00000024   Code   RO         2046    i.SDIO_ConfigData   stm32f4xx_ll_sdmmc.o
    0x08002636   0x08002636   0x00000008   Code   RO         2050    i.SDIO_GetPowerState  stm32f4xx_ll_sdmmc.o
    0x0800263e   0x0800263e   0x00000006   Code   RO         2051    i.SDIO_GetResponse  stm32f4xx_ll_sdmmc.o
    0x08002644   0x08002644   0x0000000c   Code   RO          532    i.SDIO_IRQHandler   stm32f4xx_it.o
    0x08002650   0x08002650   0x00000024   Code   RO         2052    i.SDIO_Init         stm32f4xx_ll_sdmmc.o
    0x08002674   0x08002674   0x00000008   Code   RO         2054    i.SDIO_PowerState_ON  stm32f4xx_ll_sdmmc.o
    0x0800267c   0x0800267c   0x00000006   Code   RO         2055    i.SDIO_ReadFIFO     stm32f4xx_ll_sdmmc.o
    0x08002682   0x08002682   0x00000020   Code   RO         2056    i.SDIO_SendCommand  stm32f4xx_ll_sdmmc.o
    0x080026a2   0x080026a2   0x0000000a   Code   RO         2058    i.SDIO_WriteFIFO    stm32f4xx_ll_sdmmc.o
    0x080026ac   0x080026ac   0x00000032   Code   RO         2059    i.SDMMC_CmdAppCommand  stm32f4xx_ll_sdmmc.o
    0x080026de   0x080026de   0x00000002   PAD
    0x080026e0   0x080026e0   0x00000034   Code   RO         2060    i.SDMMC_CmdAppOperCommand  stm32f4xx_ll_sdmmc.o
    0x08002714   0x08002714   0x00000032   Code   RO         2061    i.SDMMC_CmdBlockLength  stm32f4xx_ll_sdmmc.o
    0x08002746   0x08002746   0x00000002   PAD
    0x08002748   0x08002748   0x00000050   Code   RO         2066    i.SDMMC_CmdGoIdleState  stm32f4xx_ll_sdmmc.o
    0x08002798   0x08002798   0x00000030   Code   RO         2068    i.SDMMC_CmdOperCond  stm32f4xx_ll_sdmmc.o
    0x080027c8   0x080027c8   0x00000032   Code   RO         2069    i.SDMMC_CmdReadMultiBlock  stm32f4xx_ll_sdmmc.o
    0x080027fa   0x080027fa   0x00000032   Code   RO         2070    i.SDMMC_CmdReadSingleBlock  stm32f4xx_ll_sdmmc.o
    0x0800282c   0x0800282c   0x00000032   Code   RO         2073    i.SDMMC_CmdSelDesel  stm32f4xx_ll_sdmmc.o
    0x0800285e   0x0800285e   0x0000002c   Code   RO         2074    i.SDMMC_CmdSendCID  stm32f4xx_ll_sdmmc.o
    0x0800288a   0x0800288a   0x0000002c   Code   RO         2075    i.SDMMC_CmdSendCSD  stm32f4xx_ll_sdmmc.o
    0x080028b6   0x080028b6   0x00000032   Code   RO         2078    i.SDMMC_CmdSendStatus  stm32f4xx_ll_sdmmc.o
    0x080028e8   0x080028e8   0x00000030   Code   RO         2079    i.SDMMC_CmdSetRelAdd  stm32f4xx_ll_sdmmc.o
    0x08002918   0x08002918   0x00000034   Code   RO         2082    i.SDMMC_CmdStopTransfer  stm32f4xx_ll_sdmmc.o
    0x0800294c   0x0800294c   0x00000032   Code   RO         2084    i.SDMMC_CmdWriteMultiBlock  stm32f4xx_ll_sdmmc.o
    0x0800297e   0x0800297e   0x00000032   Code   RO         2085    i.SDMMC_CmdWriteSingleBlock  stm32f4xx_ll_sdmmc.o
    0x080029b0   0x080029b0   0x00000120   Code   RO         2086    i.SDMMC_GetCmdResp1  stm32f4xx_ll_sdmmc.o
    0x08002ad0   0x08002ad0   0x00000050   Code   RO         2087    i.SDMMC_GetCmdResp2  stm32f4xx_ll_sdmmc.o
    0x08002b20   0x08002b20   0x00000044   Code   RO         2088    i.SDMMC_GetCmdResp3  stm32f4xx_ll_sdmmc.o
    0x08002b64   0x08002b64   0x00000088   Code   RO         2089    i.SDMMC_GetCmdResp6  stm32f4xx_ll_sdmmc.o
    0x08002bec   0x08002bec   0x00000058   Code   RO         2090    i.SDMMC_GetCmdResp7  stm32f4xx_ll_sdmmc.o
    0x08002c44   0x08002c44   0x00000020   Code   RO          767    i.SD_CheckStatus    sd_diskio.o
    0x08002c64   0x08002c64   0x00000044   Code   RO         2361    i.SD_DMARxAbort     stm32f4xx_hal_sd.o
    0x08002ca8   0x08002ca8   0x00000044   Code   RO         2363    i.SD_DMATxAbort     stm32f4xx_hal_sd.o
    0x08002cec   0x08002cec   0x000000ee   Code   RO         2365    i.SD_InitCard       stm32f4xx_hal_sd.o
    0x08002dda   0x08002dda   0x00000002   PAD
    0x08002ddc   0x08002ddc   0x000000b4   Code   RO         2366    i.SD_PowerON        stm32f4xx_hal_sd.o
    0x08002e90   0x08002e90   0x00000020   Code   RO          768    i.SD_initialize     sd_diskio.o
    0x08002eb0   0x08002eb0   0x00000050   Code   RO          769    i.SD_ioctl          sd_diskio.o
    0x08002f00   0x08002f00   0x00000026   Code   RO          770    i.SD_read           sd_diskio.o
    0x08002f26   0x08002f26   0x00000004   Code   RO          771    i.SD_status         sd_diskio.o
    0x08002f2a   0x08002f2a   0x00000002   PAD
    0x08002f2c   0x08002f2c   0x00000026   Code   RO          772    i.SD_write          sd_diskio.o
    0x08002f52   0x08002f52   0x00000002   PAD
    0x08002f54   0x08002f54   0x0000006c   Code   RO         2624    i.SPI_EndRxTxTransaction  stm32f4xx_hal_spi.o
    0x08002fc0   0x08002fc0   0x000000b8   Code   RO         2629    i.SPI_WaitFlagStateUntilTimeout  stm32f4xx_hal_spi.o
    0x08003078   0x08003078   0x00000002   Code   RO          533    i.SVC_Handler       stm32f4xx_it.o
    0x0800307a   0x0800307a   0x00000004   Code   RO          534    i.SysTick_Handler   stm32f4xx_it.o
    0x0800307e   0x0800307e   0x00000002   PAD
    0x08003080   0x08003080   0x00000094   Code   RO           14    i.SystemClock_Config  main.o
    0x08003114   0x08003114   0x00000010   Code   RO         3261    i.SystemInit        system_stm32f4xx.o
    0x08003124   0x08003124   0x00000010   Code   RO         2940    i.UART_DMAAbortOnError  stm32f4xx_hal_uart.o
    0x08003134   0x08003134   0x0000004e   Code   RO         2950    i.UART_EndRxTransfer  stm32f4xx_hal_uart.o
    0x08003182   0x08003182   0x000000c2   Code   RO         2952    i.UART_Receive_IT   stm32f4xx_hal_uart.o
    0x08003244   0x08003244   0x0000010c   Code   RO         2953    i.UART_SetConfig    stm32f4xx_hal_uart.o
    0x08003350   0x08003350   0x00000072   Code   RO         2956    i.UART_WaitOnFlagUntilTimeout  stm32f4xx_hal_uart.o
    0x080033c2   0x080033c2   0x00000002   PAD
    0x080033c4   0x080033c4   0x0000000c   Code   RO          535    i.USART1_IRQHandler  stm32f4xx_it.o
    0x080033d0   0x080033d0   0x00000002   Code   RO          536    i.UsageFault_Handler  stm32f4xx_it.o
    0x080033d2   0x080033d2   0x00000002   PAD
    0x080033d4   0x080033d4   0x00000020   Code   RO         4233    i.__0printf         mc_w.l(printfa.o)
    0x080033f4   0x080033f4   0x00000034   Code   RO         4238    i.__0vsnprintf      mc_w.l(printfa.o)
    0x08003428   0x08003428   0x00000020   Code   RO         1656    i.__NVIC_SetPriority  stm32f4xx_hal_cortex.o
    0x08003448   0x08003448   0x0000000e   Code   RO         4302    i.__scatterload_copy  mc_w.l(handlers.o)
    0x08003456   0x08003456   0x00000002   Code   RO         4303    i.__scatterload_null  mc_w.l(handlers.o)
    0x08003458   0x08003458   0x0000000e   Code   RO         4304    i.__scatterload_zeroinit  mc_w.l(handlers.o)
    0x08003466   0x08003466   0x00000002   PAD
    0x08003468   0x08003468   0x00000184   Code   RO         4240    i._fp_digits        mc_w.l(printfa.o)
    0x080035ec   0x080035ec   0x000006b4   Code   RO         4241    i._printf_core      mc_w.l(printfa.o)
    0x08003ca0   0x08003ca0   0x00000024   Code   RO         4242    i._printf_post_padding  mc_w.l(printfa.o)
    0x08003cc4   0x08003cc4   0x0000002e   Code   RO         4243    i._printf_pre_padding  mc_w.l(printfa.o)
    0x08003cf2   0x08003cf2   0x00000016   Code   RO         4244    i._snputc           mc_w.l(printfa.o)
    0x08003d08   0x08003d08   0x00000210   Code   RO          843    i.app_fatfs         fatfs.o
    0x08003f18   0x08003f18   0x00000050   Code   RO          844    i.app_main          fatfs.o
    0x08003f68   0x08003f68   0x00000070   Code   RO         3353    i.check_fs          ff.o
    0x08003fd8   0x08003fd8   0x0000005c   Code   RO         3354    i.chk_lock          ff.o
    0x08004034   0x08004034   0x00000020   Code   RO         3355    i.clear_lock        ff.o
    0x08004054   0x08004054   0x00000024   Code   RO         3356    i.clmt_clust        ff.o
    0x08004078   0x08004078   0x00000018   Code   RO         3357    i.clust2sect        ff.o
    0x08004090   0x08004090   0x000000a4   Code   RO         3358    i.create_chain      ff.o
    0x08004134   0x08004134   0x000000bc   Code   RO         3359    i.create_name       ff.o
    0x080041f0   0x080041f0   0x00000034   Code   RO         3360    i.dec_lock          ff.o
    0x08004224   0x08004224   0x00000064   Code   RO         3361    i.dir_find          ff.o
    0x08004288   0x08004288   0x000000f4   Code   RO         3362    i.dir_next          ff.o
    0x0800437c   0x0800437c   0x00000066   Code   RO         3364    i.dir_register      ff.o
    0x080043e2   0x080043e2   0x00000082   Code   RO         3366    i.dir_sdi           ff.o
    0x08004464   0x08004464   0x0000002c   Code   RO         3298    i.disk_initialize   diskio.o
    0x08004490   0x08004490   0x0000001c   Code   RO         3299    i.disk_ioctl        diskio.o
    0x080044ac   0x080044ac   0x0000001c   Code   RO         3300    i.disk_read         diskio.o
    0x080044c8   0x080044c8   0x00000018   Code   RO         3301    i.disk_status       diskio.o
    0x080044e0   0x080044e0   0x0000001c   Code   RO         3302    i.disk_write        diskio.o
    0x080044fc   0x080044fc   0x00000028   Code   RO         3367    i.f_close           ff.o
    0x08004524   0x08004524   0x00000058   Code   RO         3374    i.f_mount           ff.o
    0x0800457c   0x0800457c   0x0000020c   Code   RO         3375    i.f_open            ff.o
    0x08004788   0x08004788   0x00000152   Code   RO         3380    i.f_read            ff.o
    0x080048da   0x080048da   0x0000008e   Code   RO         3384    i.f_sync            ff.o
    0x08004968   0x08004968   0x0000018e   Code   RO         3387    i.f_write           ff.o
    0x08004af6   0x08004af6   0x00000002   PAD
    0x08004af8   0x08004af8   0x00000254   Code   RO         3388    i.find_volume       ff.o
    0x08004d4c   0x08004d4c   0x00000074   Code   RO         3389    i.follow_path       ff.o
    0x08004dc0   0x08004dc0   0x00000018   Code   RO           15    i.fputc             main.o
    0x08004dd8   0x08004dd8   0x000000be   Code   RO         3390    i.get_fat           ff.o
    0x08004e96   0x08004e96   0x00000004   Code   RO          845    i.get_fattime       fatfs.o
    0x08004e9a   0x08004e9a   0x0000003c   Code   RO         3392    i.get_ldnumber      ff.o
    0x08004ed6   0x08004ed6   0x00000002   PAD
    0x08004ed8   0x08004ed8   0x00000080   Code   RO         3393    i.inc_lock          ff.o
    0x08004f58   0x08004f58   0x0000001e   Code   RO         3760    i.lcd_clear         lcd_core.o
    0x08004f76   0x08004f76   0x00000002   PAD
    0x08004f78   0x08004f78   0x00000154   Code   RO         3761    i.lcd_config_reg_1_14  lcd_core.o
    0x080050cc   0x080050cc   0x00000164   Code   RO         3762    i.lcd_config_reg_1_47  lcd_core.o
    0x08005230   0x08005230   0x00000144   Code   RO         3763    i.lcd_config_reg_2_00  lcd_core.o
    0x08005374   0x08005374   0x00000004   Code   RO         3910    i.lcd_delay         lcd_port.o
    0x08005378   0x08005378   0x0000001a   Code   RO         3765    i.lcd_draw_point    lcd_core.o
    0x08005392   0x08005392   0x0000009a   Code   RO         3767    i.lcd_fill          lcd_core.o
    0x0800542c   0x0800542c   0x0000004c   Code   RO         3768    i.lcd_init_dev      lcd_core.o
    0x08005478   0x08005478   0x00000062   Code   RO         3769    i.lcd_init_hw       lcd_core.o
    0x080054da   0x080054da   0x00000006   Code   RO         3911    i.lcd_io_bl         lcd_port.o
    0x080054e0   0x080054e0   0x00000020   Code   RO         3913    i.lcd_io_ctrl       lcd_port.o
    0x08005500   0x08005500   0x00000006   Code   RO         3914    i.lcd_io_dc         lcd_port.o
    0x08005506   0x08005506   0x00000006   Code   RO         3915    i.lcd_io_rst        lcd_port.o
    0x0800550c   0x0800550c   0x00000034   Code   RO         3770    i.lcd_print         lcd_core.o
    0x08005540   0x08005540   0x000000a4   Code   RO         3771    i.lcd_set_address   lcd_core.o
    0x080055e4   0x080055e4   0x0000001c   Code   RO         3772    i.lcd_set_font      lcd_core.o
    0x08005600   0x08005600   0x0000007e   Code   RO         3773    i.lcd_show_char     lcd_core.o
    0x0800567e   0x0800567e   0x0000003e   Code   RO         3775    i.lcd_show_string   lcd_core.o
    0x080056bc   0x080056bc   0x00000044   Code   RO         3916    i.lcd_spi_transmit  lcd_port.o
    0x08005700   0x08005700   0x0000001c   Code   RO         3917    i.lcd_write_bulk    lcd_port.o
    0x0800571c   0x0800571c   0x00000016   Code   RO         3918    i.lcd_write_byte    lcd_port.o
    0x08005732   0x08005732   0x00000024   Code   RO         3919    i.lcd_write_halfword  lcd_port.o
    0x08005756   0x08005756   0x00000016   Code   RO         3920    i.lcd_write_reg     lcd_port.o
    0x0800576c   0x0800576c   0x00000030   Code   RO         3776    i.lcd_write_reg_data  lcd_core.o
    0x0800579c   0x0800579c   0x00000026   Code   RO         3394    i.ld_clust          ff.o
    0x080057c2   0x080057c2   0x00000016   Code   RO         3395    i.ld_dword          ff.o
    0x080057d8   0x080057d8   0x0000000a   Code   RO         3396    i.ld_word           ff.o
    0x080057e2   0x080057e2   0x00000002   PAD
    0x080057e4   0x080057e4   0x00000010   Code   RO           16    i.led_off           main.o
    0x080057f4   0x080057f4   0x00000010   Code   RO           17    i.led_on            main.o
    0x08005804   0x08005804   0x000000b8   Code   RO           19    i.main              main.o
    0x080058bc   0x080058bc   0x00000012   Code   RO         3397    i.mem_cpy           ff.o
    0x080058ce   0x080058ce   0x00000002   PAD
    0x080058d0   0x080058d0   0x0000000e   Code   RO         3398    i.mem_set           ff.o
    0x080058de   0x080058de   0x00000032   Code   RO         3399    i.move_window       ff.o
    0x08005910   0x08005910   0x000000ea   Code   RO         3400    i.put_fat           ff.o
    0x080059fa   0x080059fa   0x00000074   Code   RO         3403    i.remove_chain      ff.o
    0x08005a6e   0x08005a6e   0x00000028   Code   RO         3404    i.st_clust          ff.o
    0x08005a96   0x08005a96   0x00000010   Code   RO         3405    i.st_dword          ff.o
    0x08005aa6   0x08005aa6   0x00000008   Code   RO         3406    i.st_word           ff.o
    0x08005aae   0x08005aae   0x00000002   PAD
    0x08005ab0   0x08005ab0   0x00000088   Code   RO         3407    i.sync_fs           ff.o
    0x08005b38   0x08005b38   0x00000052   Code   RO         3408    i.sync_window       ff.o
    0x08005b8a   0x08005b8a   0x00000034   Code   RO         3409    i.validate          ff.o
    0x08005bbe   0x08005bbe   0x00000002   PAD
    0x08005bc0   0x08005bc0   0x00000014   Data   RO          773    .constdata          sd_diskio.o
    0x08005bd4   0x08005bd4   0x00000008   Data   RO         1370    .constdata          stm32f4xx_hal_dma.o
    0x08005bdc   0x08005bdc   0x00000010   Data   RO         3262    .constdata          system_stm32f4xx.o
    0x08005bec   0x08005bec   0x00000008   Data   RO         3263    .constdata          system_stm32f4xx.o
    0x08005bf4   0x08005bf4   0x0000009c   Data   RO         3411    .constdata          ff.o
    0x08005c90   0x08005c90   0x00000040   Data   RO         3891    .constdata          lcd_font.o
    0x08005cd0   0x08005cd0   0x00000474   Data   RO         3892    .constdata          lcd_font.o
    0x08006144   0x08006144   0x000005f0   Data   RO         3893    .constdata          lcd_font.o
    0x08006734   0x08006734   0x000011d0   Data   RO         3894    .constdata          lcd_font.o
    0x08007904   0x08007904   0x000017c0   Data   RO         3895    .constdata          lcd_font.o
    0x080090c4   0x080090c4   0x0000000a   Data   RO         3777    .conststring        lcd_core.o
    0x080090ce   0x080090ce   0x00000002   PAD
    0x080090d0   0x080090d0   0x0000000a   Data   RO         3778    .conststring        lcd_core.o
    0x080090da   0x080090da   0x00000002   PAD
    0x080090dc   0x080090dc   0x0000000a   Data   RO         3779    .conststring        lcd_core.o
    0x080090e6   0x080090e6   0x00000002   PAD
    0x080090e8   0x080090e8   0x0000000a   Data   RO         3780    .conststring        lcd_core.o
    0x080090f2   0x080090f2   0x00000002   PAD
    0x080090f4   0x080090f4   0x00000020   Data   RO         4300    Region$$Table       anon$$obj.o


    Execution Region RW_IRAM1 (Exec base: 0x20000000, Load base: 0x08009114, Size: 0x00001770, Max: 0x0001c000, ABSOLUTE)

    Exec Addr    Load Addr    Size         Type   Attr      Idx    E Section Name        Object

    0x20000000   0x08009114   0x0000002c   Data   RW           22    .data               main.o
    0x2000002c   0x08009140   0x0000002c   Data   RW           23    .data               main.o
    0x20000058   0x0800916c   0x00000001   Data   RW          774    .data               sd_diskio.o
    0x20000059   0x0800916d   0x00000005   Data   RW          848    .data               fatfs.o
    0x2000005e   0x08009172   0x00000002   PAD
    0x20000060   0x08009174   0x0000000c   Data   RW         1815    .data               stm32f4xx_hal.o
    0x2000006c   0x08009180   0x00000004   Data   RW         3264    .data               system_stm32f4xx.o
    0x20000070   0x08009184   0x00000008   Data   RW         3412    .data               ff.o
    0x20000078   0x0800918c   0x0000000c   Data   RW         3781    .data               lcd_core.o
    0x20000084   0x08009198   0x0000000c   Data   RW         3782    .data               lcd_core.o
    0x20000090   0x080091a4   0x0000000c   Data   RW         3783    .data               lcd_core.o
    0x2000009c   0x080091b0   0x0000000c   Data   RW         3784    .data               lcd_core.o
    0x200000a8   0x080091bc   0x00000060   Data   RW         3785    .data               lcd_core.o
    0x20000108   0x0800921c   0x00000004   Data   RW         4276    .data               mc_w.l(stdout.o)
    0x2000010c        -       0x00000280   Zero   RW           20    .bss                main.o
    0x2000038c        -       0x00000084   Zero   RW          402    .bss                sdio.o
    0x20000410        -       0x00000058   Zero   RW          444    .bss                spi.o
    0x20000468        -       0x000000a8   Zero   RW          486    .bss                usart.o
    0x20000510        -       0x00000230   Zero   RW          846    .bss                fatfs.o
    0x20000740        -       0x00000020   Zero   RW         3410    .bss                ff.o
    0x20000760        -       0x0000000c   Zero   RW         3693    .bss                ff_gen_drv.o
    0x2000076c   0x08009220   0x00000004   PAD
    0x20000770        -       0x00001000   Zero   RW            1    STACK               startup_stm32f407xx.o


    Execution Region RW_IRAM2 (Exec base: 0x2001c000, Load base: 0x08009220, Size: 0x00000000, Max: 0x00004000, ABSOLUTE)

    **** No section assigned to this execution region ****


==============================================================================

Image component sizes


      Code (inc. data)   RO Data    RW Data    ZI Data      Debug   Object Name

       172         24          0          0          0       6967   bsp_driver_sd.o
       152         24          0          0          0       3705   diskio.o
       640        392          0          5        560       2731   fatfs.o
      4732         80        156          8         32      39722   ff.o
        70          6          0          0         12       1611   ff_gen_drv.o
       212         16          0          0          0     683919   gpio.o
      1884         30         40        144          0      14235   lcd_core.o
         0          0      13364          0          0       1388   lcd_font.o
       230          0          0          0          0       6168   lcd_port.o
       392         98          0         88        640      75436   main.o
       224         14         20          1          0       8804   sd_diskio.o
       220         26          0          0        132       1661   sdio.o
       180         20          0          0         88       1661   spi.o
        36          8        392          0       4096        828   startup_stm32f407xx.o
       180         28          0         12          0       9357   stm32f4xx_hal.o
       198         14          0          0          0      33803   stm32f4xx_hal_cortex.o
       934         16          8          0          0       5567   stm32f4xx_hal_dma.o
       506         46          0          0          0       2168   stm32f4xx_hal_gpio.o
        48          6          0          0          0        846   stm32f4xx_hal_msp.o
      1344         72          0          0          0       5192   stm32f4xx_hal_rcc.o
      2654         36          0          0          0      13407   stm32f4xx_hal_sd.o
       838         14          0          0          0       4550   stm32f4xx_hal_spi.o
      1562         16          0          0          0      10448   stm32f4xx_hal_uart.o
        56         18          0          0          0       5498   stm32f4xx_it.o
      1570         48          0          0          0      21936   stm32f4xx_ll_sdmmc.o
        16          4         24          4          0       1103   system_stm32f4xx.o
       236         30          0          0        168       1777   usart.o

    ----------------------------------------------------------------------
     19334       1086      14044        264       5732     964488   Object Totals
         0          0         32          0          0          0   (incl. Generated)
        48          0          8          2          4          0   (incl. Padding)

    ----------------------------------------------------------------------

      Code (inc. data)   RO Data    RW Data    ZI Data      Debug   Library Member Name

         0          0          0          0          0          0   entry.o
         0          0          0          0          0          0   entry10a.o
         0          0          0          0          0          0   entry11a.o
         4          0          0          0          0          0   entry12b.o
         8          4          0          0          0          0   entry2.o
         4          0          0          0          0          0   entry5.o
         0          0          0          0          0          0   entry7b.o
         0          0          0          0          0          0   entry8b.o
         8          4          0          0          0          0   entry9a.o
        30          0          0          0          0          0   handlers.o
        36          8          0          0          0         68   init.o
         0          0          0          0          0          0   iusefp.o
        30          0          0          0          0         68   llshl.o
        36          0          0          0          0         68   llsshr.o
        32          0          0          0          0         68   llushr.o
        36          0          0          0          0         68   memcpya.o
        36          0          0          0          0        108   memseta.o
      2292         96          0          0          0        612   printfa.o
         0          0          0          4          0          0   stdout.o
        44          0          0          0          0         80   uidiv.o
        98          0          0          0          0         92   uldiv.o
        48          0          0          0          0         68   cdrcmple.o
       334          0          0          0          0        148   dadd.o
       222          0          0          0          0        100   ddiv.o
       186          0          0          0          0        176   depilogue.o
        48          0          0          0          0         68   dfixul.o
       228          0          0          0          0         96   dmul.o

    ----------------------------------------------------------------------
      3762        112          0          4          0       1888   Library Totals
         2          0          0          0          0          0   (incl. Padding)

    ----------------------------------------------------------------------

      Code (inc. data)   RO Data    RW Data    ZI Data      Debug   Library Name

      2694        112          0          4          0       1232   mc_w.l
      1066          0          0          0          0        656   mf_w.l

    ----------------------------------------------------------------------
      3762        112          0          4          0       1888   Library Totals

    ----------------------------------------------------------------------

==============================================================================


      Code (inc. data)   RO Data    RW Data    ZI Data      Debug   

     23096       1198      14044        268       5732     946692   Grand Totals
     23096       1198      14044        268       5732     946692   ELF Image Totals
     23096       1198      14044        268          0          0   ROM Totals

==============================================================================

    Total RO  Size (Code + RO Data)                37140 (  36.27kB)
    Total RW  Size (RW Data + ZI Data)              6000 (   5.86kB)
    Total ROM Size (Code + RO Data + RW Data)      37408 (  36.53kB)

==============================================================================

